11-03 13:14:38.044 25247 25247 F DEBUG   :     #17 pc 000cf1eb  /system/lib/libstagefright.so (_ZN7android14MediaExtractor17CreateFromServiceERKNS_2spINS_10DataSourceEEEPKc+46)
11-03 13:14:38.045 25247 25247 F DEBUG   :     #18 pc 000028db  /system/lib/libmediaextractorservice.so (_ZN7android21MediaExtractorService13makeExtractorERKNS_2spINS_11IDataSourceEEEPKc+34)
11-03 13:14:38.045 25247 25247 F DEBUG   :     #19 pc 0008a213  /system/lib/libmedia.so (_ZN7android23BnMediaExtractorService10onTransactEjRKNS_6ParcelEPS1_j+90)
11-03 13:14:38.046 25247 25247 F DEBUG   :     #20 pc 000359c3  /system/lib/libbinder.so (_ZN7android7BBinder8transactEjRKNS_6ParcelEPS1_j+70)
11-03 13:14:38.046 25247 25247 F DEBUG   :     #21 pc 0003d1bb  /system/lib/libbinder.so (_ZN7android14IPCThreadState14executeCommandEi+702)
11-03 13:14:38.046 25247 25247 F DEBUG   :     #22 pc 0003ce07  /system/lib/libbinder.so (_ZN7android14IPCThreadState20getAndExecuteCommandEv+114)
11-03 13:14:38.047 25247 25247 F DEBUG   :     #23 pc 0003d31b  /system/lib/libbinder.so (_ZN7android14IPCThreadState14joinThreadPoolEb+46)
11-03 13:14:38.047 25247 25247 F DEBUG   :     #24 pc 00000feb  /system/bin/mediaextractor
11-03 13:14:38.047 25247 25247 F DEBUG   :     #25 pc 00016d41  /system/lib/libc.so (__libc_init+48)
11-03 13:14:38.047 25247 25247 F DEBUG   :     #26 pc 00000ea0  /system/bin/mediaextractor
11-03 13:14:38.062  1438 15839 I chatty  : uid=1000(system) Binder:1438_F expire 12 lines
11-03 13:14:38.093  1438 15844 I chatty  : uid=1000(system) Binder:1438_14 expire 12 lines
11-03 13:14:38.128  1438  1829 I chatty  : uid=1000(system) Binder:1438_6 expire 12 lines
11-03 13:14:38.151  1438  2107 I chatty  : uid=1000(system) Binder:1438_8 expire 12 lines
11-03 13:14:38.164  1438  1761 I chatty  : uid=1000(system) Thread-5 expire 2 lines
11-03 13:14:38.169  1438  1497 I chatty  : uid=1000(system) FileObserver expire 2 lines
11-03 13:14:38.237  1438  1438 I chatty  : uid=1000 system_server expire 14 lines
11-03 13:14:38.240  1438  1477 I chatty  : uid=1000(system) ActivityManager expire 83 lines
11-03 13:14:38.283  1438  2265 I chatty  : uid=1000(system) Binder:1438_B expire 4 lines
11-03 13:14:38.909  1438 19359 I chatty  : uid=1000(system) Binder:1438_17 expire 6 lines
11-03 13:14:38.982  1438 15842 I chatty  : uid=1000(system) Binder:1438_12 expire 2 lines
11-03 13:14:38.989  1438  1466 I chatty  : uid=1000(system) Binder:1438_1 expire 1 line
11-03 13:14:38.991  1438 15775 I chatty  : uid=1000(system) Binder:1438_D expire 1 line
11-03 13:14:39.075  1438  1828 I chatty  : uid=1000(system) Binder:1438_5 expire 1 line
11-03 13:14:39.079  1438  1467 I chatty  : uid=1000(system) Binder:1438_2 expire 5 lines
11-03 13:14:39.211 25256 25256 F libc    : Fatal signal 6 (SIGABRT), code -6 in tid 25256 (mediaextractor)
11-03 13:14:39.273 25274 25274 F DEBUG   : *** *** *** *** *** *** *** *** *** *** *** *** *** *** *** ***
11-03 13:14:39.274 25274 25274 F DEBUG   : Build fingerprint: 'TCL/london/london:7.0/London-V1.0.1.1B-11030239/jenkin11030239:userdebug/release-keys'
11-03 13:14:39.274 25274 25274 F DEBUG   : Revision: '0'
11-03 13:14:39.274 25274 25274 F DEBUG   : ABI: 'arm'
11-03 13:14:39.275 25274 25274 F DEBUG   : pid: 25256, tid: 25256, name: mediaextractor  >>> media.extractor <<<
11-03 13:14:39.275 25274 25274 F DEBUG   : signal 6 (SIGABRT), code -6 (SI_TKILL), fault addr --------
11-03 13:14:39.275 25274 25274 F DEBUG   :     r0 00000000  r1 000062a8  r2 00000006  r3 00000008
11-03 13:14:39.275 25274 25274 F DEBUG   :     r4 f27ac58c  r5 00000006  r6 f27ac534  r7 0000010c
11-03 13:14:39.276 25274 25274 F DEBUG   :     r8 ffdd4a88  r9 f273561c  sl f2735628  fp 0000000a
11-03 13:14:39.276 25274 25274 F DEBUG   :     ip 00000002  sp ffdd43e0  lr f23b94c7  pc f23bbd48  cpsr 200f0010
11-03 13:14:39.300 25274 25274 F DEBUG   : 
11-03 13:14:39.300 25274 25274 F DEBUG   : backtrace:
11-03 13:14:39.301 25274 25274 F DEBUG   :     #00 pc 00049d48  /system/lib/libc.so (tgkill+12)
11-03 13:14:39.301 25274 25274 F DEBUG   :     #01 pc 000474c3  /system/lib/libc.so (pthread_kill+34)
11-03 13:14:39.301 25274 25274 F DEBUG   :     #02 pc 0001d799  /system/lib/libc.so (raise+10)
11-03 13:14:39.301 25274 25274 F DEBUG   :     #03 pc 00019291  /system/lib/libc.so (__libc_android_abort+34)
11-03 13:14:39.302 25274 25274 F DEBUG   :     #04 pc 000172f8  /system/lib/libc.so (abort+4)
11-03 13:14:39.302 25274 25274 F DEBUG   :     #05 pc 00006a41  /system/lib/libminijail.so (log_sigsys_handler+40)
11-03 13:14:39.302 25274 25274 F DEBUG   :     #06 pc 00017368  /system/lib/libc.so
11-03 13:14:39.302 25274 25274 F DEBUG   :     #07 pc 0004c28c  /system/bin/linker (__dl_readlinkat+8)
11-03 13:14:39.303 25274 25274 F DEBUG   :     #08 pc 0000a4e3  /system/bin/linker (__dl__ZL11realpath_fdiPNSt3__112basic_stringIcNS_11char_traitsIcEENS_9allocatorIcEEEE+98)
11-03 13:14:39.303 25274 25274 F DEBUG   :     #09 pc 0000b7b9  /system/bin/linker (__dl__ZL21open_library_on_pathsP15ZipArchiveCachePKcPxRKNSt3__16vectorINS4_12basic_stringIcNS4_11char_traitsIcEENS4_9allocatorIcEEEENS9_ISB_EEEEPSB_+204)
11-03 13:14:39.303 25274 25274 F DEBUG   :     #10 pc 00009d49  /system/bin/linker (__dl__ZL14find_librariesP19android_namespace_tP6soinfoPKPKcjPS2_PNSt3__16vectorIS2_NS8_9allocatorIS2_EEEEjiPK17android_dlextinfob+1140)
11-03 13:14:39.304 25274 25274 F DEBUG   :     #11 pc 00004b47  /system/bin/linker (__dl__ZL12find_libraryP19android_namespace_tPKciPK17android_dlextinfoP6soinfo+34)
11-03 13:14:39.304 25274 25274 F DEBUG   :     #12 pc 00004a4b  /system/bin/linker (__dl__Z9do_dlopenPKciPK17android_dlextinfoPv+394)
11-03 13:14:39.304 25274 25274 F DEBUG   :     #13 pc 00002c4d  /system/bin/linker (__dl__ZL10dlopen_extPKciPK17android_dlextinfoPv+28)
11-03 13:14:39.304 25274 25274 F DEBUG   :     #14 pc 0000090b  /system/vendor/lib/libExtendedExtractor.so (_ZN7android11MmParserLibEv+34)
11-03 13:14:39.304 25274 25274 F DEBUG   :     #15 pc 00000a07  /system/vendor/lib/libExtendedExtractor.so (SniffExtendedExtractor+30)
11-03 13:14:39.305 25274 25274 F DEBUG   :     #16 pc 0009ff97  /system/lib/libstagefright.so (_ZN7android10DataSource5sniffEPNS_7String8EPfPNS_2spINS_8AMessageEEE+170)
11-03 13:14:39.305 25274 25274 F DEBUG   :     #17 pc 000cf1eb  /system/lib/libstagefright.so (_ZN7android14MediaExtractor17CreateFromServiceERKNS_2spINS_10DataSourceEEEPKc+46)
11-03 13:14:39.305 25274 25274 F DEBUG   :     #18 pc 000028db  /system/lib/libmediaextractorservice.so (_ZN7android21MediaExtractorService13makeExtractorERKNS_2spINS_11IDataSourceEEEPKc+34)
11-03 13:14:39.305 25274 25274 F DEBUG   :     #19 pc 0008a213  /system/lib/libmedia.so (_ZN7android23BnMediaExtractorService10onTransactEjRKNS_6ParcelEPS1_j+90)
11-03 13:14:39.306 25274 25274 F DEBUG   :     #20 pc 000359c3  /system/lib/libbinder.so (_ZN7android7BBinder8transactEjRKNS_6ParcelEPS1_j+70)
11-03 13:14:39.306 25274 25274 F DEBUG   :     #21 pc 0003d1bb  /system/lib/libbinder.so (_ZN7android14IPCThreadState14executeCommandEi+702)
11-03 13:14:39.306 25274 25274 F DEBUG   :     #22 pc 0003ce07  /system/lib/libbinder.so (_ZN7android14IPCThreadState20getAndExecuteCommandEv+114)
11-03 13:14:39.307 25274 25274 F DEBUG   :     #23 pc 0003d31b  /system/lib/libbinder.so (_ZN7android14IPCThreadState14joinThreadPoolEb+46)
11-03 13:14:39.307 25274 25274 F DEBUG   :     #24 pc 00000feb  /system/bin/mediaextractor
11-03 13:14:39.307 25274 25274 F DEBUG   :     #25 pc 00016d41  /system/lib/libc.so (__libc_init+48)
11-03 13:14:39.307 25274 25274 F DEBUG   :     #26 pc 00000ea0  /system/bin/mediaextractor
11-03 13:14:39.538  1438  2276 I chatty  : uid=1000(system) Binder:1438_C expire 4 lines
11-03 13:14:42.250  1438  1516 I chatty  : uid=1000(system) PackageManager expire 5 lines
11-03 13:14:42.281  1438  1477 I chatty  : uid=1000(system) ActivityManager expire 56 lines
11-03 13:14:42.426  1438  1476 I chatty  : uid=1000(system) android.bg expire 12 lines
11-03 13:14:42.452  1438  2265 I chatty  : uid=1000(system) Binder:1438_B expire 1 line
11-03 13:14:42.454  1438  1829 I chatty  : uid=1000(system) Binder:1438_6 expire 5 lines
11-03 13:14:42.612  1438  1731 I chatty  : uid=1000(system) Binder:1438_4 expire 5 lines
11-03 13:14:42.639  1438 15838 I chatty  : uid=1000(system) Binder:1438_E expire 12 lines
11-03 13:14:42.647  1438  2013 I chatty  : uid=1000(system) Binder:1438_7 expire 5 lines
11-03 13:14:42.652  1438  1466 I chatty  : uid=1000(system) Binder:1438_1 expire 1 line
11-03 13:14:42.653  1438  1828 I chatty  : uid=1000(system) Binder:1438_5 expire 12 lines
11-03 13:14:42.654  1438  1677 I chatty  : uid=1000(system) Binder:1438_3 expire 3 lines
11-03 13:14:42.655  1438  2107 I chatty  : uid=1000(system) Binder:1438_8 expire 7 lines
11-03 13:14:42.656  1438 15843 I chatty  : uid=1000(system) Binder:1438_13 expire 17 lines
11-03 13:14:42.658  1438 15844 I chatty  : uid=1000(system) Binder:1438_14 expire 1 line
11-03 13:14:42.658  1438  2235 I chatty  : uid=1000(system) Binder:1438_9 expire 8 lines
11-03 13:14:42.692  1438  2236 I chatty  : uid=1000(system) Binder:1438_A expire 1 line
11-03 13:14:44.107  1438  1438 I chatty  : uid=1000 system_server expire 14 lines
11-03 13:14:47.904  1438  2276 I chatty  : uid=1000(system) Binder:1438_C expire 12 lines
11-03 13:14:47.981  1438 19358 I chatty  : uid=1000(system) Binder:1438_16 expire 4 lines
11-03 13:14:48.085  1438 19359 I chatty  : uid=1000(system) Binder:1438_17 expire 7 lines
11-03 13:14:48.090  1438 15839 I chatty  : uid=1000(system) Binder:1438_F expire 7 lines
11-03 13:14:48.105  1438 15845 I chatty  : uid=1000(system) Binder:1438_15 expire 7 lines
11-03 13:14:48.112  1438 15775 I chatty  : uid=1000(system) Binder:1438_D expire 8 lines
11-03 13:14:48.115  1438  2265 I chatty  : uid=1000(system) Binder:1438_B expire 16 lines
11-03 13:14:48.148  1438  1477 I chatty  : uid=1000(system) ActivityManager expire 148 lines
11-03 13:14:48.216  1438  1438 I chatty  : uid=1000 system_server expire 7 lines
11-03 13:14:48.232  1438  1677 I chatty  : uid=1000(system) Binder:1438_3 expire 4 lines
11-03 13:14:48.561  1438  1467 I chatty  : uid=1000(system) Binder:1438_2 expire 9 lines
11-03 13:14:48.562  1438  1667 I chatty  : uid=1000(system) ConnectivitySer expire 27 lines
11-03 13:14:48.596  1438 15839 I chatty  : uid=1000(system) Binder:1438_F expire 16 lines
11-03 13:14:48.933  1438  1499 I chatty  : uid=1000(system) android.fg expire 2 lines
11-03 13:14:48.984  1438 15840 I chatty  : uid=1000(system) Binder:1438_10 expire 6 lines
11-03 13:14:48.992  1438 19358 I chatty  : uid=1000(system) Binder:1438_16 expire 10 lines
11-03 13:14:48.993  1438  1829 I chatty  : uid=1000(system) Binder:1438_6 expire 17 lines
11-03 13:14:49.080  4031  4031 W ContextImpl: Calling a method in the system process without a qualified user: android.app.ContextImpl.startService:1385 android.content.ContextWrapper.startService:619 android.content.ContextWrapper.startService:619 com.monster.market.receiver.NetworkChangeReceiver.onReceive:79 android.app.ActivityThread.handleReceiver:3096 
11-03 13:14:49.081  1438  1731 I chatty  : uid=1000(system) Binder:1438_4 expire 9 lines
11-03 13:14:49.128  1438  2013 I chatty  : uid=1000(system) Binder:1438_7 expire 14 lines
11-03 13:14:49.138  1438  2265 I chatty  : uid=1000(system) Binder:1438_B expire 14 lines
11-03 13:14:49.170  1438 15841 I chatty  : uid=1000(system) Binder:1438_11 expire 11 lines
11-03 13:14:49.173  1438  1466 I chatty  : uid=1000(system) Binder:1438_1 expire 8 lines
11-03 13:14:49.174  1438  1477 I chatty  : uid=1000(system) ActivityManager expire 72 lines
11-03 13:14:49.184  1438 15844 I chatty  : uid=1000(system) Binder:1438_14 expire 3 lines
11-03 13:14:49.190  1438 15845 I chatty  : uid=1000(system) Binder:1438_15 expire 6 lines
11-03 13:14:49.197  1438 19358 I chatty  : uid=1000(system) Binder:1438_16 expire 6 lines
11-03 13:14:49.218  1438  2235 I chatty  : uid=1000(system) Binder:1438_9 expire 9 lines
11-03 13:14:49.221  1438  2236 I chatty  : uid=1000(system) Binder:1438_A expire 1 line
11-03 13:14:49.222  1438 15839 I chatty  : uid=1000(system) Binder:1438_F expire 3 lines
11-03 13:14:49.225  1438 15840 I chatty  : uid=1000(system) Binder:1438_10 expire 4 lines
11-03 13:14:49.319  1438  1663 I chatty  : uid=1000(system) WifiStateMachin expire 28 lines
11-03 13:14:50.159  1438  2107 I chatty  : uid=1000(system) Binder:1438_8 expire 12 lines
11-03 13:14:50.974  1438  2276 I chatty  : uid=1000(system) Binder:1438_C expire 6 lines
11-03 13:14:50.974  1438  1477 I chatty  : uid=1000(system) ActivityManager expire 47 lines
11-03 13:14:52.858  1438 15775 I chatty  : uid=1000(system) Binder:1438_D expire 4 lines
11-03 13:15:00.000  1438  1633 I chatty  : uid=1000(system) AlarmManager expire 13 lines
11-03 13:15:00.005  1438  1438 I chatty  : uid=1000 system_server expire 12 lines
11-03 13:15:00.008  1438  1829 I chatty  : uid=1000(system) Binder:1438_6 expire 18 lines
11-03 13:15:00.031  1438 15840 I chatty  : uid=1000(system) Binder:1438_10 expire 22 lines
11-03 13:15:00.038  1438 15839 I chatty  : uid=1000(system) Binder:1438_F expire 16 lines
11-03 13:15:00.077  1438 15841 I chatty  : uid=1000(system) Binder:1438_11 expire 4 lines
11-03 13:15:00.096  1438 15843 I chatty  : uid=1000(system) Binder:1438_13 expire 4 lines
11-03 13:15:00.148  1438  2013 I chatty  : uid=1000(system) Binder:1438_7 expire 5 lines
11-03 13:15:01.022  1438  1466 I chatty  : uid=1000(system) Binder:1438_1 expire 7 lines
11-03 13:15:01.037  1438 15838 I chatty  : uid=1000(system) Binder:1438_E expire 5 lines
11-03 13:15:06.297  1438  1828 I chatty  : uid=1000(system) Binder:1438_5 expire 2 lines
11-03 13:15:06.409  1438  1499 I chatty  : uid=1000(system) android.fg expire 2 lines
11-03 13:15:14.521  1438  2236 I chatty  : uid=1000(system) Binder:1438_A expire 2 lines
11-03 13:15:24.809  1438 19358 I chatty  : uid=1000(system) Binder:1438_16 expire 1 line
11-03 13:15:24.846  1438 15845 I chatty  : uid=1000(system) Binder:1438_15 expire 13 lines
11-03 13:15:24.864  1438  2265 I chatty  : uid=1000(system) Binder:1438_B expire 1 line
11-03 13:15:24.937 14158 14158 I SystemServiceRegistry: AttrName service = null
11-03 13:15:24.937 14158 14158 I AttrNameManager: <<<<<<<<<mService = null
11-03 13:15:25.510  1438  1501 I chatty  : uid=1000(system) android.display expire 1 line
11-03 13:15:25.546  1438 15839 I chatty  : uid=1000(system) Binder:1438_F expire 6 lines
11-03 13:15:25.565  1438 15842 I chatty  : uid=1000(system) Binder:1438_12 expire 6 lines
11-03 13:15:25.569  1438  1731 I chatty  : uid=1000(system) Binder:1438_4 expire 6 lines
11-03 13:15:25.585  1438  1829 I chatty  : uid=1000(system) Binder:1438_6 expire 3 lines
11-03 13:15:25.610  1438 25358 I chatty  : uid=1000 system_server expire 5 lines
11-03 13:15:25.660  1438  2236 I chatty  : uid=1000(system) Binder:1438_A expire 33 lines
11-03 13:15:25.668  1438 15842 I chatty  : uid=1000(system) Binder:1438_12 expire 6 lines
11-03 13:15:25.669  1438  1828 I chatty  : uid=1000(system) Binder:1438_5 expire 12 lines
11-03 13:15:25.678  1438  1829 I chatty  : uid=1000(system) Binder:1438_6 expire 18 lines
11-03 13:15:25.686  1438 19358 I chatty  : uid=1000(system) Binder:1438_16 expire 15 lines
11-03 13:15:25.703  1438 25359 I chatty  : uid=1000 system_server expire 5 lines
11-03 13:15:25.721  1438  2235 I chatty  : uid=1000(system) Binder:1438_9 expire 12 lines
11-03 13:15:25.732  1438 15845 I chatty  : uid=1000(system) Binder:1438_15 expire 12 lines
11-03 13:15:25.737  1438 15841 I chatty  : uid=1000(system) Binder:1438_11 expire 25 lines
11-03 13:15:25.766  1438  1466 I chatty  : uid=1000(system) Binder:1438_1 expire 18 lines
11-03 13:15:25.769  1438  2107 I chatty  : uid=1000(system) Binder:1438_8 expire 9 lines
11-03 13:15:25.792  1438 25360 I chatty  : uid=1000 system_server expire 3 lines
11-03 13:15:25.814  1438 15838 I chatty  : uid=1000(system) Binder:1438_E expire 9 lines
11-03 13:15:25.821  1438  1677 I chatty  : uid=1000(system) Binder:1438_3 expire 12 lines
11-03 13:15:25.845  1438 15839 I chatty  : uid=1000(system) Binder:1438_F expire 12 lines
11-03 13:15:25.853  1438  1467 I chatty  : uid=1000(system) Binder:1438_2 expire 3 lines
11-03 13:15:25.902  1438 15844 I chatty  : uid=1000(system) Binder:1438_14 expire 6 lines
11-03 13:15:25.975  1438  1731 I chatty  : uid=1000(system) Binder:1438_4 expire 6 lines
11-03 13:15:25.991  1438 15843 I chatty  : uid=1000(system) Binder:1438_13 expire 6 lines
11-03 13:15:25.998  1438 19359 I chatty  : uid=1000(system) Binder:1438_17 expire 6 lines
11-03 13:15:26.024  1438  2013 I chatty  : uid=1000(system) Binder:1438_7 expire 9 lines
11-03 13:15:26.032  1438  1677 I chatty  : uid=1000(system) Binder:1438_3 expire 18 lines
11-03 13:15:26.035  1438  2236 I chatty  : uid=1000(system) Binder:1438_A expire 21 lines
11-03 13:15:26.048  1438 25360 I chatty  : uid=1000 system_server expire 2 lines
11-03 13:15:26.062  1438  2276 I chatty  : uid=1000(system) Binder:1438_C expire 14 lines
11-03 13:15:26.074  1438  1828 I chatty  : uid=1000(system) Binder:1438_5 expire 12 lines
11-03 13:15:26.079  1438  2265 I chatty  : uid=1000(system) Binder:1438_B expire 14 lines
11-03 13:15:26.092  1438  1467 I chatty  : uid=1000(system) Binder:1438_2 expire 9 lines
11-03 13:15:26.108  1438 15841 I chatty  : uid=1000(system) Binder:1438_11 expire 10 lines
11-03 13:15:26.111  1438 15844 I chatty  : uid=1000(system) Binder:1438_14 expire 24 lines
11-03 13:15:26.134  1438 25358 I chatty  : uid=1000 system_server expire 3 lines
11-03 13:15:26.174  1438 19358 I chatty  : uid=1000(system) Binder:1438_16 expire 13 lines
11-03 13:15:26.193  1438 15842 I chatty  : uid=1000(system) Binder:1438_12 expire 15 lines
11-03 13:15:26.199  1438 15843 I chatty  : uid=1000(system) Binder:1438_13 expire 3 lines
11-03 13:15:26.211  1438  1466 I chatty  : uid=1000(system) Binder:1438_1 expire 10 lines
11-03 13:15:26.237  1438  2107 I chatty  : uid=1000(system) Binder:1438_8 expire 7 lines
11-03 13:15:26.256  1438  2235 I chatty  : uid=1000(system) Binder:1438_9 expire 6 lines
11-03 13:15:26.305  1438  1731 I chatty  : uid=1000(system) Binder:1438_4 expire 3 lines
11-03 13:15:26.336  1438 15839 I chatty  : uid=1000(system) Binder:1438_F expire 6 lines
11-03 13:15:26.407  1438  1829 I chatty  : uid=1000(system) Binder:1438_6 expire 8 lines
11-03 13:15:27.203  1438 15845 I chatty  : uid=1000(system) Binder:1438_15 expire 2 lines
11-03 13:15:28.288 14158 14158 I SystemServiceRegistry: AttrName service = null
11-03 13:15:28.288 14158 14158 I AttrNameManager: <<<<<<<<<mService = null
11-03 13:15:28.944  1438  1703 I chatty  : uid=1000(system) LazyTaskWriterT expire 3 lines
11-03 13:15:30.335  1438 15838 I chatty  : uid=1000(system) Binder:1438_E expire 2 lines
11-03 13:15:30.810 22472 22472 I SystemServiceRegistry: AttrName service = null
11-03 13:15:30.810 22472 22472 I AttrNameManager: <<<<<<<<<mService = null
11-03 13:15:31.455  1438 15775 I chatty  : uid=1000(system) Binder:1438_D expire 5 lines
11-03 13:15:34.091 22472 22472 I SystemServiceRegistry: AttrName service = null
11-03 13:15:34.092 22472 22472 I AttrNameManager: <<<<<<<<<mService = null
11-03 13:15:35.738  1438  1438 I chatty  : uid=1000 system_server expire 7 lines
11-03 13:15:35.741  1438  1477 I chatty  : uid=1000(system) ActivityManager expire 7 lines
11-03 13:15:35.874  1438 19359 I chatty  : uid=1000(system) Binder:1438_17 expire 1 line
11-03 13:15:37.165 22472 22472 I SystemServiceRegistry: AttrName service = null
11-03 13:15:37.165 22472 22472 I AttrNameManager: <<<<<<<<<mService = null
11-03 13:15:48.870  1438 15842 I chatty  : uid=1000(system) Binder:1438_12 expire 2 lines
11-03 13:15:50.529  1438  1499 I chatty  : uid=1000(system) android.fg expire 4 lines
11-03 13:15:52.334  1438 15839 I chatty  : uid=1000(system) Binder:1438_F expire 9 lines
11-03 13:15:56.416  1438  1438 I chatty  : uid=1000 system_server expire 19 lines
11-03 13:15:56.957  1438  1677 I chatty  : uid=1000(system) Binder:1438_3 expire 12 lines
11-03 13:15:56.961  1438  1477 I chatty  : uid=1000(system) ActivityManager expire 100 lines
11-03 13:15:57.353  1438  2276 I chatty  : uid=1000(system) Binder:1438_C expire 2 lines
11-03 13:16:00.000  1438  1633 I chatty  : uid=1000(system) AlarmManager expire 13 lines
11-03 13:16:00.031  1438  1731 I chatty  : uid=1000(system) Binder:1438_4 expire 4 lines
11-03 13:16:00.048  1438 19359 I chatty  : uid=1000(system) Binder:1438_17 expire 16 lines
11-03 13:16:00.130  1438 15842 I chatty  : uid=1000(system) Binder:1438_12 expire 30 lines
11-03 13:16:06.313  1438 19358 I chatty  : uid=1000(system) Binder:1438_16 expire 2 lines
11-03 13:16:10.781  1438  1663 I chatty  : uid=1000(system) WifiStateMachin expire 28 lines
11-03 13:16:10.981  1438  2107 I chatty  : uid=1000(system) Binder:1438_8 expire 2 lines
11-03 13:16:12.392  1438  2236 I chatty  : uid=1000(system) Binder:1438_A expire 8 lines
11-03 13:16:12.394  1438  1477 I chatty  : uid=1000(system) ActivityManager expire 99 lines
11-03 13:16:12.513  1438  1663 I chatty  : uid=1000(system) WifiStateMachin expire 33 lines
11-03 13:16:12.542  1438 15843 I chatty  : uid=1000(system) Binder:1438_13 expire 17 lines
11-03 13:16:13.261  1438  1467 I chatty  : uid=1000(system) Binder:1438_2 expire 6 lines
11-03 13:16:19.925  1438 15775 I chatty  : uid=1000(system) Binder:1438_D expire 3 lines
11-03 13:16:19.928  1438 15844 I chatty  : uid=1000(system) Binder:1438_14 expire 2 lines
11-03 13:16:22.752  1438 15838 I chatty  : uid=1000(system) Binder:1438_E expire 2 lines
11-03 13:16:27.458  1438  2276 I chatty  : uid=1000(system) Binder:1438_C expire 2 lines
11-03 13:16:30.058  1438  1702 I chatty  : uid=1000(system) PhotonicModulat expire 10 lines
11-03 13:16:32.172  1438 19359 I chatty  : uid=1000(system) Binder:1438_17 expire 2 lines
11-03 13:16:33.398  1438  1499 I chatty  : uid=1000(system) android.fg expire 19 lines
11-03 13:16:34.434  1438  1828 I chatty  : uid=1000(system) Binder:1438_5 expire 2 lines
11-03 13:16:36.667  1438  1731 I chatty  : uid=1000(system) Binder:1438_4 expire 2 lines
11-03 13:16:37.043  1438  1503 I chatty  : uid=1000(system) PowerManagerSer expire 4 lines
11-03 13:16:37.394  1438  1501 I chatty  : uid=1000(system) android.display expire 1 line
11-03 13:16:37.655  1438  1829 I chatty  : uid=1000(system) Binder:1438_6 expire 1 line
11-03 13:16:37.682  1438  1438 I chatty  : uid=1000 system_server expire 68 lines
11-03 13:16:37.760  1438 15838 I chatty  : uid=1000(system) Binder:1438_E expire 4 lines
11-03 13:16:37.763  1438  1476 I chatty  : uid=1000(system) android.bg expire 4 lines
11-03 13:16:37.770  1438 15844 I chatty  : uid=1000(system) Binder:1438_14 expire 4 lines
11-03 13:16:37.787  1438 15841 I chatty  : uid=1000(system) Binder:1438_11 expire 6 lines
11-03 13:16:37.797  1438 15775 I chatty  : uid=1000(system) Binder:1438_D expire 13 lines
11-03 13:16:37.849  1438  1466 I chatty  : uid=1000(system) Binder:1438_1 expire 11 lines
11-03 13:16:37.859  1438  3270 I chatty  : uid=1000(system) IzatServiceBase expire 4 lines
11-03 13:16:37.863  1438  1731 I chatty  : uid=1000(system) Binder:1438_4 expire 4 lines
11-03 13:16:37.870  1438 19358 I chatty  : uid=1000(system) Binder:1438_16 expire 17 lines
11-03 13:16:37.900  1438  1828 I chatty  : uid=1000(system) Binder:1438_5 expire 8 lines
11-03 13:16:37.910  1438  1829 I chatty  : uid=1000(system) Binder:1438_6 expire 1 line
11-03 13:16:37.913  1438 15843 I chatty  : uid=1000(system) Binder:1438_13 expire 2 lines
11-03 13:16:37.915  1438  1677 I chatty  : uid=1000(system) Binder:1438_3 expire 5 lines
11-03 13:16:37.917  1438  2276 I chatty  : uid=1000(system) Binder:1438_C expire 9 lines
11-03 13:16:39.388  1438  1477 I chatty  : uid=1000(system) ActivityManager expire 109 lines
11-03 13:16:40.436  1438  2107 I chatty  : uid=1000(system) Binder:1438_8 expire 1 line
11-03 13:16:40.454  1438  2013 I chatty  : uid=1000(system) Binder:1438_7 expire 1 line
11-03 13:16:41.153  1438  2235 I chatty  : uid=1000(system) Binder:1438_9 expire 3 lines
11-03 13:16:42.048  1438  1633 I chatty  : uid=1000(system) AlarmManager expire 7 lines
11-03 13:16:42.206  1438 15840 I chatty  : uid=1000(system) Binder:1438_10 expire 1 line
11-03 13:16:42.214  1438  1467 I chatty  : uid=1000(system) Binder:1438_2 expire 3 lines
11-03 13:16:42.228  1747  1747 V KeyguardStatusView: refresh statusview showing:true
11-03 13:16:42.273  1747  1747 V KeyguardDisplayManager: show
11-03 13:16:42.424  1438  1640 I chatty  : uid=1000(system) InputReader expire 13 lines
11-03 13:16:42.439  1438  1503 I chatty  : uid=1000(system) PowerManagerSer expire 1 line
11-03 13:16:42.441  1438  1702 I chatty  : uid=1000(system) PhotonicModulat expire 2 lines
11-03 13:16:42.441  1438  1501 I chatty  : uid=1000(system) android.display expire 1 line
11-03 13:16:42.442  1438  1438 I chatty  : uid=1000 system_server expire 42 lines
11-03 13:16:42.444  1438  1477 I chatty  : uid=1000(system) ActivityManager expire 75 lines
11-03 13:16:42.522  1438  1663 I chatty  : uid=1000(system) WifiStateMachin expire 14 lines
11-03 13:16:42.557  1438  1476 I chatty  : uid=1000(system) android.bg expire 4 lines
11-03 13:16:42.572  1438 19359 I chatty  : uid=1000(system) Binder:1438_17 expire 4 lines
11-03 13:16:42.692  1438 15844 I chatty  : uid=1000(system) Binder:1438_14 expire 2 lines
11-03 13:16:42.774  1438  2236 I chatty  : uid=1000(system) Binder:1438_A expire 4 lines
11-03 13:16:42.795  1438  2276 I chatty  : uid=1000(system) Binder:1438_C expire 6 lines
11-03 13:16:42.805  1438 15845 I chatty  : uid=1000(system) Binder:1438_15 expire 12 lines
11-03 13:16:42.909  1438  1499 I chatty  : uid=1000(system) android.fg expire 14 lines
11-03 13:16:42.989  1438 15838 I chatty  : uid=1000(system) Binder:1438_E expire 9 lines
11-03 13:16:42.994  1438  3270 I chatty  : uid=1000(system) IzatServiceBase expire 4 lines
11-03 13:16:42.997  1438  1503 I chatty  : uid=1000(system) PowerManagerSer expire 2 lines
11-03 13:16:42.998  1438  2235 I chatty  : uid=1000(system) Binder:1438_9 expire 5 lines
11-03 13:16:43.006  1438  1828 I chatty  : uid=1000(system) Binder:1438_5 expire 21 lines
11-03 13:16:43.012  1438 15775 I chatty  : uid=1000(system) Binder:1438_D expire 1 line
11-03 13:16:43.027  1438 15840 I chatty  : uid=1000(system) Binder:1438_10 expire 1 line
11-03 13:16:43.091  1438  1677 I chatty  : uid=1000(system) Binder:1438_3 expire 1 line
11-03 13:16:43.092  1438  2265 I chatty  : uid=1000(system) Binder:1438_B expire 6 lines
11-03 13:16:43.095  1438 15839 I chatty  : uid=1000(system) Binder:1438_F expire 5 lines
11-03 13:16:43.388  1438  2107 I chatty  : uid=1000(system) Binder:1438_8 expire 2 lines
11-03 13:16:43.794  1438  1467 I chatty  : uid=1000(system) Binder:1438_2 expire 9 lines
11-03 13:16:43.962  1747  1747 V KeyguardDisplayManager: hide
11-03 13:16:43.983  1438  1829 I chatty  : uid=1000(system) Binder:1438_6 expire 11 lines
11-03 13:16:44.027  1438  1477 I chatty  : uid=1000(system) ActivityManager expire 34 lines
11-03 13:16:44.029  1438 15844 I chatty  : uid=1000(system) Binder:1438_14 expire 10 lines
11-03 13:16:44.099  1438 15838 I chatty  : uid=1000(system) Binder:1438_E expire 5 lines
11-03 13:16:44.117  1438  1663 I chatty  : uid=1000(system) WifiStateMachin expire 14 lines
11-03 13:16:44.120  1438  2236 I chatty  : uid=1000(system) Binder:1438_A expire 22 lines
11-03 13:16:44.126  1438 15845 I chatty  : uid=1000(system) Binder:1438_15 expire 28 lines
11-03 13:16:44.130  1438 19359 I chatty  : uid=1000(system) Binder:1438_17 expire 20 lines
11-03 13:16:44.216  1438 15839 I chatty  : uid=1000(system) Binder:1438_F expire 9 lines
11-03 13:16:44.255  1438 19358 I chatty  : uid=1000(system) Binder:1438_16 expire 16 lines
11-03 13:16:45.695  1438 15775 I chatty  : uid=1000(system) Binder:1438_D expire 2 lines
11-03 13:16:46.254  1438  2276 I chatty  : uid=1000(system) Binder:1438_C expire 1 line
11-03 13:16:47.457  1438 15841 I chatty  : uid=1000(system) Binder:1438_11 expire 1 line
11-03 13:16:48.689  1438 15840 I chatty  : uid=1000(system) Binder:1438_10 expire 25 lines
11-03 13:16:48.796  1438  2265 I chatty  : uid=1000(system) Binder:1438_B expire 12 lines
11-03 13:16:48.868  1438 15842 I chatty  : uid=1000(system) Binder:1438_12 expire 12 lines
11-03 13:16:48.898  1438  1467 I chatty  : uid=1000(system) Binder:1438_2 expire 12 lines
11-03 13:16:48.921  1438  1466 I chatty  : uid=1000(system) Binder:1438_1 expire 12 lines
11-03 13:16:48.966  1438 15843 I chatty  : uid=1000(system) Binder:1438_13 expire 12 lines
11-03 13:16:49.011  1438  2013 I chatty  : uid=1000(system) Binder:1438_7 expire 12 lines
11-03 13:16:49.046  1438  2276 I chatty  : uid=1000(system) Binder:1438_C expire 25 lines
11-03 13:16:49.074  1438 15844 I chatty  : uid=1000(system) Binder:1438_14 expire 15 lines
11-03 13:16:49.116  1438  2236 I chatty  : uid=1000(system) Binder:1438_A expire 25 lines
11-03 13:16:49.139  1438  1829 I chatty  : uid=1000(system) Binder:1438_6 expire 15 lines
11-03 13:16:49.198  1438  1466 I chatty  : uid=1000(system) Binder:1438_1 expire 25 lines
11-03 13:16:49.241  1438 15845 I chatty  : uid=1000(system) Binder:1438_15 expire 10 lines
11-03 13:16:49.244  1438 15841 I chatty  : uid=1000(system) Binder:1438_11 expire 12 lines
11-03 13:16:49.300  1438 15842 I chatty  : uid=1000(system) Binder:1438_12 expire 12 lines
11-03 13:16:49.324  1438  1703 I chatty  : uid=1000(system) LazyTaskWriterT expire 1 line
11-03 13:16:49.338  1438 15838 I chatty  : uid=1000(system) Binder:1438_E expire 13 lines
11-03 13:16:49.367  1438 19358 I chatty  : uid=1000(system) Binder:1438_16 expire 13 lines
11-03 13:16:49.434  1438 19359 I chatty  : uid=1000(system) Binder:1438_17 expire 13 lines
11-03 13:16:49.478  1438  1677 I chatty  : uid=1000(system) Binder:1438_3 expire 3 lines
11-03 13:16:49.482  1438 15839 I chatty  : uid=1000(system) Binder:1438_F expire 12 lines
11-03 13:16:49.530  1438 15843 I chatty  : uid=1000(system) Binder:1438_13 expire 13 lines
11-03 13:16:49.568  1438 15775 I chatty  : uid=1000(system) Binder:1438_D expire 3 lines
11-03 13:16:49.579  1438  2265 I chatty  : uid=1000(system) Binder:1438_B expire 12 lines
11-03 13:16:49.641  1438  2235 I chatty  : uid=1000(system) Binder:1438_9 expire 12 lines
11-03 13:16:49.667  1438  2107 I chatty  : uid=1000(system) Binder:1438_8 expire 13 lines
11-03 13:16:49.687  1438  1467 I chatty  : uid=1000(system) Binder:1438_2 expire 6 lines
11-03 13:16:49.730  1438 15845 I chatty  : uid=1000(system) Binder:1438_15 expire 19 lines
11-03 13:16:49.750  1438 15841 I chatty  : uid=1000(system) Binder:1438_11 expire 16 lines
11-03 13:16:49.799  1438  2276 I chatty  : uid=1000(system) Binder:1438_C expire 16 lines
11-03 13:16:49.828  1438 15838 I chatty  : uid=1000(system) Binder:1438_E expire 15 lines
11-03 13:16:49.832  1438 19358 I chatty  : uid=1000(system) Binder:1438_16 expire 25 lines
11-03 13:16:49.861  1438 19359 I chatty  : uid=1000(system) Binder:1438_17 expire 14 lines
11-03 13:16:49.883  1438  1828 I chatty  : uid=1000(system) Binder:1438_5 expire 3 lines
11-03 13:16:49.886  1438  2013 I chatty  : uid=1000(system) Binder:1438_7 expire 12 lines
11-03 13:16:49.921  1438  1677 I chatty  : uid=1000(system) Binder:1438_3 expire 13 lines
11-03 13:16:49.951  1438 15840 I chatty  : uid=1000(system) Binder:1438_10 expire 3 lines
11-03 13:16:49.957  1438  1731 I chatty  : uid=1000(system) Binder:1438_4 expire 12 lines
11-03 13:16:49.988  1438 15839 I chatty  : uid=1000(system) Binder:1438_F expire 13 lines
11-03 13:16:50.008  1438 15843 I chatty  : uid=1000(system) Binder:1438_13 expire 3 lines
11-03 13:16:50.011  1438 15775 I chatty  : uid=1000(system) Binder:1438_D expire 12 lines
11-03 13:16:50.044  1438  2265 I chatty  : uid=1000(system) Binder:1438_B expire 13 lines
11-03 13:16:50.077  1438  2236 I chatty  : uid=1000(system) Binder:1438_A expire 13 lines
11-03 13:16:50.153  1438  2107 I chatty  : uid=1000(system) Binder:1438_8 expire 13 lines
11-03 13:16:50.184  1438  1466 I chatty  : uid=1000(system) Binder:1438_1 expire 12 lines
11-03 13:16:50.238  1438 15844 I chatty  : uid=1000(system) Binder:1438_14 expire 12 lines
11-03 13:16:50.267  1438 15842 I chatty  : uid=1000(system) Binder:1438_12 expire 26 lines
11-03 13:16:50.361  1438 19359 I chatty  : uid=1000(system) Binder:1438_17 expire 2 lines
11-03 13:16:50.363  1438  1828 I chatty  : uid=1000(system) Binder:1438_5 expire 25 lines
11-03 13:16:50.386  1438  2013 I chatty  : uid=1000(system) Binder:1438_7 expire 16 lines
11-03 13:16:50.407  1438  1677 I chatty  : uid=1000(system) Binder:1438_3 expire 25 lines
11-03 13:16:50.463  1438 15840 I chatty  : uid=1000(system) Binder:1438_10 expire 13 lines
11-03 13:16:50.507  1438 15775 I chatty  : uid=1000(system) Binder:1438_D expire 16 lines
11-03 13:16:50.510  1438  2265 I chatty  : uid=1000(system) Binder:1438_B expire 15 lines
11-03 13:16:50.541  1438  2236 I chatty  : uid=1000(system) Binder:1438_A expire 16 lines
11-03 13:16:50.564  1438  1829 I chatty  : uid=1000(system) Binder:1438_6 expire 3 lines
11-03 13:16:50.567  1438  2235 I chatty  : uid=1000(system) Binder:1438_9 expire 12 lines
11-03 13:16:50.612  1438  2107 I chatty  : uid=1000(system) Binder:1438_8 expire 13 lines
11-03 13:16:50.649  1438  1467 I chatty  : uid=1000(system) Binder:1438_2 expire 3 lines
11-03 13:16:50.655  1438  1466 I chatty  : uid=1000(system) Binder:1438_1 expire 12 lines
11-03 13:16:50.683  1438 15845 I chatty  : uid=1000(system) Binder:1438_15 expire 13 lines
11-03 13:16:50.703  1438 15841 I chatty  : uid=1000(system) Binder:1438_11 expire 3 lines
11-03 13:16:50.708  1438 15844 I chatty  : uid=1000(system) Binder:1438_14 expire 12 lines
11-03 13:16:50.756  1438  2276 I chatty  : uid=1000(system) Binder:1438_C expire 13 lines
11-03 13:16:50.777  1438  1499 I chatty  : uid=1000(system) android.fg expire 2 lines
11-03 13:16:50.943  1438  1731 I chatty  : uid=1000(system) Binder:1438_4 expire 13 lines
11-03 13:16:50.967  1438 15839 I chatty  : uid=1000(system) Binder:1438_F expire 3 lines
11-03 13:16:50.969  1438 15843 I chatty  : uid=1000(system) Binder:1438_13 expire 25 lines
11-03 13:16:51.054  1438  2236 I chatty  : uid=1000(system) Binder:1438_A expire 9 lines
11-03 13:16:51.077  1438  1829 I chatty  : uid=1000(system) Binder:1438_6 expire 16 lines
11-03 13:16:51.099  1438  1466 I chatty  : uid=1000(system) Binder:1438_1 expire 15 lines
11-03 13:16:51.102  1438 15845 I chatty  : uid=1000(system) Binder:1438_15 expire 25 lines
11-03 13:16:51.127  1438 15841 I chatty  : uid=1000(system) Binder:1438_11 expire 16 lines
11-03 13:16:51.183  1438 15844 I chatty  : uid=1000(system) Binder:1438_14 expire 23 lines
11-03 13:16:51.245  1438 15842 I chatty  : uid=1000(system) Binder:1438_12 expire 13 lines
11-03 13:16:51.277  1438  2276 I chatty  : uid=1000(system) Binder:1438_C expire 3 lines
11-03 13:16:51.281  1438 15838 I chatty  : uid=1000(system) Binder:1438_E expire 12 lines
11-03 13:16:51.314  1438 19358 I chatty  : uid=1000(system) Binder:1438_16 expire 13 lines
11-03 13:16:51.333  1438 19359 I chatty  : uid=1000(system) Binder:1438_17 expire 3 lines
11-03 13:16:51.335  1438  1828 I chatty  : uid=1000(system) Binder:1438_5 expire 12 lines
11-03 13:16:51.360  1438  2013 I chatty  : uid=1000(system) Binder:1438_7 expire 13 lines
11-03 13:16:51.387  1438  1677 I chatty  : uid=1000(system) Binder:1438_3 expire 3 lines
11-03 13:16:51.389  1438  1731 I chatty  : uid=1000(system) Binder:1438_4 expire 12 lines
11-03 13:16:51.410  1438 15839 I chatty  : uid=1000(system) Binder:1438_F expire 13 lines
11-03 13:16:51.461  1438 15840 I chatty  : uid=1000(system) Binder:1438_10 expire 3 lines
11-03 13:16:51.466  1438 15775 I chatty  : uid=1000(system) Binder:1438_D expire 12 lines
11-03 13:16:51.494  1438  2235 I chatty  : uid=1000(system) Binder:1438_9 expire 13 lines
11-03 13:16:51.543  1438  1467 I chatty  : uid=1000(system) Binder:1438_2 expire 34 lines
11-03 13:16:51.647  1438 15844 I chatty  : uid=1000(system) Binder:1438_14 expire 12 lines
11-03 13:16:51.674  1438 15842 I chatty  : uid=1000(system) Binder:1438_12 expire 13 lines
11-03 13:16:51.701 13954 13954 W ViewRootImpl[DialtactsActivity]: Dropping event due to no window focus: KeyEvent { action=ACTION_DOWN, keyCode=KEYCODE_BACK, scanCode=0, metaState=0, flags=0x48, repeatCount=0, eventTime=8784232, downTime=8784232, deviceId=-1, source=0x101 }
11-03 13:16:51.702 13954 13954 W ViewRootImpl[DialtactsActivity]: Cancelling event due to no window focus: KeyEvent { action=ACTION_UP, keyCode=KEYCODE_BACK, scanCode=0, metaState=0, flags=0x68, repeatCount=0, eventTime=8784316, downTime=8784232, deviceId=-1, source=0x101 }
11-03 13:16:51.703 13954 13954 W ViewRootImpl[DialtactsActivity]: Cancelling event due to no window focus: KeyEvent { action=ACTION_UP, keyCode=KEYCODE_BACK, scanCode=0, metaState=0, flags=0x68, repeatCount=0, eventTime=8784316, downTime=8784232, deviceId=-1, source=0x101 }
11-03 13:16:51.703 13954 13954 W ViewRootImpl[DialtactsActivity]: Cancelling event due to no window focus: KeyEvent { action=ACTION_UP, keyCode=KEYCODE_BACK, scanCode=0, metaState=0, flags=0x68, repeatCount=0, eventTime=8784316, downTime=8784232, deviceId=-1, source=0x101 }
11-03 13:16:51.703 13954 13954 W ViewRootImpl[DialtactsActivity]: Cancelling event due to no window focus: KeyEvent { action=ACTION_UP, keyCode=KEYCODE_BACK, scanCode=0, metaState=0, flags=0x68, repeatCount=0, eventTime=8784316, downTime=8784232, deviceId=-1, source=0x101 }
11-03 13:16:51.704 13954 13954 W ViewRootImpl[DialtactsActivity]: Cancelling event due to no window focus: KeyEvent { action=ACTION_UP, keyCode=KEYCODE_BACK, scanCode=0, metaState=0, flags=0x68, repeatCount=0, eventTime=8784316, downTime=8784232, deviceId=-1, source=0x101 }
11-03 13:16:51.704 13954 13954 W ViewRootImpl[DialtactsActivity]: Cancelling event due to no window focus: KeyEvent { action=ACTION_UP, keyCode=KEYCODE_BACK, scanCode=0, metaState=0, flags=0x68, repeatCount=0, eventTime=8784316, downTime=8784232, deviceId=-1, source=0x101 }
11-03 13:16:51.704 13954 13954 W ViewRootImpl[DialtactsActivity]: Cancelling event due to no window focus: KeyEvent { action=ACTION_UP, keyCode=KEYCODE_BACK, scanCode=0, metaState=0, flags=0x68, repeatCount=0, eventTime=8784316, downTime=8784232, deviceId=-1, source=0x101 }
11-03 13:16:51.704 13954 13954 W ViewRootImpl[DialtactsActivity]: Cancelling event due to no window focus: KeyEvent { action=ACTION_UP, keyCode=KEYCODE_BACK, scanCode=0, metaState=0, flags=0x68, repeatCount=0, eventTime=8784316, downTime=8784232, deviceId=-1, source=0x101 }
11-03 13:16:51.705 13954 13954 W ViewRootImpl[DialtactsActivity]: Cancelling event due to no window focus: KeyEvent { action=ACTION_UP, keyCode=KEYCODE_BACK, scanCode=0, metaState=0, flags=0x68, repeatCount=0, eventTime=8784316, downTime=8784232, deviceId=-1, source=0x101 }
11-03 13:16:52.292  1438 15839 I chatty  : uid=1000(system) Binder:1438_F expire 5 lines
11-03 13:16:54.596  1438  2235 I chatty  : uid=1000(system) Binder:1438_9 expire 8 lines
11-03 13:16:55.309  1438  1703 I chatty  : uid=1000(system) LazyTaskWriterT expire 1 line
11-03 13:16:59.072  1438  2265 I chatty  : uid=1000(system) Binder:1438_B expire 9 lines
11-03 13:17:00.001  1438  1633 I chatty  : uid=1000(system) AlarmManager expire 6 lines
11-03 13:17:00.014  1438  1477 I chatty  : uid=1000(system) ActivityManager expire 6 lines
11-03 13:17:00.023  1438  1438 I chatty  : uid=1000 system_server expire 4 lines
11-03 13:17:00.034  1438  2013 I chatty  : uid=1000(system) Binder:1438_7 expire 4 lines
11-03 13:17:00.059  1438 15775 I chatty  : uid=1000(system) Binder:1438_D expire 4 lines
11-03 13:17:00.084  1438 15845 I chatty  : uid=1000(system) Binder:1438_15 expire 10 lines
11-03 13:17:00.097  1438  1677 I chatty  : uid=1000(system) Binder:1438_3 expire 19 lines
11-03 13:17:00.104  1438 15843 I chatty  : uid=1000(system) Binder:1438_13 expire 4 lines
11-03 13:17:00.127  1438  1466 I chatty  : uid=1000(system) Binder:1438_1 expire 10 lines
11-03 13:17:00.161  1438  1828 I chatty  : uid=1000(system) Binder:1438_5 expire 15 lines
11-03 13:17:00.216  1438  1829 I chatty  : uid=1000(system) Binder:1438_6 expire 23 lines
11-03 13:17:00.850  1438  1499 I chatty  : uid=1000(system) android.fg expire 2 lines
11-03 13:17:00.964 13954 13954 I SystemServiceRegistry: AttrName service = null
11-03 13:17:00.964 13954 13954 I AttrNameManager: <<<<<<<<<mService = null
11-03 13:17:01.310  1438  2236 I chatty  : uid=1000(system) Binder:1438_A expire 8 lines
11-03 13:17:01.466  1438  1501 I chatty  : uid=1000(system) android.display expire 1 line
11-03 13:17:01.512  1438 15838 I chatty  : uid=1000(system) Binder:1438_E expire 6 lines
11-03 13:17:01.524  1438 19358 I chatty  : uid=1000(system) Binder:1438_16 expire 19 lines
11-03 13:17:01.552  1438 25487 I chatty  : uid=1000 system_server expire 2 lines
11-03 13:17:01.587  1438 15841 I chatty  : uid=1000(system) Binder:1438_11 expire 14 lines
11-03 13:17:01.597  1438  2107 I chatty  : uid=1000(system) Binder:1438_8 expire 6 lines
11-03 13:17:01.650  1438 25488 I chatty  : uid=1000 system_server expire 2 lines
11-03 13:17:01.709  1438 15840 I chatty  : uid=1000(system) Binder:1438_10 expire 18 lines
11-03 13:17:01.733  1438 25489 I chatty  : uid=1000 system_server expire 5 lines
11-03 13:17:01.756  1438  2107 I chatty  : uid=1000(system) Binder:1438_8 expire 9 lines
11-03 13:17:01.762  1438  2276 I chatty  : uid=1000(system) Binder:1438_C expire 24 lines
11-03 13:17:01.781  1438  1731 I chatty  : uid=1000(system) Binder:1438_4 expire 6 lines
11-03 13:17:01.790  1438 15844 I chatty  : uid=1000(system) Binder:1438_14 expire 6 lines
11-03 13:17:01.795  1438  2236 I chatty  : uid=1000(system) Binder:1438_A expire 42 lines
11-03 13:17:01.798  1438 15840 I chatty  : uid=1000(system) Binder:1438_10 expire 9 lines
11-03 13:17:01.818  1438 25487 I chatty  : uid=1000 system_server expire 4 lines
11-03 13:17:01.845  1438  2013 I chatty  : uid=1000(system) Binder:1438_7 expire 9 lines
11-03 13:17:01.850  1438  1677 I chatty  : uid=1000(system) Binder:1438_3 expire 25 lines
11-03 13:17:01.863  1438  2235 I chatty  : uid=1000(system) Binder:1438_9 expire 9 lines
11-03 13:17:01.877  1438  1466 I chatty  : uid=1000(system) Binder:1438_1 expire 22 lines
11-03 13:17:01.912  1438 25488 I chatty  : uid=1000 system_server expire 2 lines
11-03 13:17:01.926  1438 19358 I chatty  : uid=1000(system) Binder:1438_16 expire 6 lines
11-03 13:17:01.936  1438 15775 I chatty  : uid=1000(system) Binder:1438_D expire 6 lines
11-03 13:17:01.942  1438 15845 I chatty  : uid=1000(system) Binder:1438_15 expire 12 lines
11-03 13:17:01.956  1438 15842 I chatty  : uid=1000(system) Binder:1438_12 expire 6 lines
11-03 13:17:02.013  1438  1467 I chatty  : uid=1000(system) Binder:1438_2 expire 6 lines
11-03 13:17:02.030  1438 15841 I chatty  : uid=1000(system) Binder:1438_11 expire 6 lines
11-03 13:17:02.058  1438 15843 I chatty  : uid=1000(system) Binder:1438_13 expire 9 lines
11-03 13:17:02.067  1438  1828 I chatty  : uid=1000(system) Binder:1438_5 expire 20 lines
11-03 13:17:02.132  1438  1829 I chatty  : uid=1000(system) Binder:1438_6 expire 8 lines
11-03 13:17:02.168  1438  2235 I chatty  : uid=1000(system) Binder:1438_9 expire 5 lines
11-03 13:17:02.172  1438 19359 I chatty  : uid=1000(system) Binder:1438_17 expire 12 lines
11-03 13:17:02.190  1438  2236 I chatty  : uid=1000(system) Binder:1438_A expire 2 lines
11-03 13:17:02.193  1438 15840 I chatty  : uid=1000(system) Binder:1438_10 expire 13 lines
11-03 13:17:02.200  1438 15841 I chatty  : uid=1000(system) Binder:1438_11 expire 6 lines
11-03 13:17:02.222  1438 15843 I chatty  : uid=1000(system) Binder:1438_13 expire 1 line
11-03 13:17:02.224  1438  1828 I chatty  : uid=1000(system) Binder:1438_5 expire 7 lines
11-03 13:17:02.256  1438  1466 I chatty  : uid=1000(system) Binder:1438_1 expire 7 lines
11-03 13:17:02.264  1438  1467 I chatty  : uid=1000(system) Binder:1438_2 expire 8 lines
11-03 13:17:02.293  1438 15839 I chatty  : uid=1000(system) Binder:1438_F expire 4 lines
11-03 13:17:02.293  1871  1871 I SystemServiceRegistry: AttrName service = null
11-03 13:17:02.294  1871  1871 I AttrNameManager: <<<<<<<<<mService = null
11-03 13:17:02.300  1438 15838 I chatty  : uid=1000(system) Binder:1438_E expire 6 lines
11-03 13:17:02.308  1438  2276 I chatty  : uid=1000(system) Binder:1438_C expire 6 lines
11-03 13:17:02.361  1438 15842 I chatty  : uid=1000(system) Binder:1438_12 expire 4 lines
11-03 13:17:02.505  1438  1663 I chatty  : uid=1000(system) WifiStateMachin expire 28 lines
11-03 13:17:02.507  1438  1477 I chatty  : uid=1000(system) ActivityManager expire 74 lines
11-03 13:17:03.553  1438 15775 I chatty  : uid=1000(system) Binder:1438_D expire 2 lines
11-03 13:17:04.171  1438  2013 I chatty  : uid=1000(system) Binder:1438_7 expire 5 lines
11-03 13:17:04.419  1438  1703 I chatty  : uid=1000(system) LazyTaskWriterT expire 3 lines
11-03 13:17:07.248  1438  1438 I chatty  : uid=1000 system_server expire 21 lines
11-03 13:17:07.259  1438 19358 I chatty  : uid=1000(system) Binder:1438_16 expire 4 lines
11-03 13:17:08.032  1438 15845 I chatty  : uid=1000(system) Binder:1438_15 expire 2 lines
11-03 13:17:08.119  1438  2265 I chatty  : uid=1000(system) Binder:1438_B expire 1 line
11-03 13:17:08.170  1871  1871 I SystemServiceRegistry: AttrName service = null
11-03 13:17:08.171  1871  1871 I AttrNameManager: <<<<<<<<<mService = null
11-03 13:17:12.661  1871  1871 I SystemServiceRegistry: AttrName service = null
11-03 13:17:12.661  1871  1871 I AttrNameManager: <<<<<<<<<mService = null
11-03 13:17:12.682  1438 15840 I chatty  : uid=1000(system) Binder:1438_10 expire 2 lines
11-03 13:17:13.132  1438  1477 I chatty  : uid=1000(system) ActivityManager expire 7 lines
11-03 13:17:13.144  1438  2107 I chatty  : uid=1000(system) Binder:1438_8 expire 4 lines
11-03 13:17:17.852  1438  1501 I chatty  : uid=1000(system) android.display expire 1 line
11-03 13:17:21.801  1438  1477 I chatty  : uid=1000(system) ActivityManager expire 28 lines
11-03 13:17:21.871  1438  2013 I chatty  : uid=1000(system) Binder:1438_7 expire 2 lines
11-03 13:17:21.873  1438 15838 I chatty  : uid=1000(system) Binder:1438_E expire 3 lines
11-03 13:17:21.875  1438  1677 I chatty  : uid=1000(system) Binder:1438_3 expire 3 lines
11-03 13:17:26.773  1438  2107 I chatty  : uid=1000(system) Binder:1438_8 expire 2 lines
11-03 13:17:26.786  1438 15840 I chatty  : uid=1000(system) Binder:1438_10 expire 3 lines
11-03 13:17:27.917  1438  1467 I chatty  : uid=1000(system) Binder:1438_2 expire 1 line
11-03 13:17:28.456  1438  1731 I chatty  : uid=1000(system) Binder:1438_4 expire 1 line
11-03 13:17:30.800  1438  1703 I chatty  : uid=1000(system) LazyTaskWriterT expire 2 lines
11-03 13:17:31.490  1438 15841 I chatty  : uid=1000(system) Binder:1438_11 expire 3 lines
11-03 13:17:31.494  1438 15775 I chatty  : uid=1000(system) Binder:1438_D expire 8 lines
11-03 13:17:32.038  1871  1871 I SystemServiceRegistry: AttrName service = null
11-03 13:17:32.038  1871  1871 I AttrNameManager: <<<<<<<<<mService = null
11-03 13:17:32.340  1438  1438 I chatty  : uid=1000 system_server expire 10 lines
11-03 13:17:33.840  1438 19359 I chatty  : uid=1000(system) Binder:1438_17 expire 6 lines
11-03 13:17:33.928  1438  1829 I chatty  : uid=1000(system) Binder:1438_6 expire 1 line
11-03 13:17:33.952  1438  1466 I chatty  : uid=1000(system) Binder:1438_1 expire 1 line
11-03 13:17:33.988  1871  1871 I SystemServiceRegistry: AttrName service = null
11-03 13:17:33.988  1871  1871 I AttrNameManager: <<<<<<<<<mService = null
11-03 13:17:34.511  1438 19358 I chatty  : uid=1000(system) Binder:1438_16 expire 1 line
11-03 13:17:42.497  1438  1633 I chatty  : uid=1000(system) AlarmManager expire 12 lines
11-03 13:17:42.532  1438  1663 I chatty  : uid=1000(system) WifiStateMachin expire 28 lines
11-03 13:17:42.536  1438  1477 I chatty  : uid=1000(system) ActivityManager expire 92 lines
11-03 13:17:42.567  1438 15844 I chatty  : uid=1000(system) Binder:1438_14 expire 11 lines
11-03 13:17:43.172  1438 15839 I chatty  : uid=1000(system) Binder:1438_F expire 4 lines
11-03 13:17:43.552  1438  1499 I chatty  : uid=1000(system) android.fg expire 2 lines
11-03 13:17:44.127  1438  2276 I chatty  : uid=1000(system) Binder:1438_C expire 8 lines
11-03 13:17:54.368  1438 15843 I chatty  : uid=1000(system) Binder:1438_13 expire 5 lines
11-03 13:18:00.032  1438 19359 I chatty  : uid=1000(system) Binder:1438_17 expire 2 lines
11-03 13:18:00.037  1438  1829 I chatty  : uid=1000(system) Binder:1438_6 expire 6 lines
11-03 13:18:00.048  1438 19358 I chatty  : uid=1000(system) Binder:1438_16 expire 12 lines
11-03 13:18:00.066  1438 15845 I chatty  : uid=1000(system) Binder:1438_15 expire 18 lines
11-03 13:18:00.080  1438  1466 I chatty  : uid=1000(system) Binder:1438_1 expire 16 lines
11-03 13:18:00.098  1438  2265 I chatty  : uid=1000(system) Binder:1438_B expire 37 lines
11-03 13:18:00.134  1438 15838 I chatty  : uid=1000(system) Binder:1438_E expire 5 lines
11-03 13:18:00.990  1438  1499 I chatty  : uid=1000(system) android.fg expire 2 lines
11-03 13:18:01.126  1438  2236 I chatty  : uid=1000(system) Binder:1438_A expire 2 lines
11-03 13:18:04.199  1438  1438 I chatty  : uid=1000 system_server expire 7 lines
11-03 13:18:04.200  1438  1477 I chatty  : uid=1000(system) ActivityManager expire 28 lines
11-03 13:18:26.460  1438  1467 I chatty  : uid=1000(system) Binder:1438_2 expire 1 line
11-03 13:18:26.969  1438  1677 I chatty  : uid=1000(system) Binder:1438_3 expire 1 line
11-03 13:18:27.408  1438 15842 I chatty  : uid=1000(system) Binder:1438_12 expire 2 lines
11-03 13:18:28.003  1438  2235 I chatty  : uid=1000(system) Binder:1438_9 expire 1 line
11-03 13:18:28.996  1438  1731 I chatty  : uid=1000(system) Binder:1438_4 expire 12 lines
11-03 13:18:29.024  1438  2107 I chatty  : uid=1000(system) Binder:1438_8 expire 24 lines
