11-03 13:22:41.548  1438  2276 V ActivityManager_bs: >>> EXECUTING create of ServiceRecord{350610d u0 com.android.inputmethod.latin/.spellcheck.AndroidSpellCheckerService} in app ProcessRecord{c950fab 1733:com.android.inputmethod.latin/u0a54}
11-03 13:22:41.551  1438  2276 V ActivityManager_bs: >>> EXECUTING bind of ServiceRecord{350610d u0 com.android.inputmethod.latin/.spellcheck.AndroidSpellCheckerService} in app ProcessRecord{c950fab 1733:com.android.inputmethod.latin/u0a54}
11-03 13:22:41.552  1438  2276 V ActivityManager_bs: Bind ServiceRecord{350610d u0 com.android.inputmethod.latin/.spellcheck.AndroidSpellCheckerService} with AppBindRecord{3d978c2 com.android.inputmethod.latin/.spellcheck.AndroidSpellCheckerService:system}: received=false apps=1 doRebind=false
11-03 13:22:41.554  1438  1677 V ActivityManager_bs: <<< DONE EXECUTING ServiceRecord{350610d u0 com.android.inputmethod.latin/.spellcheck.AndroidSpellCheckerService}: nesting=2, inDestroying=false, app=ProcessRecord{c950fab 1733:com.android.inputmethod.latin/u0a54}
11-03 13:22:41.555  1438  1731 V ActivityManager_bs: PUBLISHING ServiceRecord{350610d u0 com.android.inputmethod.latin/.spellcheck.AndroidSpellCheckerService} Intent { act=android.service.textservice.SpellCheckerService cmp=com.android.inputmethod.latin/.spellcheck.AndroidSpellCheckerService }: android.os.BinderProxy@e6fb6d3
11-03 13:22:41.555  1438  1731 V ActivityManager_bs: Publishing to: ConnectionRecord{ca9dfa4 u0 CR FGSA com.android.inputmethod.latin/.spellcheck.AndroidSpellCheckerService:@14c6e37}
11-03 13:22:41.555  1438  1731 V ActivityManager_bs: <<< DONE EXECUTING ServiceRecord{350610d u0 com.android.inputmethod.latin/.spellcheck.AndroidSpellCheckerService}: nesting=1, inDestroying=false, app=ProcessRecord{c950fab 1733:com.android.inputmethod.latin/u0a54}
11-03 13:22:41.556  1438  1731 V ActivityManager_bs: Nesting at 0 of com.android.inputmethod.latin/.spellcheck.AndroidSpellCheckerService
11-03 13:22:41.556  1438  1731 V ActivityManager: No more executingServices of com.android.inputmethod.latin/.spellcheck.AndroidSpellCheckerService
11-03 13:22:41.561  1438  1829 V ActivityManager_bs: stopServiceToken: ComponentInfo{com.android.dialer/com.android.dialer.calllog.CallLogNotificationsService} ServiceRecord{41d4ee3 u0 com.android.dialer/.calllog.CallLogNotificationsService} startId=1
11-03 13:22:41.561  1438  1829 V ActivityManager_bs: Bringing down ServiceRecord{41d4ee3 u0 com.android.dialer/.calllog.CallLogNotificationsService} android.content.Intent$FilterComparison@5672c16e
11-03 13:22:41.561  1438  1829 V ActivityManager_bs: >>> EXECUTING destroy of ServiceRecord{41d4ee3 u0 com.android.dialer/.calllog.CallLogNotificationsService} in app ProcessRecord{d84eee8 25696:com.android.dialer/u0a15}
11-03 13:22:41.598  1438 15775 V Telecom : Logging: START_SESSION: TSI.iVMN@K5g
11-03 13:22:41.600  1438 15775 V Telecom : Logging: CREATE_SUBSESSION (Invisible subsession): TSI.iVMN@K5g
11-03 13:22:41.600  1438 15775 V Telecom : Logging: CONTINUE_SUBSESSION (Invisible Subsession) with Method TSI.gDDP: TSI.iVMN@K5g
11-03 13:22:41.607  1438 15775 V Telecom : Logging: CREATE_SUBSESSION (Invisible subsession): TSI.iVMN@K5g
11-03 13:22:41.608  1438 15775 V Telecom : Logging: CONTINUE_SUBSESSION (Invisible Subsession) with Method TSI.gSDP: TSI.iVMN@K5g
11-03 13:22:41.608  1438 15775 V Telecom : Logging: END_SUBSESSION (Invisible Subsession) (dur: 0 mS): TSI.iVMN@K5g
11-03 13:22:41.608  1438 15775 V Telecom : Logging: END_SUBSESSION (Invisible Subsession) (dur: 8 mS): TSI.iVMN@K5g
11-03 13:22:41.609  1438 15775 V Telecom : Logging: CREATE_SUBSESSION (Invisible subsession): TSI.iVMN@K5g
11-03 13:22:41.610  1438 15775 V Telecom : Logging: CONTINUE_SUBSESSION (Invisible Subsession) with Method TSI.gSDP: TSI.iVMN@K5g
11-03 13:22:41.610  1438 15775 V Telecom : Logging: END_SUBSESSION (Invisible Subsession) (dur: 1 mS): TSI.iVMN@K5g
11-03 13:22:41.616  1438 15775 V Telecom : Logging: END_SUBSESSION (dur: 18 mS): TSI.iVMN@K5g
11-03 13:22:41.616  1438 15775 V Telecom : Logging: END_SESSION (dur: 18 ms): TSI.iVMN@K5g
11-03 13:22:41.616  1438 15775 D StrictMode: Wrote violation #3 of 4: 10284 bytes
11-03 13:22:41.629  1438 15838 V Telecom : Logging: START_SESSION: TSI.gPA@K5k
11-03 13:22:41.629  1438 15838 V Telecom : Logging: END_SUBSESSION (dur: 0 mS): TSI.gPA@K5k
11-03 13:22:41.630  1438 15838 V Telecom : Logging: END_SESSION (dur: 1 ms): TSI.gPA@K5k
11-03 13:22:41.632  1438 15839 V Telecom : Logging: START_SESSION: TSI.gCCPA@K5o
11-03 13:22:41.633  1438 15839 V Telecom : Logging: CREATE_SUBSESSION (Invisible subsession): TSI.gCCPA@K5o
11-03 13:22:41.634  1438 15839 V Telecom : Logging: CONTINUE_SUBSESSION (Invisible Subsession) with Method TSI.gDDP: TSI.gCCPA@K5o
11-03 13:22:41.639  2140  2153 E ActivityThread: Failed to find provider info for com.android.contacts
11-03 13:22:41.639  1438 15839 V Telecom : Logging: CREATE_SUBSESSION (Invisible subsession): TSI.gCCPA@K5o
11-03 13:22:41.640  1438 15839 V Telecom : Logging: CONTINUE_SUBSESSION (Invisible Subsession) with Method TSI.gSDP: TSI.gCCPA@K5o
11-03 13:22:41.640  1438 15839 V Telecom : Logging: END_SUBSESSION (Invisible Subsession) (dur: 0 mS): TSI.gCCPA@K5o
11-03 13:22:41.640  1438 15839 V Telecom : Logging: END_SUBSESSION (Invisible Subsession) (dur: 6 mS): TSI.gCCPA@K5o
11-03 13:22:41.642  1438 15839 V Telecom : Logging: CREATE_SUBSESSION (Invisible subsession): TSI.gCCPA@K5o
11-03 13:22:41.642  1438 15839 V Telecom : Logging: CONTINUE_SUBSESSION (Invisible Subsession) with Method TSI.gSDP: TSI.gCCPA@K5o
11-03 13:22:41.643  1438 15839 V Telecom : Logging: END_SUBSESSION (Invisible Subsession) (dur: 1 mS): TSI.gCCPA@K5o
11-03 13:22:41.646  1438 15839 V Telecom : Logging: END_SUBSESSION (dur: 14 mS): TSI.gCCPA@K5o
11-03 13:22:41.646  1438 15839 V Telecom : Logging: END_SESSION (dur: 14 ms): TSI.gCCPA@K5o
11-03 13:22:41.653  2140  4085 E ActivityThread: Failed to find provider info for com.android.contacts
11-03 13:22:41.675  1438 15844 V Telecom : Logging: START_SESSION: TSI.iVMN@K5s
11-03 13:22:41.676  1438 15844 V Telecom : Logging: CREATE_SUBSESSION (Invisible subsession): TSI.iVMN@K5s
11-03 13:22:41.676  1438 15844 V Telecom : Logging: CONTINUE_SUBSESSION (Invisible Subsession) with Method TSI.gDDP: TSI.iVMN@K5s
11-03 13:22:41.681  1438 15844 V Telecom : Logging: CREATE_SUBSESSION (Invisible subsession): TSI.iVMN@K5s
11-03 13:22:41.681  1438 15844 V Telecom : Logging: CONTINUE_SUBSESSION (Invisible Subsession) with Method TSI.gSDP: TSI.iVMN@K5s
11-03 13:22:41.681  1438 15844 V Telecom : Logging: END_SUBSESSION (Invisible Subsession) (dur: 0 mS): TSI.iVMN@K5s
11-03 13:22:41.682  1438 15844 V Telecom : Logging: END_SUBSESSION (Invisible Subsession) (dur: 6 mS): TSI.iVMN@K5s
11-03 13:22:41.683  1438 15844 V Telecom : Logging: CREATE_SUBSESSION (Invisible subsession): TSI.iVMN@K5s
11-03 13:22:41.683  1438 15844 V Telecom : Logging: CONTINUE_SUBSESSION (Invisible Subsession) with Method TSI.gSDP: TSI.iVMN@K5s
11-03 13:22:41.683  1438 15844 V Telecom : Logging: END_SUBSESSION (Invisible Subsession) (dur: 0 mS): TSI.iVMN@K5s
11-03 13:22:41.684  1438 15844 D Telecom : : null is not visible for the calling user [iVMN]: TSI.iVMN@K5s
11-03 13:22:41.684  1438 15844 V Telecom : Logging: END_SUBSESSION (dur: 9 mS): TSI.iVMN@K5s
11-03 13:22:41.684  1438 15844 V Telecom : Logging: END_SESSION (dur: 9 ms): TSI.iVMN@K5s
11-03 13:22:41.691  1438 15843 V Telecom : Logging: START_SESSION: TSI.gPA@K5w
11-03 13:22:41.691  1438 15843 V Telecom : Logging: END_SUBSESSION (dur: 0 mS): TSI.gPA@K5w
11-03 13:22:41.692  1438 15843 V Telecom : Logging: END_SESSION (dur: 1 ms): TSI.gPA@K5w
11-03 13:22:41.694  1438  1731 V Telecom : Logging: START_SESSION: TSI.gCCPA@K50
11-03 13:22:41.695  1438  1731 V Telecom : Logging: CREATE_SUBSESSION (Invisible subsession): TSI.gCCPA@K50
11-03 13:22:41.695  1438  1731 V Telecom : Logging: CONTINUE_SUBSESSION (Invisible Subsession) with Method TSI.gDDP: TSI.gCCPA@K50
11-03 13:22:41.702  1438  1731 V Telecom : Logging: CREATE_SUBSESSION (Invisible subsession): TSI.gCCPA@K50
11-03 13:22:41.702  1438  1731 V Telecom : Logging: CONTINUE_SUBSESSION (Invisible Subsession) with Method TSI.gSDP: TSI.gCCPA@K50
11-03 13:22:41.702  1438  1731 V Telecom : Logging: END_SUBSESSION (Invisible Subsession) (dur: 0 mS): TSI.gCCPA@K50
11-03 13:22:41.703  1438  1731 V Telecom : Logging: END_SUBSESSION (Invisible Subsession) (dur: 8 mS): TSI.gCCPA@K50
11-03 13:22:41.704  1438  1731 V Telecom : Logging: CREATE_SUBSESSION (Invisible subsession): TSI.gCCPA@K50
11-03 13:22:41.704  1438  1731 V Telecom : Logging: CONTINUE_SUBSESSION (Invisible Subsession) with Method TSI.gSDP: TSI.gCCPA@K50
11-03 13:22:41.704  1438  1731 V Telecom : Logging: END_SUBSESSION (Invisible Subsession) (dur: 0 mS): TSI.gCCPA@K50
11-03 13:22:41.706  1438  1731 V Telecom : Logging: END_SUBSESSION (dur: 12 mS): TSI.gCCPA@K50
11-03 13:22:41.706  1438  1731 V Telecom : Logging: END_SESSION (dur: 12 ms): TSI.gCCPA@K50
11-03 13:22:41.713  2140 17836 E ActivityThread: Failed to find provider info for com.android.contacts
11-03 13:22:41.722  1438 15843 V Telecom : Logging: START_SESSION: TSI.iVMN@K54
11-03 13:22:41.723  1438 15843 V Telecom : Logging: CREATE_SUBSESSION (Invisible subsession): TSI.iVMN@K54
11-03 13:22:41.723  1438 15843 V Telecom : Logging: CONTINUE_SUBSESSION (Invisible Subsession) with Method TSI.gDDP: TSI.iVMN@K54
11-03 13:22:41.729  1438 15843 V Telecom : Logging: CREATE_SUBSESSION (Invisible subsession): TSI.iVMN@K54
11-03 13:22:41.729  1438 15843 V Telecom : Logging: CONTINUE_SUBSESSION (Invisible Subsession) with Method TSI.gSDP: TSI.iVMN@K54
11-03 13:22:41.730  1438 15843 V Telecom : Logging: END_SUBSESSION (Invisible Subsession) (dur: 1 mS): TSI.iVMN@K54
11-03 13:22:41.730  1438 15843 V Telecom : Logging: END_SUBSESSION (Invisible Subsession) (dur: 7 mS): TSI.iVMN@K54
11-03 13:22:41.731  1438 15843 V Telecom : Logging: CREATE_SUBSESSION (Invisible subsession): TSI.iVMN@K54
11-03 13:22:41.731  1438 15843 V Telecom : Logging: CONTINUE_SUBSESSION (Invisible Subsession) with Method TSI.gSDP: TSI.iVMN@K54
11-03 13:22:41.732  1438 15843 V Telecom : Logging: END_SUBSESSION (Invisible Subsession) (dur: 1 mS): TSI.iVMN@K54
11-03 13:22:41.732  1438 15843 D Telecom : : null is not visible for the calling user [iVMN]: TSI.iVMN@K54
11-03 13:22:41.733  2140 16479 E ActivityThread: Failed to find provider info for com.android.contacts
11-03 13:22:41.733  1438 15843 V Telecom : Logging: END_SUBSESSION (dur: 12 mS): TSI.iVMN@K54
11-03 13:22:41.733  1438 15843 V Telecom : Logging: END_SESSION (dur: 12 ms): TSI.iVMN@K54
11-03 13:22:41.751  1438 15838 V Telecom : Logging: START_SESSION: TSI.iVMN@K58
11-03 13:22:41.754  1438 15838 V Telecom : Logging: CREATE_SUBSESSION (Invisible subsession): TSI.iVMN@K58
11-03 13:22:41.754  1438 15838 V Telecom : Logging: CONTINUE_SUBSESSION (Invisible Subsession) with Method TSI.gDDP: TSI.iVMN@K58
11-03 13:22:41.760  1438 15838 V Telecom : Logging: CREATE_SUBSESSION (Invisible subsession): TSI.iVMN@K58
11-03 13:22:41.761  1438 15838 V Telecom : Logging: CONTINUE_SUBSESSION (Invisible Subsession) with Method TSI.gSDP: TSI.iVMN@K58
11-03 13:22:41.761  1438 15838 V Telecom : Logging: END_SUBSESSION (Invisible Subsession) (dur: 0 mS): TSI.iVMN@K58
11-03 13:22:41.762  1438 15838 V Telecom : Logging: END_SUBSESSION (Invisible Subsession) (dur: 8 mS): TSI.iVMN@K58
11-03 13:22:41.762  2140 19937 E ActivityThread: Failed to find provider info for com.android.contacts
11-03 13:22:41.763  1438 15838 V Telecom : Logging: CREATE_SUBSESSION (Invisible subsession): TSI.iVMN@K58
11-03 13:22:41.763  1438 15838 V Telecom : Logging: CONTINUE_SUBSESSION (Invisible Subsession) with Method TSI.gSDP: TSI.iVMN@K58
11-03 13:22:41.764  1438 15838 V Telecom : Logging: END_SUBSESSION (Invisible Subsession) (dur: 1 mS): TSI.iVMN@K58
11-03 13:22:41.770  1438 15838 V Telecom : Logging: END_SUBSESSION (dur: 19 mS): TSI.iVMN@K58
11-03 13:22:41.771  1438 15838 V Telecom : Logging: END_SESSION (dur: 20 ms): TSI.iVMN@K58
11-03 13:22:41.771  1438 15838 D StrictMode: Wrote violation #3 of 4: 10284 bytes
11-03 13:22:41.782  2140  4086 E ActivityThread: Failed to find provider info for com.android.contacts
11-03 13:22:41.809  2140 15933 E ActivityThread: Failed to find provider info for com.android.contacts
11-03 13:22:41.824  1438  1828 V Telecom : Logging: START_SESSION: TSI.iVMN@K6A
11-03 13:22:41.825  1438  1828 V Telecom : Logging: CREATE_SUBSESSION (Invisible subsession): TSI.iVMN@K6A
11-03 13:22:41.825  1438  1828 V Telecom : Logging: CONTINUE_SUBSESSION (Invisible Subsession) with Method TSI.gDDP: TSI.iVMN@K6A
11-03 13:22:41.832  1438  1828 V Telecom : Logging: CREATE_SUBSESSION (Invisible subsession): TSI.iVMN@K6A
11-03 13:22:41.832  1438  1828 V Telecom : Logging: CONTINUE_SUBSESSION (Invisible Subsession) with Method TSI.gSDP: TSI.iVMN@K6A
11-03 13:22:41.832  1438  1828 V Telecom : Logging: END_SUBSESSION (Invisible Subsession) (dur: 0 mS): TSI.iVMN@K6A
11-03 13:22:41.832  1438  1828 V Telecom : Logging: END_SUBSESSION (Invisible Subsession) (dur: 7 mS): TSI.iVMN@K6A
11-03 13:22:41.834  2140 17836 E ActivityThread: Failed to find provider info for com.android.contacts
11-03 13:22:41.834  1438  1828 V Telecom : Logging: CREATE_SUBSESSION (Invisible subsession): TSI.iVMN@K6A
11-03 13:22:41.834  1438  1828 V Telecom : Logging: CONTINUE_SUBSESSION (Invisible Subsession) with Method TSI.gSDP: TSI.iVMN@K6A
11-03 13:22:41.834  1438  1828 V Telecom : Logging: END_SUBSESSION (Invisible Subsession) (dur: 0 mS): TSI.iVMN@K6A
11-03 13:22:41.841  1438  1828 V Telecom : Logging: END_SUBSESSION (dur: 17 mS): TSI.iVMN@K6A
11-03 13:22:41.841  1438  1828 V Telecom : Logging: END_SESSION (dur: 17 ms): TSI.iVMN@K6A
11-03 13:22:41.842  1438  1828 D StrictMode: Wrote violation #3 of 4: 10284 bytes
11-03 13:22:41.850  1438 15843 V Telecom : Logging: START_SESSION: TSI.gPA@K6E
11-03 13:22:41.850  1438 15843 V Telecom : Logging: END_SUBSESSION (dur: 0 mS): TSI.gPA@K6E
11-03 13:22:41.851  1438 15843 V Telecom : Logging: END_SESSION (dur: 1 ms): TSI.gPA@K6E
11-03 13:22:41.853  1438  2013 V Telecom : Logging: START_SESSION: TSI.gCCPA@K6I
11-03 13:22:41.853  1438  2013 V Telecom : Logging: CREATE_SUBSESSION (Invisible subsession): TSI.gCCPA@K6I
11-03 13:22:41.854  1438  2013 V Telecom : Logging: CONTINUE_SUBSESSION (Invisible Subsession) with Method TSI.gDDP: TSI.gCCPA@K6I
11-03 13:22:41.858  1438  2013 V Telecom : Logging: CREATE_SUBSESSION (Invisible subsession): TSI.gCCPA@K6I
11-03 13:22:41.858  1438  2013 V Telecom : Logging: CONTINUE_SUBSESSION (Invisible Subsession) with Method TSI.gSDP: TSI.gCCPA@K6I
11-03 13:22:41.859  1438  2013 V Telecom : Logging: END_SUBSESSION (Invisible Subsession) (dur: 1 mS): TSI.gCCPA@K6I
11-03 13:22:41.859  1438  2013 V Telecom : Logging: END_SUBSESSION (Invisible Subsession) (dur: 5 mS): TSI.gCCPA@K6I
11-03 13:22:41.860  1438  2013 V Telecom : Logging: CREATE_SUBSESSION (Invisible subsession): TSI.gCCPA@K6I
11-03 13:22:41.860  1438  2013 V Telecom : Logging: CONTINUE_SUBSESSION (Invisible Subsession) with Method TSI.gSDP: TSI.gCCPA@K6I
11-03 13:22:41.860  1438  2013 V Telecom : Logging: END_SUBSESSION (Invisible Subsession) (dur: 0 mS): TSI.gCCPA@K6I
11-03 13:22:41.861  1438  2013 V Telecom : Logging: END_SUBSESSION (dur: 9 mS): TSI.gCCPA@K6I
11-03 13:22:41.862  1438  2013 V Telecom : Logging: END_SESSION (dur: 10 ms): TSI.gCCPA@K6I
11-03 13:22:41.878  1438 15775 V Telecom : Logging: START_SESSION: TSI.iVMN@K6M
11-03 13:22:41.879  1438 15775 V Telecom : Logging: CREATE_SUBSESSION (Invisible subsession): TSI.iVMN@K6M
11-03 13:22:41.880  1438 15775 V Telecom : Logging: CONTINUE_SUBSESSION (Invisible Subsession) with Method TSI.gDDP: TSI.iVMN@K6M
11-03 13:22:41.886  1438 15775 V Telecom : Logging: CREATE_SUBSESSION (Invisible subsession): TSI.iVMN@K6M
11-03 13:22:41.886  1438 15775 V Telecom : Logging: CONTINUE_SUBSESSION (Invisible Subsession) with Method TSI.gSDP: TSI.iVMN@K6M
11-03 13:22:41.886  1438 15775 V Telecom : Logging: END_SUBSESSION (Invisible Subsession) (dur: 0 mS): TSI.iVMN@K6M
11-03 13:22:41.887  1438 15775 V Telecom : Logging: END_SUBSESSION (Invisible Subsession) (dur: 7 mS): TSI.iVMN@K6M
11-03 13:22:41.887  1438 15775 V Telecom : Logging: CREATE_SUBSESSION (Invisible subsession): TSI.iVMN@K6M
11-03 13:22:41.888  1438 15775 V Telecom : Logging: CONTINUE_SUBSESSION (Invisible Subsession) with Method TSI.gSDP: TSI.iVMN@K6M
11-03 13:22:41.888  1438 15775 V Telecom : Logging: END_SUBSESSION (Invisible Subsession) (dur: 0 mS): TSI.iVMN@K6M
11-03 13:22:41.888  1438 15775 D Telecom : : ComponentInfo{com.android.phone/com.android.services.telephony.TelephonyConnectionService}, [356a192b7913b04c54574d18c28d46e6395428ab], UserHandle{0} is not visible for the calling user [iVMN]: TSI.iVMN@K6M
11-03 13:22:41.888  1438 15775 V Telecom : Logging: END_SUBSESSION (dur: 10 mS): TSI.iVMN@K6M
11-03 13:22:41.889  1438 15775 V Telecom : Logging: END_SESSION (dur: 11 ms): TSI.iVMN@K6M
11-03 13:22:41.896  1438 15840 V Telecom : Logging: START_SESSION: TSI.gPA@K6Q
11-03 13:22:41.897  1438 15840 V Telecom : Logging: END_SUBSESSION (dur: 1 mS): TSI.gPA@K6Q
11-03 13:22:41.897  1438 15840 V Telecom : Logging: END_SESSION (dur: 1 ms): TSI.gPA@K6Q
11-03 13:22:41.898  1438  1731 V Telecom : Logging: START_SESSION: TSI.gCCPA@K6U
11-03 13:22:41.899  1438  1731 V Telecom : Logging: CREATE_SUBSESSION (Invisible subsession): TSI.gCCPA@K6U
11-03 13:22:41.900  1438  1731 V Telecom : Logging: CONTINUE_SUBSESSION (Invisible Subsession) with Method TSI.gDDP: TSI.gCCPA@K6U
11-03 13:22:41.906  1438  1731 V Telecom : Logging: CREATE_SUBSESSION (Invisible subsession): TSI.gCCPA@K6U
11-03 13:22:41.906  1438  1731 V Telecom : Logging: CONTINUE_SUBSESSION (Invisible Subsession) with Method TSI.gSDP: TSI.gCCPA@K6U
11-03 13:22:41.907  1438  1731 V Telecom : Logging: END_SUBSESSION (Invisible Subsession) (dur: 1 mS): TSI.gCCPA@K6U
11-03 13:22:41.907  1438  1731 V Telecom : Logging: END_SUBSESSION (Invisible Subsession) (dur: 7 mS): TSI.gCCPA@K6U
11-03 13:22:41.908  1438  1731 V Telecom : Logging: CREATE_SUBSESSION (Invisible subsession): TSI.gCCPA@K6U
11-03 13:22:41.909  1438  1731 V Telecom : Logging: CONTINUE_SUBSESSION (Invisible Subsession) with Method TSI.gSDP: TSI.gCCPA@K6U
11-03 13:22:41.909  1438  1731 V Telecom : Logging: END_SUBSESSION (Invisible Subsession) (dur: 0 mS): TSI.gCCPA@K6U
11-03 13:22:41.911  1438  1731 V Telecom : Logging: END_SUBSESSION (dur: 13 mS): TSI.gCCPA@K6U
11-03 13:22:41.911  1438  1731 V Telecom : Logging: END_SESSION (dur: 13 ms): TSI.gCCPA@K6U
11-03 13:22:41.961  1438  1467 V ActivityManager_bs: <<< DONE EXECUTING ServiceRecord{41d4ee3 u0 com.android.dialer/.calllog.CallLogNotificationsService}: nesting=1, inDestroying=true, app=ProcessRecord{d84eee8 25696:com.android.dialer/u0a15}
11-03 13:22:41.962  1438  1467 V ActivityManager_bs: Nesting at 0 of com.android.dialer/.calllog.CallLogNotificationsService
11-03 13:22:41.962  1438  1467 V ActivityManager: No more executingServices of com.android.dialer/.calllog.CallLogNotificationsService
11-03 13:22:41.962  1438  1467 V ActivityManager_bs: doneExecuting remove destroying ServiceRecord{41d4ee3 u0 com.android.dialer/.calllog.CallLogNotificationsService}
11-03 13:22:42.005  1438 19359 I WindowManager: Destroying surface Surface(name=com.monster.launcher/com.monster.launcher.Launcher) called by com.android.server.wm.WindowStateAnimator.destroySurface:2026 com.android.server.wm.WindowStateAnimator.destroySurfaceLocked:893 com.android.server.wm.WindowState.destroyOrSaveSurface:2073 com.android.server.wm.AppWindowToken.destroySurfaces:363 com.android.server.wm.AppWindowToken.notifyAppStopped:389 com.android.server.wm.WindowManagerService.notifyAppStopped:4475 com.android.server.am.ActivityStack.activityStoppedLocked:1331 com.android.server.am.ActivityManagerService.activityStopped:7332 
11-03 13:22:42.155  1438  1501 I WindowManager: Destroying surface Surface(name=Starting com.android.dialer) called by com.android.server.wm.WindowStateAnimator.destroySurface:2026 com.android.server.wm.WindowStateAnimator.destroySurfaceLocked:893 com.android.server.wm.WindowState.destroyOrSaveSurface:2073 com.android.server.wm.AppWindowToken.destroySurfaces:363 com.android.server.wm.WindowStateAnimator.finishExit:577 com.android.server.wm.WindowStateAnimator.stepAnimationLocked:503 com.android.server.wm.WindowAnimator.updateWindowsLocked:303 com.android.server.wm.WindowAnimator.animateLocked:704 
11-03 13:22:42.659  1438 15844 V ActivityManager: Broadcast sticky: Intent { act=android.intent.action.SIG_STR flg=0x20000010 (has extras) } ordered=false userid=-1
11-03 13:22:42.659  1438 15844 V ActivityManager: Enqueing broadcast: android.intent.action.SIG_STR replacePending=true
11-03 13:22:42.661  1438 15845 V ActivityManager: Broadcast sticky: Intent { act=android.intent.action.SIG_STR flg=0x20000010 (has extras) } ordered=false userid=-1
11-03 13:22:42.661  1438 15845 V ActivityManager: Enqueing broadcast: android.intent.action.SIG_STR replacePending=true
11-03 13:22:43.155  1438 15840 V Telecom : Logging: START_SESSION: TSI.iVMN@K6Y
11-03 13:22:43.157  1438 15840 V Telecom : Logging: CREATE_SUBSESSION (Invisible subsession): TSI.iVMN@K6Y
11-03 13:22:43.157  1438 15840 V Telecom : Logging: CONTINUE_SUBSESSION (Invisible Subsession) with Method TSI.gDDP: TSI.iVMN@K6Y
11-03 13:22:43.163  1438 15840 V Telecom : Logging: CREATE_SUBSESSION (Invisible subsession): TSI.iVMN@K6Y
11-03 13:22:43.163  1438 15840 V Telecom : Logging: CONTINUE_SUBSESSION (Invisible Subsession) with Method TSI.gSDP: TSI.iVMN@K6Y
11-03 13:22:43.163  1438 15840 V Telecom : Logging: END_SUBSESSION (Invisible Subsession) (dur: 0 mS): TSI.iVMN@K6Y
11-03 13:22:43.164  1438 15840 V Telecom : Logging: END_SUBSESSION (Invisible Subsession) (dur: 7 mS): TSI.iVMN@K6Y
11-03 13:22:43.165  1438 15840 V Telecom : Logging: CREATE_SUBSESSION (Invisible subsession): TSI.iVMN@K6Y
11-03 13:22:43.165  1438 15840 V Telecom : Logging: CONTINUE_SUBSESSION (Invisible Subsession) with Method TSI.gSDP: TSI.iVMN@K6Y
11-03 13:22:43.165  1438 15840 V Telecom : Logging: END_SUBSESSION (Invisible Subsession) (dur: 0 mS): TSI.iVMN@K6Y
11-03 13:22:43.166  1438 15840 D Telecom : : ComponentInfo{com.android.phone/com.android.services.telephony.TelephonyConnectionService}, [356a192b7913b04c54574d18c28d46e6395428ab], UserHandle{0} is not visible for the calling user [iVMN]: TSI.iVMN@K6Y
11-03 13:22:43.166  1438 15840 V Telecom : Logging: END_SUBSESSION (dur: 11 mS): TSI.iVMN@K6Y
11-03 13:22:43.166  1438 15840 V Telecom : Logging: END_SESSION (dur: 11 ms): TSI.iVMN@K6Y
11-03 13:22:43.204  2140 15933 E ActivityThread: Failed to find provider info for com.android.contacts
11-03 13:22:43.229  2140 17836 E ActivityThread: Failed to find provider info for com.android.contacts
11-03 13:22:44.601  1438  1703 E TaskPersister: File error accessing recents directory (directory doesn't exist?).
11-03 13:22:46.434  1438  2276 V ActivityManager: Broadcast sticky: Intent { act=android.intent.action.SIG_STR flg=0x20000010 (has extras) } ordered=false userid=-1
11-03 13:22:46.437  1438  2276 V ActivityManager: Enqueing broadcast: android.intent.action.SIG_STR replacePending=true
11-03 13:22:51.423  1438  1499 V ActivityManager: Broadcast: Intent { act=android.net.conn.DATA_ACTIVITY_CHANGE flg=0x10 (has extras) } ordered=true userid=-1
11-03 13:22:51.424  1438  1499 V ActivityManager: Enqueing broadcast: android.net.conn.DATA_ACTIVITY_CHANGE replacePending=false
11-03 13:22:51.782  1438  2276 V ActivityManager: Broadcast sticky: Intent { act=android.intent.action.SIG_STR flg=0x20000010 (has extras) } ordered=false userid=-1
11-03 13:22:51.784  1438  2276 V ActivityManager: Enqueing broadcast: android.intent.action.SIG_STR replacePending=true
11-03 13:22:52.422  1438 15843 V Telecom : Logging: START_SESSION: TSI.gDDP@K6c
11-03 13:22:52.427  1438 15843 V Telecom : Logging: CREATE_SUBSESSION (Invisible subsession): TSI.gDDP@K6c
11-03 13:22:52.428  1438 15843 V Telecom : Logging: CONTINUE_SUBSESSION (Invisible Subsession) with Method TSI.gSDP: TSI.gDDP@K6c
11-03 13:22:52.428  1438 15843 V Telecom : Logging: END_SUBSESSION (Invisible Subsession) (dur: 1 mS): TSI.gDDP@K6c
11-03 13:22:52.428  1438 15843 V Telecom : Logging: END_SUBSESSION (dur: 6 mS): TSI.gDDP@K6c
11-03 13:22:52.428  1438 15843 V Telecom : Logging: END_SESSION (dur: 6 ms): TSI.gDDP@K6c
11-03 13:22:52.433  1438 15838 V Telecom : Logging: START_SESSION: TSI.gDDP@K6g
11-03 13:22:52.434  1438 19359 V Telecom : Logging: START_SESSION: TSI.gDDP@K6k
11-03 13:22:52.438  1438 15838 V Telecom : Logging: CREATE_SUBSESSION (Invisible subsession): TSI.gDDP@K6g
11-03 13:22:52.438  1438 15838 V Telecom : Logging: CONTINUE_SUBSESSION (Invisible Subsession) with Method TSI.gSDP: TSI.gDDP@K6g
11-03 13:22:52.439  1438 15838 V Telecom : Logging: END_SUBSESSION (Invisible Subsession) (dur: 1 mS): TSI.gDDP@K6g
11-03 13:22:52.439  1438 15838 V Telecom : Logging: END_SUBSESSION (dur: 6 mS): TSI.gDDP@K6g
11-03 13:22:52.439  1438 15838 V Telecom : Logging: END_SESSION (dur: 6 ms): TSI.gDDP@K6g
11-03 13:22:52.441  1438 19359 V Telecom : Logging: CREATE_SUBSESSION (Invisible subsession): TSI.gDDP@K6k
11-03 13:22:52.443  1438 19359 V Telecom : Logging: CONTINUE_SUBSESSION (Invisible Subsession) with Method TSI.gSDP: TSI.gDDP@K6k
11-03 13:22:52.444  1438  2107 V Telecom : Logging: START_SESSION: TSI.cMCN@K6o
11-03 13:22:52.445  1438 19359 V Telecom : Logging: END_SUBSESSION (Invisible Subsession) (dur: 4 mS): TSI.gDDP@K6k
11-03 13:22:52.446  1438 19359 V Telecom : Logging: END_SUBSESSION (dur: 11 mS): TSI.gDDP@K6k
11-03 13:22:52.446  1438 19359 V Telecom : Logging: END_SESSION (dur: 12 ms): TSI.gDDP@K6k
11-03 13:22:52.448  1438  2107 V Telecom : Logging: CREATE_SUBSESSION (Invisible subsession): TSI.cMCN@K6o
11-03 13:22:52.449  1438  2107 V Telecom : Logging: CONTINUE_SUBSESSION (Invisible Subsession) with Method TSI.gDDP: TSI.cMCN@K6o
11-03 13:22:52.449  1438 15839 V Telecom : Logging: START_SESSION: TSI.gSDP@K6s
11-03 13:22:52.450  1438 15839 V Telecom : Logging: END_SUBSESSION (dur: 1 mS): TSI.gSDP@K6s
11-03 13:22:52.450  1438 15839 V Telecom : Logging: END_SESSION (dur: 1 ms): TSI.gSDP@K6s
11-03 13:22:52.454  1438  2107 V Telecom : Logging: CREATE_SUBSESSION (Invisible subsession): TSI.cMCN@K6o
11-03 13:22:52.454  1438  2107 V Telecom : Logging: CONTINUE_SUBSESSION (Invisible Subsession) with Method TSI.gSDP: TSI.cMCN@K6o
11-03 13:22:52.455  1438  2107 V Telecom : Logging: END_SUBSESSION (Invisible Subsession) (dur: 1 mS): TSI.cMCN@K6o
11-03 13:22:52.456  1438  2107 V Telecom : Logging: END_SUBSESSION (Invisible Subsession) (dur: 7 mS): TSI.cMCN@K6o
11-03 13:22:52.457  1438  2107 V Telecom : Logging: CREATE_SUBSESSION (Invisible subsession): TSI.cMCN@K6o
11-03 13:22:52.457  1438  2107 V Telecom : Logging: CONTINUE_SUBSESSION (Invisible Subsession) with Method TSI.gSDP: TSI.cMCN@K6o
11-03 13:22:52.458  1438  2107 V Telecom : Logging: END_SUBSESSION (Invisible Subsession) (dur: 1 mS): TSI.cMCN@K6o
11-03 13:22:52.462  1438  2107 V Telecom : Logging: CREATE_SUBSESSION (Invisible subsession): TSI.cMCN@K6o
11-03 13:22:52.462  1438  2107 V Telecom : Logging: CONTINUE_SUBSESSION (Invisible Subsession) with Method TSI.gSDP: TSI.cMCN@K6o
11-03 13:22:52.462  1438  2107 V Telecom : Logging: END_SUBSESSION (Invisible Subsession) (dur: 0 mS): TSI.cMCN@K6o
11-03 13:22:52.462  1438  2107 V Telecom : Logging: CREATE_SUBSESSION TSI.cMCN@K6o_3: TSI.cMCN@K6o
11-03 13:22:52.463  1438 25829 V Telecom : Logging: CONTINUE_SUBSESSION: TSI.cMCN->MCNI.mMCAR@K6o_3
11-03 13:22:52.469  1438 25829 V Telecom : Logging: END_SUBSESSION (dur: 6 mS): TSI.cMCN->MCNI.mMCAR@K6o_3
11-03 13:22:52.471  1438  2107 V Telecom : Logging: CREATE_SUBSESSION (Invisible subsession): TSI.cMCN@K6o
11-03 13:22:52.471  1438  2107 V Telecom : Logging: CONTINUE_SUBSESSION (Invisible Subsession) with Method TSI.gSDP: TSI.cMCN@K6o
11-03 13:22:52.472  1438  2107 V Telecom : Logging: END_SUBSESSION (Invisible Subsession) (dur: 1 mS): TSI.cMCN@K6o
11-03 13:22:52.472  1438  2107 V Telecom : Logging: END_SUBSESSION (dur: 28 mS): TSI.cMCN@K6o
11-03 13:22:52.472  1438  2107 V Telecom : Logging: END_SESSION (dur: 28 ms): TSI.cMCN@K6o
11-03 13:22:52.475  1438 19358 V Telecom : Logging: START_SESSION: TSI.gDDP@K6w
11-03 13:22:52.480  1438 19358 V Telecom : Logging: CREATE_SUBSESSION (Invisible subsession): TSI.gDDP@K6w
11-03 13:22:52.480  1438 19358 V Telecom : Logging: CONTINUE_SUBSESSION (Invisible Subsession) with Method TSI.gSDP: TSI.gDDP@K6w
11-03 13:22:52.480  1438 19358 V Telecom : Logging: END_SUBSESSION (Invisible Subsession) (dur: 0 mS): TSI.gDDP@K6w
11-03 13:22:52.480  1438 19358 V Telecom : Logging: END_SUBSESSION (dur: 5 mS): TSI.gDDP@K6w
11-03 13:22:52.480  1438 19358 V Telecom : Logging: END_SESSION (dur: 5 ms): TSI.gDDP@K6w
11-03 13:22:52.483  1438  1466 V ActivityManager: startService: Intent { act=com.android.dialer.calllog.UPDATE_NOTIFICATIONS cmp=com.android.dialer/.calllog.CallLogNotificationsService } type=null
11-03 13:22:52.483  1438  1466 V ActivityManager_bs: startService: Intent { act=com.android.dialer.calllog.UPDATE_NOTIFICATIONS cmp=com.android.dialer/.calllog.CallLogNotificationsService } type=null args=null
11-03 13:22:52.483  1438  1466 V ActivityManager_bs: retrieveServiceLocked: Intent { act=com.android.dialer.calllog.UPDATE_NOTIFICATIONS cmp=com.android.dialer/.calllog.CallLogNotificationsService } type=null callingUid=10015
11-03 13:22:52.483  1438  1466 V ActivityManager_bs: Potential start delay of ServiceRecord{bf3a283 u0 com.android.dialer/.calllog.CallLogNotificationsService} in ProcessRecord{d84eee8 25696:com.android.dialer/u0a15}
11-03 13:22:52.484  1438  1466 V ActivityManager_bs: Not delaying: ServiceRecord{bf3a283 u0 com.android.dialer/.calllog.CallLogNotificationsService}
11-03 13:22:52.484  1438  1466 V ActivityManager_bs: Bringing up ServiceRecord{bf3a283 u0 com.android.dialer/.calllog.CallLogNotificationsService} android.content.Intent$FilterComparison@5672c16e
11-03 13:22:52.484  1438  1466 V ActivityManager_bs: >>> EXECUTING create of ServiceRecord{bf3a283 u0 com.android.dialer/.calllog.CallLogNotificationsService} in app ProcessRecord{d84eee8 25696:com.android.dialer/u0a15}
11-03 13:22:52.487  1438  1466 V ActivityManager_bs: Sending arguments to: ServiceRecord{bf3a283 u0 com.android.dialer/.calllog.CallLogNotificationsService} android.content.Intent$FilterComparison@5672c16e args=Intent { act=com.android.dialer.calllog.UPDATE_NOTIFICATIONS cmp=com.android.dialer/.calllog.CallLogNotificationsService }
11-03 13:22:52.487  1438  1466 V ActivityManager_bs: >>> EXECUTING start of ServiceRecord{bf3a283 u0 com.android.dialer/.calllog.CallLogNotificationsService} in app ProcessRecord{d84eee8 25696:com.android.dialer/u0a15}
11-03 13:22:52.488  1438  1466 V ActivityManager_bs: Starting background (first=true): ServiceRecord{bf3a283 u0 com.android.dialer/.calllog.CallLogNotificationsService}
11-03 13:22:52.488  1438  1466 V ActivityManager_bs: java.lang.RuntimeException: here
11-03 13:22:52.488  1438  1466 V ActivityManager_bs: 	at com.android.server.am.ActiveServices.startServiceInnerLocked(ActiveServices.java:535)
11-03 13:22:52.488  1438  1466 V ActivityManager_bs: 	at com.android.server.am.ActiveServices.startServiceLocked(ActiveServices.java:462)
11-03 13:22:52.488  1438  1466 V ActivityManager_bs: 	at com.android.server.am.ActivityManagerService.startService(ActivityManagerService.java:17474)
11-03 13:22:52.488  1438  1466 V ActivityManager_bs: 	at android.app.ActivityManagerNative.onTransact(ActivityManagerNative.java:1077)
11-03 13:22:52.488  1438  1466 V ActivityManager_bs: 	at com.android.server.am.ActivityManagerService.onTransact(ActivityManagerService.java:3055)
11-03 13:22:52.488  1438  1466 V ActivityManager_bs: 	at android.os.Binder.execTransact(Binder.java:565)
11-03 13:22:52.488  1438  1466 V ActivityManager_bs: Top bg start is ServiceRecord{bf3a283 u0 com.android.dialer/.calllog.CallLogNotificationsService}, can delay others up to 9160722
11-03 13:22:52.494  1438 15841 V ActivityManager: Unregister receiver: android.content.IIntentReceiver$Stub$Proxy@7728c39
11-03 13:22:52.496  1438  1731 V ActivityManager: Unregister receiver: android.content.IIntentReceiver$Stub$Proxy@f95427e
11-03 13:22:52.576  1438  2235 V ActivityManager_bs: unbindService: conn=android.app.LoadedApk$ServiceDispatcher$InnerConnection@14c6e37
11-03 13:22:52.576  1438  2235 V ActivityManager_bs: Disconnecting binding IntentBindRecord{843e3df com.android.inputmethod.latin/.spellcheck.AndroidSpellCheckerService:act=android.service.textservice.SpellCheckerService}: shouldUnbind=true
11-03 13:22:52.576  1438  2235 V ActivityManager_bs: >>> EXECUTING unbind of ServiceRecord{350610d u0 com.android.inputmethod.latin/.spellcheck.AndroidSpellCheckerService} in app ProcessRecord{c950fab 1733:com.android.inputmethod.latin/u0a54}
11-03 13:22:52.577  1438  1677 I WindowManager: Destroying surface Surface(name=com.android.dialer/com.android.dialer.DialtactsActivity) called by com.android.server.wm.WindowStateAnimator.destroySurface:2026 com.android.server.wm.WindowStateAnimator.destroySurfaceLocked:893 com.android.server.wm.WindowState.removeLocked:1449 com.android.server.wm.WindowManagerService.removeWindowInnerLocked:2497 com.android.server.wm.WindowManagerService.removeWindowLocked:2455 com.android.server.wm.WindowManagerService.removeWindowLocked:2324 com.android.server.wm.WindowManagerService.removeWindow:2319 com.android.server.wm.Session.remove:193 
11-03 13:22:52.577  1438  2235 V ActivityManager_bs: Bringing down binding IntentBindRecord{843e3df com.android.inputmethod.latin/.spellcheck.AndroidSpellCheckerService:act=android.service.textservice.SpellCheckerService}: hasBound=false
11-03 13:22:52.578  1438  2235 V ActivityManager_bs: Bringing down ServiceRecord{350610d u0 com.android.inputmethod.latin/.spellcheck.AndroidSpellCheckerService} android.content.Intent$FilterComparison@6c82d82d
11-03 13:22:52.578  1438  2235 V ActivityManager_bs: >>> EXECUTING destroy of ServiceRecord{350610d u0 com.android.inputmethod.latin/.spellcheck.AndroidSpellCheckerService} in app ProcessRecord{c950fab 1733:com.android.inputmethod.latin/u0a54}
11-03 13:22:52.582  1438 19358 V ActivityManager_bs: <<< DONE EXECUTING ServiceRecord{350610d u0 com.android.inputmethod.latin/.spellcheck.AndroidSpellCheckerService}: nesting=2, inDestroying=true, app=ProcessRecord{c950fab 1733:com.android.inputmethod.latin/u0a54}
11-03 13:22:52.584  1438 19358 V ActivityManager_bs: <<< DONE EXECUTING ServiceRecord{350610d u0 com.android.inputmethod.latin/.spellcheck.AndroidSpellCheckerService}: nesting=1, inDestroying=true, app=ProcessRecord{c950fab 1733:com.android.inputmethod.latin/u0a54}
11-03 13:22:52.584  1438 19358 V ActivityManager_bs: Nesting at 0 of com.android.inputmethod.latin/.spellcheck.AndroidSpellCheckerService
11-03 13:22:52.585  1438 19358 V ActivityManager: No more executingServices of com.android.inputmethod.latin/.spellcheck.AndroidSpellCheckerService
11-03 13:22:52.585  1438 19358 V ActivityManager_bs: doneExecuting remove destroying ServiceRecord{350610d u0 com.android.inputmethod.latin/.spellcheck.AndroidSpellCheckerService}
11-03 13:22:52.589  1438 19358 V ActivityManager_bs: <<< DONE EXECUTING ServiceRecord{bf3a283 u0 com.android.dialer/.calllog.CallLogNotificationsService}: nesting=2, inDestroying=false, app=ProcessRecord{d84eee8 25696:com.android.dialer/u0a15}
11-03 13:22:52.591  1438 19358 V ActivityManager_bs: <<< DONE EXECUTING ServiceRecord{bf3a283 u0 com.android.dialer/.calllog.CallLogNotificationsService}: nesting=1, inDestroying=false, app=ProcessRecord{d84eee8 25696:com.android.dialer/u0a15}
11-03 13:22:52.591  1438 19358 V ActivityManager_bs: Nesting at 0 of com.android.dialer/.calllog.CallLogNotificationsService
11-03 13:22:52.592  1438 19358 V ActivityManager: No more executingServices of com.android.dialer/.calllog.CallLogNotificationsService
11-03 13:22:52.599  1438 15841 V Telecom : Logging: START_SESSION: TSI.gDDP@K60
11-03 13:22:52.602  1438 15841 V Telecom : Logging: CREATE_SUBSESSION (Invisible subsession): TSI.gDDP@K60
11-03 13:22:52.603  1438 15841 V Telecom : Logging: CONTINUE_SUBSESSION (Invisible Subsession) with Method TSI.gSDP: TSI.gDDP@K60
11-03 13:22:52.603  1438 15841 V Telecom : Logging: END_SUBSESSION (Invisible Subsession) (dur: 0 mS): TSI.gDDP@K60
11-03 13:22:52.603  1438 15841 V Telecom : Logging: END_SUBSESSION (dur: 4 mS): TSI.gDDP@K60
11-03 13:22:52.604  1438 15841 V Telecom : Logging: END_SESSION (dur: 5 ms): TSI.gDDP@K60
11-03 13:22:52.606  1438  1731 V Telecom : Logging: START_SESSION: TSI.gSDP@K64
11-03 13:22:52.606  1438  1731 V Telecom : Logging: END_SUBSESSION (dur: 0 mS): TSI.gSDP@K64
11-03 13:22:52.607  1438  1731 V Telecom : Logging: END_SESSION (dur: 0 ms): TSI.gSDP@K64
11-03 13:22:52.616  1438 15844 V ActivityManager_bs: stopServiceToken: ComponentInfo{com.android.dialer/com.android.dialer.calllog.CallLogNotificationsService} ServiceRecord{bf3a283 u0 com.android.dialer/.calllog.CallLogNotificationsService} startId=1
11-03 13:22:52.616  1438 15844 V ActivityManager_bs: Bringing down ServiceRecord{bf3a283 u0 com.android.dialer/.calllog.CallLogNotificationsService} android.content.Intent$FilterComparison@5672c16e
11-03 13:22:52.616  1438 15844 V ActivityManager_bs: >>> EXECUTING destroy of ServiceRecord{bf3a283 u0 com.android.dialer/.calllog.CallLogNotificationsService} in app ProcessRecord{d84eee8 25696:com.android.dialer/u0a15}
11-03 13:22:52.618  1438 15844 V ActivityManager_bs: No longer background starting: ServiceRecord{bf3a283 u0 com.android.dialer/.calllog.CallLogNotificationsService}
11-03 13:22:52.620  1438  1677 V ActivityManager_bs: <<< DONE EXECUTING ServiceRecord{bf3a283 u0 com.android.dialer/.calllog.CallLogNotificationsService}: nesting=1, inDestroying=true, app=ProcessRecord{d84eee8 25696:com.android.dialer/u0a15}
11-03 13:22:52.620  1438  1677 V ActivityManager_bs: Nesting at 0 of com.android.dialer/.calllog.CallLogNotificationsService
11-03 13:22:52.620  1438  1677 V ActivityManager: No more executingServices of com.android.dialer/.calllog.CallLogNotificationsService
11-03 13:22:52.620  1438  1677 V ActivityManager_bs: doneExecuting remove destroying ServiceRecord{bf3a283 u0 com.android.dialer/.calllog.CallLogNotificationsService}
11-03 13:22:53.060  1438  1828 I ActivityManager: START u0 {act=android.intent.action.MAIN cat=[android.intent.category.LAUNCHER] flg=0x10200000 pkg=com.android.dialer cmp=com.android.dialer/.DialtactsActivity bnds=[12,1572][364,1761] (has extras)} from uid 10016 on display 0
11-03 13:22:53.141  1438 19358 V ActivityManager: Broadcast: Intent { act=com.monster.launcher.unread_change flg=0x10 (has extras) } ordered=false userid=0
11-03 13:22:53.141  1438 19358 V ActivityManager: Enqueing broadcast: com.monster.launcher.unread_change replacePending=false
11-03 13:22:53.141  1438 19358 I ActivityManager: Broadcast intent Intent { act=com.monster.launcher.unread_change flg=0x10 (has extras) } on background queue
11-03 13:22:53.142  1438 19358 V ActivityManager: Enqueueing parallel broadcast BroadcastRecord{a1382cf u0 com.monster.launcher.unread_change} intent Intent { act=com.monster.launcher.unread_change flg=0x10 (has extras) }
11-03 13:22:53.142  1438 19358 V BroadcastQueue: Schedule broadcasts [background]: current=false
11-03 13:22:53.142  1438  1477 V BroadcastQueue: Received BROADCAST_INTENT_MSG
11-03 13:22:53.143  1438  1477 V BroadcastQueue: processNextBroadcast [background]: 1 broadcasts, 0 ordered broadcasts
11-03 13:22:53.143  1438  1477 V BroadcastQueue: Processing parallel broadcast [background] BroadcastRecord{a1382cf u0 com.monster.launcher.unread_change}
11-03 13:22:53.144  1438  1477 V BroadcastQueue: Delivering non-ordered on [background] to registered BroadcastFilter{4eb9535 u0 ReceiverList{8ae2b6c 2353 com.monster.launcher/10016/u0 remote:416ec1f}}: BroadcastRecord{a1382cf u0 com.monster.launcher.unread_change}
11-03 13:22:53.144  1438  1477 I BroadcastQueue: Delivering to BroadcastFilter{4eb9535 u0 ReceiverList{8ae2b6c 2353 com.monster.launcher/10016/u0 remote:416ec1f}} : BroadcastRecord{a1382cf u0 com.monster.launcher.unread_change}
11-03 13:22:53.145  1438  1477 V BroadcastQueue: Done with parallel broadcast [background] BroadcastRecord{a1382cf u0 com.monster.launcher.unread_change}
11-03 13:22:53.145  1438 15840 V ActivityManager: Broadcast: Intent { act=com.android.launcher3.action.LAUNCH flg=0x10 (has extras) } ordered=false userid=0
11-03 13:22:53.146  1438 15840 V ActivityManager: Enqueing broadcast: com.android.launcher3.action.LAUNCH replacePending=false
11-03 13:22:53.186 25696 25696 I SystemServiceRegistry: AttrName service = null
11-03 13:22:53.186 25696 25696 I AttrNameManager: <<<<<<<<<mService = null
11-03 13:22:53.232  1438  1731 V ActivityManager: Register receiver android.content.IntentFilter@9f2a83a: Intent { act=android.intent.action.SIM_STATE_CHANGED flg=0x14000010 (has extras) }
11-03 13:22:53.232  1438  1731 I ActivityManager: Broadcast intent Intent { act=android.intent.action.SIM_STATE_CHANGED flg=0x14000010 (has extras) } on foreground queue
11-03 13:22:53.232  1438  1731 V BroadcastQueue: Schedule broadcasts [foreground]: current=false
11-03 13:22:53.233  1438  1477 V BroadcastQueue: Received BROADCAST_INTENT_MSG
11-03 13:22:53.233  1438  1477 V BroadcastQueue: processNextBroadcast [foreground]: 1 broadcasts, 0 ordered broadcasts
11-03 13:22:53.233  1438  1477 V BroadcastQueue: Processing parallel broadcast [foreground] BroadcastRecord{e530e06 u-1 android.intent.action.SIM_STATE_CHANGED}
11-03 13:22:53.234  1438  1477 V BroadcastQueue: Delivering non-ordered on [foreground] to registered BroadcastFilter{771b0e1 u0 ReceiverList{a49fa48 25696 com.android.dialer/10015/u0 remote:26f7ceb}}: BroadcastRecord{e530e06 u-1 android.intent.action.SIM_STATE_CHANGED}
11-03 13:22:53.234  1438  1477 I BroadcastQueue: Delivering to BroadcastFilter{771b0e1 u0 ReceiverList{a49fa48 25696 com.android.dialer/10015/u0 remote:26f7ceb}} : BroadcastRecord{e530e06 u-1 android.intent.action.SIM_STATE_CHANGED}
11-03 13:22:53.235  1438  1477 V BroadcastQueue: Done with parallel broadcast [foreground] BroadcastRecord{e530e06 u-1 android.intent.action.SIM_STATE_CHANGED}
11-03 13:22:53.238  1438 15841 V ActivityManager: Register receiver android.content.IntentFilter@646fcc7: Intent { act=android.intent.action.SIM_STATE_CHANGED flg=0x14000010 (has extras) }
11-03 13:22:53.239  1438 15841 I ActivityManager: Broadcast intent Intent { act=android.intent.action.SIM_STATE_CHANGED flg=0x14000010 (has extras) } on foreground queue
11-03 13:22:53.239  1438 15841 V BroadcastQueue: Schedule broadcasts [foreground]: current=false
11-03 13:22:53.239  1438  1477 V BroadcastQueue: Received BROADCAST_INTENT_MSG
11-03 13:22:53.239  1438  1477 V BroadcastQueue: processNextBroadcast [foreground]: 1 broadcasts, 0 ordered broadcasts
11-03 13:22:53.239  1438  1477 V BroadcastQueue: Processing parallel broadcast [foreground] BroadcastRecord{72c9e63 u-1 android.intent.action.SIM_STATE_CHANGED}
11-03 13:22:53.240  1438  1477 V BroadcastQueue: Delivering non-ordered on [foreground] to registered BroadcastFilter{6020492 u0 ReceiverList{ef77a1d 25696 com.android.dialer/10015/u0 remote:62872f4}}: BroadcastRecord{72c9e63 u-1 android.intent.action.SIM_STATE_CHANGED}
11-03 13:22:53.240  1438  1477 I BroadcastQueue: Delivering to BroadcastFilter{6020492 u0 ReceiverList{ef77a1d 25696 com.android.dialer/10015/u0 remote:62872f4}} : BroadcastRecord{72c9e63 u-1 android.intent.action.SIM_STATE_CHANGED}
11-03 13:22:53.240  1438  1477 V BroadcastQueue: Done with parallel broadcast [foreground] BroadcastRecord{72c9e63 u-1 android.intent.action.SIM_STATE_CHANGED}
11-03 13:22:53.261  1438  2265 V Telecom : Logging: START_SESSION: TSI.gDDP@K68
11-03 13:22:53.265  1438  2265 V Telecom : Logging: CREATE_SUBSESSION (Invisible subsession): TSI.gDDP@K68
11-03 13:22:53.265  1438  2265 V Telecom : Logging: CONTINUE_SUBSESSION (Invisible Subsession) with Method TSI.gSDP: TSI.gDDP@K68
11-03 13:22:53.265  1438  2265 V Telecom : Logging: END_SUBSESSION (Invisible Subsession) (dur: 0 mS): TSI.gDDP@K68
11-03 13:22:53.265  1438  2265 V Telecom : Logging: END_SUBSESSION (dur: 4 mS): TSI.gDDP@K68
11-03 13:22:53.266  1438  2265 V Telecom : Logging: END_SESSION (dur: 5 ms): TSI.gDDP@K68
11-03 13:22:53.285  1438 15845 V Telecom : Logging: START_SESSION: TSI.gDDP@K7A
11-03 13:22:53.290  1438 15845 V Telecom : Logging: CREATE_SUBSESSION (Invisible subsession): TSI.gDDP@K7A
11-03 13:22:53.290  1438 15845 V Telecom : Logging: CONTINUE_SUBSESSION (Invisible Subsession) with Method TSI.gSDP: TSI.gDDP@K7A
11-03 13:22:53.290  1438 15845 V Telecom : Logging: END_SUBSESSION (Invisible Subsession) (dur: 0 mS): TSI.gDDP@K7A
11-03 13:22:53.291  1438 15845 V Telecom : Logging: END_SUBSESSION (dur: 6 mS): TSI.gDDP@K7A
11-03 13:22:53.291  1438 15845 V Telecom : Logging: END_SESSION (dur: 6 ms): TSI.gDDP@K7A
11-03 13:22:53.293  1438  2265 V Telecom : Logging: START_SESSION: TSI.gSDP@K7E
11-03 13:22:53.293  1438  2265 V Telecom : Logging: END_SUBSESSION (dur: 0 mS): TSI.gSDP@K7E
11-03 13:22:53.293  1438  2265 V Telecom : Logging: END_SESSION (dur: 0 ms): TSI.gSDP@K7E
11-03 13:22:53.324  1438 15839 V Telecom : Logging: START_SESSION: TSI.iIC@K7I
11-03 13:22:53.325  1438 15839 V Telecom : Logging: CREATE_SUBSESSION (Invisible subsession): TSI.iIC@K7I
11-03 13:22:53.325  1438 15839 V Telecom : Logging: CONTINUE_SUBSESSION (Invisible Subsession) with Method TSI.gDDP: TSI.iIC@K7I
11-03 13:22:53.329  1438 15839 V Telecom : Logging: CREATE_SUBSESSION (Invisible subsession): TSI.iIC@K7I
11-03 13:22:53.330  1438 15839 V Telecom : Logging: CONTINUE_SUBSESSION (Invisible Subsession) with Method TSI.gSDP: TSI.iIC@K7I
11-03 13:22:53.330  1438 15839 V Telecom : Logging: END_SUBSESSION (Invisible Subsession) (dur: 0 mS): TSI.iIC@K7I
11-03 13:22:53.330  1438 15839 V Telecom : Logging: END_SUBSESSION (Invisible Subsession) (dur: 5 mS): TSI.iIC@K7I
11-03 13:22:53.331  1438 15839 V Telecom : Logging: CREATE_SUBSESSION (Invisible subsession): TSI.iIC@K7I
11-03 13:22:53.331  1438 15839 V Telecom : Logging: CONTINUE_SUBSESSION (Invisible Subsession) with Method TSI.gSDP: TSI.iIC@K7I
11-03 13:22:53.331  1438 15839 V Telecom : Logging: END_SUBSESSION (Invisible Subsession) (dur: 0 mS): TSI.iIC@K7I
11-03 13:22:53.331  1438 15839 V Telecom : Logging: END_SUBSESSION (dur: 8 mS): TSI.iIC@K7I
11-03 13:22:53.331  1438 15839 V Telecom : Logging: END_SESSION (dur: 8 ms): TSI.iIC@K7I
11-03 13:22:53.339  1438  1677 V Telecom : Logging: START_SESSION: TSI.gDDP@K7M
11-03 13:22:53.345  1438  1677 V Telecom : Logging: CREATE_SUBSESSION (Invisible subsession): TSI.gDDP@K7M
11-03 13:22:53.345  1438  1677 V Telecom : Logging: CONTINUE_SUBSESSION (Invisible Subsession) with Method TSI.gSDP: TSI.gDDP@K7M
11-03 13:22:53.345  1438  1677 V Telecom : Logging: END_SUBSESSION (Invisible Subsession) (dur: 0 mS): TSI.gDDP@K7M
11-03 13:22:53.345  1438  1677 V Telecom : Logging: END_SUBSESSION (dur: 6 mS): TSI.gDDP@K7M
11-03 13:22:53.345  1438  1677 V Telecom : Logging: END_SESSION (dur: 6 ms): TSI.gDDP@K7M
11-03 13:22:53.349  1438 15845 V Telecom : Logging: START_SESSION: TSI.gDDP@K7Q
11-03 13:22:53.350  1438 19358 V Telecom : Logging: START_SESSION: TSI.gDDP@K7U
11-03 13:22:53.353  1438 19358 V Telecom : Logging: CREATE_SUBSESSION (Invisible subsession): TSI.gDDP@K7U
11-03 13:22:53.354  1438 19358 V Telecom : Logging: CONTINUE_SUBSESSION (Invisible Subsession) with Method TSI.gSDP: TSI.gDDP@K7U
11-03 13:22:53.354  1438 19358 V Telecom : Logging: END_SUBSESSION (Invisible Subsession) (dur: 0 mS): TSI.gDDP@K7U
11-03 13:22:53.355  1438 19358 V Telecom : Logging: END_SUBSESSION (dur: 4 mS): TSI.gDDP@K7U
11-03 13:22:53.355  1438 19358 V Telecom : Logging: END_SESSION (dur: 5 ms): TSI.gDDP@K7U
11-03 13:22:53.357  1438 15845 V Telecom : Logging: CREATE_SUBSESSION (Invisible subsession): TSI.gDDP@K7Q
11-03 13:22:53.358  1438 15845 V Telecom : Logging: CONTINUE_SUBSESSION (Invisible Subsession) with Method TSI.gSDP: TSI.gDDP@K7Q
11-03 13:22:53.358  1438  1828 V Telecom : Logging: START_SESSION: TSI.gSDP@K7Y
11-03 13:22:53.358  1438  1828 V Telecom : Logging: END_SUBSESSION (dur: 0 mS): TSI.gSDP@K7Y
11-03 13:22:53.359  1438  1828 V Telecom : Logging: END_SESSION (dur: 1 ms): TSI.gSDP@K7Y
11-03 13:22:53.359  1438 15845 V Telecom : Logging: END_SUBSESSION (Invisible Subsession) (dur: 1 mS): TSI.gDDP@K7Q
11-03 13:22:53.359  1438 15845 V Telecom : Logging: END_SUBSESSION (dur: 10 mS): TSI.gDDP@K7Q
11-03 13:22:53.359  1438 15845 V Telecom : Logging: END_SESSION (dur: 10 ms): TSI.gDDP@K7Q
11-03 13:22:53.365  1438  1467 V Telecom : Logging: START_SESSION: TSI.gDDP@K7c
11-03 13:22:53.373  1438  1467 V Telecom : Logging: CREATE_SUBSESSION (Invisible subsession): TSI.gDDP@K7c
11-03 13:22:53.373  1438  1467 V Telecom : Logging: CONTINUE_SUBSESSION (Invisible Subsession) with Method TSI.gSDP: TSI.gDDP@K7c
11-03 13:22:53.373  1438  1467 V Telecom : Logging: END_SUBSESSION (Invisible Subsession) (dur: 0 mS): TSI.gDDP@K7c
11-03 13:22:53.374  1438  1467 V Telecom : Logging: END_SUBSESSION (dur: 9 mS): TSI.gDDP@K7c
11-03 13:22:53.374  1438  1467 V Telecom : Logging: END_SESSION (dur: 9 ms): TSI.gDDP@K7c
11-03 13:22:53.378  1438 15775 V Telecom : Logging: START_SESSION: TSI.gDDP@K7g
11-03 13:22:53.384  1438 15775 V Telecom : Logging: CREATE_SUBSESSION (Invisible subsession): TSI.gDDP@K7g
11-03 13:22:53.385  1438 15775 V Telecom : Logging: CONTINUE_SUBSESSION (Invisible Subsession) with Method TSI.gSDP: TSI.gDDP@K7g
11-03 13:22:53.385  1438  2013 V Telecom : Logging: START_SESSION: TSI.gDDP@K7k
11-03 13:22:53.386  1438 15775 V Telecom : Logging: END_SUBSESSION (Invisible Subsession) (dur: 1 mS): TSI.gDDP@K7g
