11-03 13:22:09.019  1438  1829 I chatty  : uid=1000(system) Binder:1438_6 expire 12 lines
11-03 13:22:09.046  1438  1828 I chatty  : uid=1000(system) Binder:1438_5 expire 13 lines
11-03 13:22:09.075  1438  2235 I chatty  : uid=1000(system) Binder:1438_9 expire 13 lines
11-03 13:22:09.127  1438 15843 I chatty  : uid=1000(system) Binder:1438_13 expire 13 lines
11-03 13:22:09.154  1438 15842 I chatty  : uid=1000(system) Binder:1438_12 expire 3 lines
11-03 13:22:09.157  1438  2276 I chatty  : uid=1000(system) Binder:1438_C expire 17 lines
11-03 13:22:09.295  1438 15841 I chatty  : uid=1000(system) Binder:1438_11 expire 22 lines
11-03 13:22:09.454  1438 15845 I chatty  : uid=1000(system) Binder:1438_15 expire 13 lines
11-03 13:22:10.340  1438  1438 I chatty  : uid=1000 system_server expire 2 lines
11-03 13:22:10.427  1438  2265 I chatty  : uid=1000(system) Binder:1438_B expire 11 lines
11-03 13:22:10.436  1438 15838 I chatty  : uid=1000(system) Binder:1438_E expire 7 lines
11-03 13:22:10.448  1438  2235 I chatty  : uid=1000(system) Binder:1438_9 expire 18 lines
11-03 13:22:10.453  1438 15842 I chatty  : uid=1000(system) Binder:1438_12 expire 20 lines
11-03 13:22:10.470  1438 25759 I chatty  : uid=1000 system_server expire 3 lines
11-03 13:22:10.482  1438  1677 I chatty  : uid=1000(system) Binder:1438_3 expire 6 lines
11-03 13:22:10.492  1438 15844 I chatty  : uid=1000(system) Binder:1438_14 expire 11 lines
11-03 13:22:10.514  1438 15775 I chatty  : uid=1000(system) Binder:1438_D expire 7 lines
11-03 13:22:10.517  1438  1466 I chatty  : uid=1000(system) Binder:1438_1 expire 16 lines
11-03 13:22:10.518  1438  2013 I chatty  : uid=1000(system) Binder:1438_7 expire 2 lines
11-03 13:22:10.520  1438 19358 I chatty  : uid=1000(system) Binder:1438_16 expire 9 lines
11-03 13:22:10.552  1438  1731 I chatty  : uid=1000(system) Binder:1438_4 expire 9 lines
11-03 13:22:10.575  1438  2236 I chatty  : uid=1000(system) Binder:1438_A expire 9 lines
11-03 13:22:10.579  1438 19359 I chatty  : uid=1000(system) Binder:1438_17 expire 5 lines
11-03 13:22:11.056  1438  1477 I chatty  : uid=1000(system) ActivityManager expire 54 lines
11-03 13:22:11.296  1438  1501 I chatty  : uid=1000(system) android.display expire 2 lines
11-03 13:22:12.037  1438  1703 I chatty  : uid=1000(system) LazyTaskWriterT expire 1 line
11-03 13:22:12.530  1438  1829 I chatty  : uid=1000(system) Binder:1438_6 expire 2 lines
11-03 13:22:13.070  1438 15843 I chatty  : uid=1000(system) Binder:1438_13 expire 4 lines
11-03 13:22:13.220  1438 15840 I chatty  : uid=1000(system) Binder:1438_10 expire 4 lines
11-03 13:22:13.308 25696 25696 I SystemServiceRegistry: AttrName service = null
11-03 13:22:13.308 25696 25696 I AttrNameManager: <<<<<<<<<mService = null
11-03 13:22:13.389  1438  1467 I chatty  : uid=1000(system) Binder:1438_2 expire 6 lines
11-03 13:22:13.508  1438  1828 I chatty  : uid=1000(system) Binder:1438_5 expire 6 lines
11-03 13:22:13.526  1438 19359 I chatty  : uid=1000(system) Binder:1438_17 expire 12 lines
11-03 13:22:13.530  1438 15842 I chatty  : uid=1000(system) Binder:1438_12 expire 19 lines
11-03 13:22:13.540  1438 15840 I chatty  : uid=1000(system) Binder:1438_10 expire 49 lines
11-03 13:22:13.540  1438 15775 I chatty  : uid=1000(system) Binder:1438_D expire 11 lines
11-03 13:22:13.543  1438  2265 I chatty  : uid=1000(system) Binder:1438_B expire 14 lines
11-03 13:22:13.563  1438 15838 I chatty  : uid=1000(system) Binder:1438_E expire 22 lines
11-03 13:22:13.569  1438 25748 I chatty  : uid=1000 system_server expire 2 lines
11-03 13:22:13.576  1438 15844 I chatty  : uid=1000(system) Binder:1438_14 expire 22 lines
11-03 13:22:13.588  1438  2107 I chatty  : uid=1000(system) Binder:1438_8 expire 9 lines
11-03 13:22:13.610  1438  1677 I chatty  : uid=1000(system) Binder:1438_3 expire 12 lines
11-03 13:22:13.678  1438  2235 I chatty  : uid=1000(system) Binder:1438_9 expire 17 lines
11-03 13:22:13.685  1438  1731 I chatty  : uid=1000(system) Binder:1438_4 expire 6 lines
11-03 13:22:13.687  1438  2013 I chatty  : uid=1000(system) Binder:1438_7 expire 18 lines
11-03 13:22:13.700  1438 15839 I chatty  : uid=1000(system) Binder:1438_F expire 1 line
11-03 13:22:13.755  1438  1467 I chatty  : uid=1000(system) Binder:1438_2 expire 13 lines
11-03 13:22:13.785  1438 15845 I chatty  : uid=1000(system) Binder:1438_15 expire 15 lines
11-03 13:22:13.797  2140  4085 E ActivityThread: Failed to find provider info for com.android.contacts
11-03 13:22:13.817  2140  4084 E ActivityThread: Failed to find provider info for com.android.contacts
11-03 13:22:13.868  2140 19937 E ActivityThread: Failed to find provider info for com.android.contacts
11-03 13:22:13.892  2140  4086 E ActivityThread: Failed to find provider info for com.android.contacts
11-03 13:22:13.923  2140 17836 E ActivityThread: Failed to find provider info for com.android.contacts
11-03 13:22:13.939  2140 19937 E ActivityThread: Failed to find provider info for com.android.contacts
11-03 13:22:13.964  2140 16480 E ActivityThread: Failed to find provider info for com.android.contacts
11-03 13:22:13.978  2140  2152 E ActivityThread: Failed to find provider info for com.android.contacts
11-03 13:22:14.027  1438 15843 I chatty  : uid=1000(system) Binder:1438_13 expire 27 lines
11-03 13:22:14.084  1438 15775 I chatty  : uid=1000(system) Binder:1438_D expire 12 lines
11-03 13:22:14.157  1438  2265 I chatty  : uid=1000(system) Binder:1438_B expire 6 lines
11-03 13:22:14.202  1438 19358 I chatty  : uid=1000(system) Binder:1438_16 expire 4 lines
11-03 13:22:14.350  1438  1501 I chatty  : uid=1000(system) android.display expire 1 line
11-03 13:22:16.213  1438 19359 I chatty  : uid=1000(system) Binder:1438_17 expire 13 lines
11-03 13:22:16.249  1438  1703 I chatty  : uid=1000(system) LazyTaskWriterT expire 1 line
11-03 13:22:16.275  2140  4084 E ActivityThread: Failed to find provider info for com.android.contacts
11-03 13:22:16.300  2140 16480 E ActivityThread: Failed to find provider info for com.android.contacts
11-03 13:22:18.638  1438 15844 I chatty  : uid=1000(system) Binder:1438_14 expire 23 lines
11-03 13:22:18.652  1438 15841 I chatty  : uid=1000(system) Binder:1438_11 expire 9 lines
11-03 13:22:18.656  1438  1466 I chatty  : uid=1000(system) Binder:1438_1 expire 15 lines
11-03 13:22:18.663  1438  1677 I chatty  : uid=1000(system) Binder:1438_3 expire 18 lines
11-03 13:22:18.666  1438  2235 I chatty  : uid=1000(system) Binder:1438_9 expire 3 lines
11-03 13:22:18.684  1438 25759 I chatty  : uid=1000 system_server expire 3 lines
11-03 13:22:18.705  1438 15839 I chatty  : uid=1000(system) Binder:1438_F expire 17 lines
11-03 13:22:18.723  1438  2013 I chatty  : uid=1000(system) Binder:1438_7 expire 1 line
11-03 13:22:18.725  1438  1731 I chatty  : uid=1000(system) Binder:1438_4 expire 7 lines
11-03 13:22:18.817  1438  2107 I chatty  : uid=1000(system) Binder:1438_8 expire 18 lines
11-03 13:22:18.819  1438  1828 I chatty  : uid=1000(system) Binder:1438_5 expire 1 line
11-03 13:22:18.822  1438 15845 I chatty  : uid=1000(system) Binder:1438_15 expire 20 lines
11-03 13:22:18.841  1438 15838 I chatty  : uid=1000(system) Binder:1438_E expire 6 lines
11-03 13:22:19.211  1438  1467 I chatty  : uid=1000(system) Binder:1438_2 expire 4 lines
11-03 13:22:19.257  1438  2276 I chatty  : uid=1000(system) Binder:1438_C expire 26 lines
11-03 13:22:19.258  1438  1477 I chatty  : uid=1000(system) ActivityManager expire 18 lines
11-03 13:22:19.307 25696 25696 I SystemServiceRegistry: AttrName service = null
11-03 13:22:19.307 25696 25696 I AttrNameManager: <<<<<<<<<mService = null
11-03 13:22:19.417  1438 15840 I chatty  : uid=1000(system) Binder:1438_10 expire 3 lines
11-03 13:22:19.497  1438  1829 I chatty  : uid=1000(system) Binder:1438_6 expire 6 lines
11-03 13:22:19.564  1438 25718 I chatty  : uid=1000 system_server expire 3 lines
11-03 13:22:19.568  1438 15844 I chatty  : uid=1000(system) Binder:1438_14 expire 16 lines
11-03 13:22:19.569  1438  1466 I chatty  : uid=1000(system) Binder:1438_1 expire 15 lines
11-03 13:22:19.571  1438 15840 I chatty  : uid=1000(system) Binder:1438_10 expire 3 lines
11-03 13:22:19.573  1438  1677 I chatty  : uid=1000(system) Binder:1438_3 expire 19 lines
11-03 13:22:19.587  1438  2107 I chatty  : uid=1000(system) Binder:1438_8 expire 11 lines
11-03 13:22:19.603  1438 15838 I chatty  : uid=1000(system) Binder:1438_E expire 24 lines
11-03 13:22:19.654  1438  1829 I chatty  : uid=1000(system) Binder:1438_6 expire 29 lines
11-03 13:22:19.677  1438  2276 I chatty  : uid=1000(system) Binder:1438_C expire 9 lines
11-03 13:22:19.730  1438  2235 I chatty  : uid=1000(system) Binder:1438_9 expire 13 lines
11-03 13:22:19.763  1438 15775 I chatty  : uid=1000(system) Binder:1438_D expire 14 lines
11-03 13:22:19.785  2140 16479 E ActivityThread: Failed to find provider info for com.android.contacts
11-03 13:22:19.802  2140 15933 E ActivityThread: Failed to find provider info for com.android.contacts
11-03 13:22:19.820  1438 15841 I chatty  : uid=1000(system) Binder:1438_11 expire 3 lines
11-03 13:22:19.843  2140  4086 E ActivityThread: Failed to find provider info for com.android.contacts
11-03 13:22:19.860  2140  2153 E ActivityThread: Failed to find provider info for com.android.contacts
11-03 13:22:19.895  1438 15839 I chatty  : uid=1000(system) Binder:1438_F expire 17 lines
11-03 13:22:19.906  2140 16479 E ActivityThread: Failed to find provider info for com.android.contacts
11-03 13:22:19.927  2140  4085 E ActivityThread: Failed to find provider info for com.android.contacts
11-03 13:22:19.954  2140 17836 E ActivityThread: Failed to find provider info for com.android.contacts
11-03 13:22:19.969  2140  4086 E ActivityThread: Failed to find provider info for com.android.contacts
11-03 13:22:19.977  1438 15843 I chatty  : uid=1000(system) Binder:1438_13 expire 14 lines
11-03 13:22:20.006  1438 19358 I chatty  : uid=1000(system) Binder:1438_16 expire 8 lines
11-03 13:22:20.010  1438  2013 I chatty  : uid=1000(system) Binder:1438_7 expire 25 lines
11-03 13:22:20.038  1438  1731 I chatty  : uid=1000(system) Binder:1438_4 expire 13 lines
11-03 13:22:20.055  1438 15842 I chatty  : uid=1000(system) Binder:1438_12 expire 3 lines
11-03 13:22:20.194  1438 19359 I chatty  : uid=1000(system) Binder:1438_17 expire 1 line
11-03 13:22:20.327  1438  1501 I chatty  : uid=1000(system) android.display expire 1 line
11-03 13:22:20.993  2140 19937 E ActivityThread: Failed to find provider info for com.android.contacts
11-03 13:22:21.009  2140  4085 E ActivityThread: Failed to find provider info for com.android.contacts
11-03 13:22:22.380  1438  1703 I chatty  : uid=1000(system) LazyTaskWriterT expire 1 line
11-03 13:22:25.814  1438  1467 I chatty  : uid=1000(system) Binder:1438_2 expire 3 lines
11-03 13:22:25.821  1438 15841 V Telecom : Logging: START_SESSION: TSI.gDDP@K3w
11-03 13:22:25.821  1438  1467 V Telecom : Logging: END_SUBSESSION (Invisible Subsession) (dur: 0 mS): TSI.gDDP@K3s
11-03 13:22:25.822  1438  1467 V Telecom : Logging: END_SUBSESSION (dur: 8 mS): TSI.gDDP@K3s
11-03 13:22:25.822  1438  1467 V Telecom : Logging: END_SESSION (dur: 8 ms): TSI.gDDP@K3s
11-03 13:22:25.824  1438 15841 V Telecom : Logging: CREATE_SUBSESSION (Invisible subsession): TSI.gDDP@K3w
11-03 13:22:25.824  1438 15841 V Telecom : Logging: CONTINUE_SUBSESSION (Invisible Subsession) with Method TSI.gSDP: TSI.gDDP@K3w
11-03 13:22:25.825  1438 15841 V Telecom : Logging: END_SUBSESSION (Invisible Subsession) (dur: 0 mS): TSI.gDDP@K3w
11-03 13:22:25.825  1438 15841 V Telecom : Logging: END_SUBSESSION (dur: 4 mS): TSI.gDDP@K3w
11-03 13:22:25.825  1438 15841 V Telecom : Logging: END_SESSION (dur: 4 ms): TSI.gDDP@K3w
11-03 13:22:25.827  1438 15843 V Telecom : Logging: START_SESSION: TSI.cMCN@K30
11-03 13:22:25.828  1438  1731 V Telecom : Logging: START_SESSION: TSI.gSDP@K34
11-03 13:22:25.828  1438 15843 V Telecom : Logging: CREATE_SUBSESSION (Invisible subsession): TSI.cMCN@K30
11-03 13:22:25.829  1438 15843 V Telecom : Logging: CONTINUE_SUBSESSION (Invisible Subsession) with Method TSI.gDDP: TSI.cMCN@K30
11-03 13:22:25.829  1438  1731 V Telecom : Logging: END_SUBSESSION (dur: 1 mS): TSI.gSDP@K34
11-03 13:22:25.829  1438  1731 V Telecom : Logging: END_SESSION (dur: 1 ms): TSI.gSDP@K34
11-03 13:22:25.836  1438 15843 V Telecom : Logging: CREATE_SUBSESSION (Invisible subsession): TSI.cMCN@K30
11-03 13:22:25.836  1438 15843 V Telecom : Logging: CONTINUE_SUBSESSION (Invisible Subsession) with Method TSI.gSDP: TSI.cMCN@K30
11-03 13:22:25.837  1438 15843 V Telecom : Logging: END_SUBSESSION (Invisible Subsession) (dur: 1 mS): TSI.cMCN@K30
11-03 13:22:25.838  1438 15843 V Telecom : Logging: END_SUBSESSION (Invisible Subsession) (dur: 9 mS): TSI.cMCN@K30
11-03 13:22:25.840  1438 15843 V Telecom : Logging: CREATE_SUBSESSION (Invisible subsession): TSI.cMCN@K30
11-03 13:22:25.841  1438 15843 V Telecom : Logging: CONTINUE_SUBSESSION (Invisible Subsession) with Method TSI.gSDP: TSI.cMCN@K30
11-03 13:22:25.842  1438 15843 V Telecom : Logging: END_SUBSESSION (Invisible Subsession) (dur: 1 mS): TSI.cMCN@K30
11-03 13:22:25.847  1438 15843 V Telecom : Logging: CREATE_SUBSESSION (Invisible subsession): TSI.cMCN@K30
11-03 13:22:25.848  1438 15843 V Telecom : Logging: CONTINUE_SUBSESSION (Invisible Subsession) with Method TSI.gSDP: TSI.cMCN@K30
11-03 13:22:25.849  1438 15843 V Telecom : Logging: END_SUBSESSION (Invisible Subsession) (dur: 1 mS): TSI.cMCN@K30
11-03 13:22:25.849  1438 15843 V Telecom : Logging: CREATE_SUBSESSION TSI.cMCN@K30_3: TSI.cMCN@K30
11-03 13:22:25.850  1438 25748 V Telecom : Logging: CONTINUE_SUBSESSION: TSI.cMCN->MCNI.mMCAR@K30_3
11-03 13:22:25.854  1438 25748 V Telecom : Logging: END_SUBSESSION (dur: 4 mS): TSI.cMCN->MCNI.mMCAR@K30_3
11-03 13:22:25.856  1438 15843 V Telecom : Logging: CREATE_SUBSESSION (Invisible subsession): TSI.cMCN@K30
11-03 13:22:25.856  1438 15843 V Telecom : Logging: CONTINUE_SUBSESSION (Invisible Subsession) with Method TSI.gSDP: TSI.cMCN@K30
11-03 13:22:25.857  1438 15843 V Telecom : Logging: END_SUBSESSION (Invisible Subsession) (dur: 1 mS): TSI.cMCN@K30
11-03 13:22:25.857  1438 15843 V Telecom : Logging: END_SUBSESSION (dur: 30 mS): TSI.cMCN@K30
11-03 13:22:25.857  1438 15843 V Telecom : Logging: END_SESSION (dur: 30 ms): TSI.cMCN@K30
11-03 13:22:25.861  1438  1829 V Telecom : Logging: START_SESSION: TSI.gDDP@K38
11-03 13:22:25.866  1438  1829 V Telecom : Logging: CREATE_SUBSESSION (Invisible subsession): TSI.gDDP@K38
11-03 13:22:25.866  1438  1829 V Telecom : Logging: CONTINUE_SUBSESSION (Invisible Subsession) with Method TSI.gSDP: TSI.gDDP@K38
11-03 13:22:25.867  1438  1829 V Telecom : Logging: END_SUBSESSION (Invisible Subsession) (dur: 1 mS): TSI.gDDP@K38
11-03 13:22:25.867  1438  1829 V Telecom : Logging: END_SUBSESSION (dur: 6 mS): TSI.gDDP@K38
11-03 13:22:25.868  1438  1829 V Telecom : Logging: END_SESSION (dur: 7 ms): TSI.gDDP@K38
11-03 13:22:25.872  1438  2235 V ActivityManager: startService: Intent { act=com.android.dialer.calllog.UPDATE_NOTIFICATIONS cmp=com.android.dialer/.calllog.CallLogNotificationsService } type=null
11-03 13:22:25.872  1438  2235 V ActivityManager_bs: startService: Intent { act=com.android.dialer.calllog.UPDATE_NOTIFICATIONS cmp=com.android.dialer/.calllog.CallLogNotificationsService } type=null args=null
11-03 13:22:25.872  1438  2235 V ActivityManager_bs: retrieveServiceLocked: Intent { act=com.android.dialer.calllog.UPDATE_NOTIFICATIONS cmp=com.android.dialer/.calllog.CallLogNotificationsService } type=null callingUid=10015
11-03 13:22:25.873  1438  2235 V ActivityManager_bs: Potential start delay of ServiceRecord{7db7625 u0 com.android.dialer/.calllog.CallLogNotificationsService} in ProcessRecord{d84eee8 25696:com.android.dialer/u0a15}
11-03 13:22:25.873  1438  2235 V ActivityManager_bs: Not delaying: ServiceRecord{7db7625 u0 com.android.dialer/.calllog.CallLogNotificationsService}
11-03 13:22:25.873  1438  2235 V ActivityManager_bs: Bringing up ServiceRecord{7db7625 u0 com.android.dialer/.calllog.CallLogNotificationsService} android.content.Intent$FilterComparison@5672c16e
11-03 13:22:25.874  1438  2235 V ActivityManager_bs: >>> EXECUTING create of ServiceRecord{7db7625 u0 com.android.dialer/.calllog.CallLogNotificationsService} in app ProcessRecord{d84eee8 25696:com.android.dialer/u0a15}
11-03 13:22:25.880  1438  2235 V ActivityManager_bs: Sending arguments to: ServiceRecord{7db7625 u0 com.android.dialer/.calllog.CallLogNotificationsService} android.content.Intent$FilterComparison@5672c16e args=Intent { act=com.android.dialer.calllog.UPDATE_NOTIFICATIONS cmp=com.android.dialer/.calllog.CallLogNotificationsService }
11-03 13:22:25.881  1438  2235 V ActivityManager_bs: >>> EXECUTING start of ServiceRecord{7db7625 u0 com.android.dialer/.calllog.CallLogNotificationsService} in app ProcessRecord{d84eee8 25696:com.android.dialer/u0a15}
11-03 13:22:25.882  1438  2235 V ActivityManager_bs: Starting background (first=true): ServiceRecord{7db7625 u0 com.android.dialer/.calllog.CallLogNotificationsService}
11-03 13:22:25.882  1438  2235 V ActivityManager_bs: java.lang.RuntimeException: here
11-03 13:22:25.882  1438  2235 V ActivityManager_bs: 	at com.android.server.am.ActiveServices.startServiceInnerLocked(ActiveServices.java:535)
11-03 13:22:25.882  1438  2235 V ActivityManager_bs: 	at com.android.server.am.ActiveServices.startServiceLocked(ActiveServices.java:462)
11-03 13:22:25.882  1438  2235 V ActivityManager_bs: 	at com.android.server.am.ActivityManagerService.startService(ActivityManagerService.java:17474)
11-03 13:22:25.882  1438  2235 V ActivityManager_bs: 	at android.app.ActivityManagerNative.onTransact(ActivityManagerNative.java:1077)
11-03 13:22:25.882  1438  2235 V ActivityManager_bs: 	at com.android.server.am.ActivityManagerService.onTransact(ActivityManagerService.java:3055)
11-03 13:22:25.882  1438  2235 V ActivityManager_bs: 	at android.os.Binder.execTransact(Binder.java:565)
11-03 13:22:25.882  1438  2235 V ActivityManager_bs: Top bg start is ServiceRecord{7db7625 u0 com.android.dialer/.calllog.CallLogNotificationsService}, can delay others up to 9134116
11-03 13:22:25.890  1438  1828 V ActivityManager: Unregister receiver: android.content.IIntentReceiver$Stub$Proxy@f5bcdab
11-03 13:22:25.892  1438 15775 V ActivityManager: Unregister receiver: android.content.IIntentReceiver$Stub$Proxy@2dc08
11-03 13:22:25.977  1438  1467 V ActivityManager_bs: unbindService: conn=android.app.LoadedApk$ServiceDispatcher$InnerConnection@77b1890
11-03 13:22:25.978  1438  1467 V ActivityManager_bs: Disconnecting binding IntentBindRecord{6724fa1 com.android.inputmethod.latin/.spellcheck.AndroidSpellCheckerService:act=android.service.textservice.SpellCheckerService}: shouldUnbind=true
11-03 13:22:25.978  1438  1467 V ActivityManager_bs: >>> EXECUTING unbind of ServiceRecord{d3fc98e u0 com.android.inputmethod.latin/.spellcheck.AndroidSpellCheckerService} in app ProcessRecord{c950fab 1733:com.android.inputmethod.latin/u0a54}
11-03 13:22:25.979  1438  1467 V ActivityManager_bs: Bringing down binding IntentBindRecord{6724fa1 com.android.inputmethod.latin/.spellcheck.AndroidSpellCheckerService:act=android.service.textservice.SpellCheckerService}: hasBound=false
11-03 13:22:25.979  1438  1467 V ActivityManager_bs: Bringing down ServiceRecord{d3fc98e u0 com.android.inputmethod.latin/.spellcheck.AndroidSpellCheckerService} android.content.Intent$FilterComparison@6c82d82d
11-03 13:22:25.979  1438  1467 V ActivityManager_bs: >>> EXECUTING destroy of ServiceRecord{d3fc98e u0 com.android.inputmethod.latin/.spellcheck.AndroidSpellCheckerService} in app ProcessRecord{c950fab 1733:com.android.inputmethod.latin/u0a54}
11-03 13:22:25.981  1438 15842 V ActivityManager_bs: <<< DONE EXECUTING ServiceRecord{d3fc98e u0 com.android.inputmethod.latin/.spellcheck.AndroidSpellCheckerService}: nesting=2, inDestroying=true, app=ProcessRecord{c950fab 1733:com.android.inputmethod.latin/u0a54}
11-03 13:22:25.981  1438  2013 I WindowManager: Destroying surface Surface(name=com.android.dialer/com.android.dialer.DialtactsActivity) called by com.android.server.wm.WindowStateAnimator.destroySurface:2026 com.android.server.wm.WindowStateAnimator.destroySurfaceLocked:893 com.android.server.wm.WindowState.removeLocked:1449 com.android.server.wm.WindowManagerService.removeWindowInnerLocked:2497 com.android.server.wm.WindowManagerService.removeWindowLocked:2455 com.android.server.wm.WindowManagerService.removeWindowLocked:2324 com.android.server.wm.WindowManagerService.removeWindow:2319 com.android.server.wm.Session.remove:193 
11-03 13:22:25.981  1438 15842 V ActivityManager_bs: <<< DONE EXECUTING ServiceRecord{d3fc98e u0 com.android.inputmethod.latin/.spellcheck.AndroidSpellCheckerService}: nesting=1, inDestroying=true, app=ProcessRecord{c950fab 1733:com.android.inputmethod.latin/u0a54}
11-03 13:22:25.982  1438 15842 V ActivityManager_bs: Nesting at 0 of com.android.inputmethod.latin/.spellcheck.AndroidSpellCheckerService
11-03 13:22:25.983  1438 15842 V ActivityManager: No more executingServices of com.android.inputmethod.latin/.spellcheck.AndroidSpellCheckerService
11-03 13:22:25.983  1438 15842 V ActivityManager_bs: doneExecuting remove destroying ServiceRecord{d3fc98e u0 com.android.inputmethod.latin/.spellcheck.AndroidSpellCheckerService}
11-03 13:22:25.995  1438  2236 V ActivityManager_bs: <<< DONE EXECUTING ServiceRecord{7db7625 u0 com.android.dialer/.calllog.CallLogNotificationsService}: nesting=2, inDestroying=false, app=ProcessRecord{d84eee8 25696:com.android.dialer/u0a15}
11-03 13:22:26.003  1438  2236 V ActivityManager_bs: <<< DONE EXECUTING ServiceRecord{7db7625 u0 com.android.dialer/.calllog.CallLogNotificationsService}: nesting=1, inDestroying=false, app=ProcessRecord{d84eee8 25696:com.android.dialer/u0a15}
11-03 13:22:26.004  1438  2236 V ActivityManager_bs: Nesting at 0 of com.android.dialer/.calllog.CallLogNotificationsService
11-03 13:22:26.004  1438  2236 V ActivityManager: No more executingServices of com.android.dialer/.calllog.CallLogNotificationsService
11-03 13:22:26.007  1438 15775 V Telecom : Logging: START_SESSION: TSI.gDDP@K4A
11-03 13:22:26.009  1438 15775 V Telecom : Logging: CREATE_SUBSESSION (Invisible subsession): TSI.gDDP@K4A
11-03 13:22:26.010  1438 15775 V Telecom : Logging: CONTINUE_SUBSESSION (Invisible Subsession) with Method TSI.gSDP: TSI.gDDP@K4A
11-03 13:22:26.010  1438 15775 V Telecom : Logging: END_SUBSESSION (Invisible Subsession) (dur: 0 mS): TSI.gDDP@K4A
11-03 13:22:26.010  1438 15775 V Telecom : Logging: END_SUBSESSION (dur: 3 mS): TSI.gDDP@K4A
11-03 13:22:26.010  1438 15775 V Telecom : Logging: END_SESSION (dur: 3 ms): TSI.gDDP@K4A
11-03 13:22:26.013  1438 15845 V Telecom : Logging: START_SESSION: TSI.gSDP@K4E
11-03 13:22:26.013  1438 15845 V Telecom : Logging: END_SUBSESSION (dur: 0 mS): TSI.gSDP@K4E
11-03 13:22:26.014  1438 15845 V Telecom : Logging: END_SESSION (dur: 1 ms): TSI.gSDP@K4E
11-03 13:22:26.025  1438 15842 V ActivityManager_bs: stopServiceToken: ComponentInfo{com.android.dialer/com.android.dialer.calllog.CallLogNotificationsService} ServiceRecord{7db7625 u0 com.android.dialer/.calllog.CallLogNotificationsService} startId=1
11-03 13:22:26.025  1438 15842 V ActivityManager_bs: Bringing down ServiceRecord{7db7625 u0 com.android.dialer/.calllog.CallLogNotificationsService} android.content.Intent$FilterComparison@5672c16e
11-03 13:22:26.026  1438 15842 V ActivityManager_bs: >>> EXECUTING destroy of ServiceRecord{7db7625 u0 com.android.dialer/.calllog.CallLogNotificationsService} in app ProcessRecord{d84eee8 25696:com.android.dialer/u0a15}
11-03 13:22:26.028  1438 15842 V ActivityManager_bs: No longer background starting: ServiceRecord{7db7625 u0 com.android.dialer/.calllog.CallLogNotificationsService}
11-03 13:22:26.029  1438 15842 V ActivityManager_bs: <<< DONE EXECUTING ServiceRecord{7db7625 u0 com.android.dialer/.calllog.CallLogNotificationsService}: nesting=1, inDestroying=true, app=ProcessRecord{d84eee8 25696:com.android.dialer/u0a15}
11-03 13:22:26.029  1438 15842 V ActivityManager_bs: Nesting at 0 of com.android.dialer/.calllog.CallLogNotificationsService
11-03 13:22:26.029  1438 15842 V ActivityManager: No more executingServices of com.android.dialer/.calllog.CallLogNotificationsService
11-03 13:22:26.029  1438 15842 V ActivityManager_bs: doneExecuting remove destroying ServiceRecord{7db7625 u0 com.android.dialer/.calllog.CallLogNotificationsService}
11-03 13:22:27.604  1438 15841 V ActivityManager: Broadcast sticky: Intent { act=android.intent.action.SIG_STR flg=0x20000010 (has extras) } ordered=false userid=-1
11-03 13:22:27.606  1438 15841 V ActivityManager: Enqueing broadcast: android.intent.action.SIG_STR replacePending=true
11-03 13:22:29.056  1438  1703 E TaskPersister: File error accessing recents directory (directory doesn't exist?).
11-03 13:22:34.564  1438 15845 V ActivityManager: Broadcast sticky: Intent { act=android.intent.action.SIG_STR flg=0x20000010 (has extras) } ordered=false userid=-1
11-03 13:22:34.572  1438 15845 V ActivityManager: Enqueing broadcast: android.intent.action.SIG_STR replacePending=true
11-03 13:22:34.575  1438 15841 V ActivityManager: Broadcast sticky: Intent { act=android.intent.action.SIG_STR flg=0x20000010 (has extras) } ordered=false userid=-1
11-03 13:22:34.576  1438 15841 V ActivityManager: Enqueing broadcast: android.intent.action.SIG_STR replacePending=true
11-03 13:22:37.010  1438  1828 V ActivityManager: Broadcast sticky: Intent { act=android.intent.action.SIG_STR flg=0x20000010 (has extras) } ordered=false userid=-1
11-03 13:22:37.011  1438  1828 V ActivityManager: Enqueing broadcast: android.intent.action.SIG_STR replacePending=true
11-03 13:22:40.317  1438  2265 V ActivityManager: Broadcast sticky: Intent { act=android.intent.action.SIG_STR flg=0x20000010 (has extras) } ordered=false userid=-1
11-03 13:22:40.318  1438  2265 V ActivityManager: Enqueing broadcast: android.intent.action.SIG_STR replacePending=true
11-03 13:22:41.063  1438  1829 I ActivityManager: START u0 {act=android.intent.action.MAIN cat=[android.intent.category.LAUNCHER] flg=0x10200000 pkg=com.android.dialer cmp=com.android.dialer/.DialtactsActivity bnds=[12,1572][364,1761] (has extras)} from uid 10016 on display 0
11-03 13:22:41.100  1438  2265 V ActivityManager: Broadcast: Intent { act=com.monster.launcher.unread_change flg=0x10 (has extras) } ordered=false userid=0
11-03 13:22:41.100  1438  2265 V ActivityManager: Enqueing broadcast: com.monster.launcher.unread_change replacePending=false
11-03 13:22:41.101  1438  2265 I ActivityManager: Broadcast intent Intent { act=com.monster.launcher.unread_change flg=0x10 (has extras) } on background queue
11-03 13:22:41.101  1438  2265 V ActivityManager: Enqueueing parallel broadcast BroadcastRecord{87d6311 u0 com.monster.launcher.unread_change} intent Intent { act=com.monster.launcher.unread_change flg=0x10 (has extras) }
11-03 13:22:41.101  1438  2265 V BroadcastQueue: Schedule broadcasts [background]: current=false
11-03 13:22:41.101  1438  1477 V BroadcastQueue: Received BROADCAST_INTENT_MSG
11-03 13:22:41.101  1438  1477 V BroadcastQueue: processNextBroadcast [background]: 1 broadcasts, 0 ordered broadcasts
11-03 13:22:41.102  1438  1477 V BroadcastQueue: Processing parallel broadcast [background] BroadcastRecord{87d6311 u0 com.monster.launcher.unread_change}
11-03 13:22:41.102  1438  1477 V BroadcastQueue: Delivering non-ordered on [background] to registered BroadcastFilter{4eb9535 u0 ReceiverList{8ae2b6c 2353 com.monster.launcher/10016/u0 remote:416ec1f}}: BroadcastRecord{87d6311 u0 com.monster.launcher.unread_change}
11-03 13:22:41.102  1438  1477 I BroadcastQueue: Delivering to BroadcastFilter{4eb9535 u0 ReceiverList{8ae2b6c 2353 com.monster.launcher/10016/u0 remote:416ec1f}} : BroadcastRecord{87d6311 u0 com.monster.launcher.unread_change}
11-03 13:22:41.102  1438  1477 V BroadcastQueue: Done with parallel broadcast [background] BroadcastRecord{87d6311 u0 com.monster.launcher.unread_change}
11-03 13:22:41.103  1438  2235 V ActivityManager: Broadcast: Intent { act=com.android.launcher3.action.LAUNCH flg=0x10 (has extras) } ordered=false userid=0
11-03 13:22:41.103  1438  2235 V ActivityManager: Enqueing broadcast: com.android.launcher3.action.LAUNCH replacePending=false
11-03 13:22:41.153 25696 25696 I SystemServiceRegistry: AttrName service = null
11-03 13:22:41.154 25696 25696 I AttrNameManager: <<<<<<<<<mService = null
11-03 13:22:41.213  1438  2013 V ActivityManager: Register receiver android.content.IntentFilter@bb8aee4: Intent { act=android.intent.action.SIM_STATE_CHANGED flg=0x14000010 (has extras) }
11-03 13:22:41.214  1438  2013 I ActivityManager: Broadcast intent Intent { act=android.intent.action.SIM_STATE_CHANGED flg=0x14000010 (has extras) } on foreground queue
11-03 13:22:41.214  1438  2013 V BroadcastQueue: Schedule broadcasts [foreground]: current=false
11-03 13:22:41.216  1438  1477 V BroadcastQueue: Received BROADCAST_INTENT_MSG
11-03 13:22:41.217  1438  1477 V BroadcastQueue: processNextBroadcast [foreground]: 1 broadcasts, 0 ordered broadcasts
11-03 13:22:41.218  1438  1477 V BroadcastQueue: Processing parallel broadcast [foreground] BroadcastRecord{dc3d550 u-1 android.intent.action.SIM_STATE_CHANGED}
11-03 13:22:41.218  1438  1477 V BroadcastQueue: Delivering non-ordered on [foreground] to registered BroadcastFilter{65b3f13 u0 ReceiverList{18fa02 25696 com.android.dialer/10015/u0 remote:b441f4d}}: BroadcastRecord{dc3d550 u-1 android.intent.action.SIM_STATE_CHANGED}
11-03 13:22:41.218  1438  1477 I BroadcastQueue: Delivering to BroadcastFilter{65b3f13 u0 ReceiverList{18fa02 25696 com.android.dialer/10015/u0 remote:b441f4d}} : BroadcastRecord{dc3d550 u-1 android.intent.action.SIM_STATE_CHANGED}
11-03 13:22:41.219  1438  1477 V BroadcastQueue: Done with parallel broadcast [foreground] BroadcastRecord{dc3d550 u-1 android.intent.action.SIM_STATE_CHANGED}
11-03 13:22:41.223  1438  2265 V ActivityManager: Register receiver android.content.IntentFilter@3406349: Intent { act=android.intent.action.SIM_STATE_CHANGED flg=0x14000010 (has extras) }
11-03 13:22:41.223  1438  2265 I ActivityManager: Broadcast intent Intent { act=android.intent.action.SIM_STATE_CHANGED flg=0x14000010 (has extras) } on foreground queue
11-03 13:22:41.223  1438  2265 V BroadcastQueue: Schedule broadcasts [foreground]: current=false
11-03 13:22:41.223  1438  1477 V BroadcastQueue: Received BROADCAST_INTENT_MSG
11-03 13:22:41.223  1438  1477 V BroadcastQueue: processNextBroadcast [foreground]: 1 broadcasts, 0 ordered broadcasts
11-03 13:22:41.224  1438  1477 V BroadcastQueue: Processing parallel broadcast [foreground] BroadcastRecord{a2eb05 u-1 android.intent.action.SIM_STATE_CHANGED}
11-03 13:22:41.224  1438  1477 V BroadcastQueue: Delivering non-ordered on [foreground] to registered BroadcastFilter{718f67c u0 ReceiverList{b30b96f 25696 com.android.dialer/10015/u0 remote:420b44e}}: BroadcastRecord{a2eb05 u-1 android.intent.action.SIM_STATE_CHANGED}
11-03 13:22:41.224  1438  1477 I BroadcastQueue: Delivering to BroadcastFilter{718f67c u0 ReceiverList{b30b96f 25696 com.android.dialer/10015/u0 remote:420b44e}} : BroadcastRecord{a2eb05 u-1 android.intent.action.SIM_STATE_CHANGED}
11-03 13:22:41.224  1438  1477 V BroadcastQueue: Done with parallel broadcast [foreground] BroadcastRecord{a2eb05 u-1 android.intent.action.SIM_STATE_CHANGED}
11-03 13:22:41.244  1438  2013 V Telecom : Logging: START_SESSION: TSI.gDDP@K4I
11-03 13:22:41.251  1438  2013 V Telecom : Logging: CREATE_SUBSESSION (Invisible subsession): TSI.gDDP@K4I
11-03 13:22:41.251  1438  2013 V Telecom : Logging: CONTINUE_SUBSESSION (Invisible Subsession) with Method TSI.gSDP: TSI.gDDP@K4I
11-03 13:22:41.251  1438  2013 V Telecom : Logging: END_SUBSESSION (Invisible Subsession) (dur: 0 mS): TSI.gDDP@K4I
11-03 13:22:41.252  1438  2013 V Telecom : Logging: END_SUBSESSION (dur: 8 mS): TSI.gDDP@K4I
11-03 13:22:41.252  1438  2013 V Telecom : Logging: END_SESSION (dur: 8 ms): TSI.gDDP@K4I
11-03 13:22:41.261  1438 15843 V Telecom : Logging: START_SESSION: TSI.gDDP@K4M
11-03 13:22:41.263  1438 15843 V Telecom : Logging: CREATE_SUBSESSION (Invisible subsession): TSI.gDDP@K4M
11-03 13:22:41.263  1438 15843 V Telecom : Logging: CONTINUE_SUBSESSION (Invisible Subsession) with Method TSI.gSDP: TSI.gDDP@K4M
11-03 13:22:41.263  1438 15843 V Telecom : Logging: END_SUBSESSION (Invisible Subsession) (dur: 0 mS): TSI.gDDP@K4M
11-03 13:22:41.264  1438 15843 V Telecom : Logging: END_SUBSESSION (dur: 3 mS): TSI.gDDP@K4M
11-03 13:22:41.264  1438 15843 V Telecom : Logging: END_SESSION (dur: 3 ms): TSI.gDDP@K4M
11-03 13:22:41.269  1438 15838 V Telecom : Logging: START_SESSION: TSI.gSDP@K4Q
11-03 13:22:41.270  1438 15838 V Telecom : Logging: END_SUBSESSION (dur: 0 mS): TSI.gSDP@K4Q
11-03 13:22:41.270  1438 15838 V Telecom : Logging: END_SESSION (dur: 1 ms): TSI.gSDP@K4Q
11-03 13:22:41.311  1438 19358 V Telecom : Logging: START_SESSION: TSI.iIC@K4U
11-03 13:22:41.312  1438 19358 V Telecom : Logging: CREATE_SUBSESSION (Invisible subsession): TSI.iIC@K4U
11-03 13:22:41.313  1438 19358 V Telecom : Logging: CONTINUE_SUBSESSION (Invisible Subsession) with Method TSI.gDDP: TSI.iIC@K4U
11-03 13:22:41.318  1438 19358 V Telecom : Logging: CREATE_SUBSESSION (Invisible subsession): TSI.iIC@K4U
11-03 13:22:41.318  1438 19358 V Telecom : Logging: CONTINUE_SUBSESSION (Invisible Subsession) with Method TSI.gSDP: TSI.iIC@K4U
11-03 13:22:41.318  1438 19358 V Telecom : Logging: END_SUBSESSION (Invisible Subsession) (dur: 0 mS): TSI.iIC@K4U
11-03 13:22:41.318  1438 19358 V Telecom : Logging: END_SUBSESSION (Invisible Subsession) (dur: 5 mS): TSI.iIC@K4U
11-03 13:22:41.319  1438 19358 V Telecom : Logging: CREATE_SUBSESSION (Invisible subsession): TSI.iIC@K4U
11-03 13:22:41.319  1438 19358 V Telecom : Logging: CONTINUE_SUBSESSION (Invisible Subsession) with Method TSI.gSDP: TSI.iIC@K4U
11-03 13:22:41.320  1438 19358 V Telecom : Logging: END_SUBSESSION (Invisible Subsession) (dur: 1 mS): TSI.iIC@K4U
11-03 13:22:41.320  1438 19358 V Telecom : Logging: END_SUBSESSION (dur: 9 mS): TSI.iIC@K4U
11-03 13:22:41.320  1438 19358 V Telecom : Logging: END_SESSION (dur: 9 ms): TSI.iIC@K4U
11-03 13:22:41.328  1438  1467 V Telecom : Logging: START_SESSION: TSI.gDDP@K4Y
11-03 13:22:41.334  1438  1467 V Telecom : Logging: CREATE_SUBSESSION (Invisible subsession): TSI.gDDP@K4Y
11-03 13:22:41.335  1438  1467 V Telecom : Logging: CONTINUE_SUBSESSION (Invisible Subsession) with Method TSI.gSDP: TSI.gDDP@K4Y
11-03 13:22:41.335  1438  1467 V Telecom : Logging: END_SUBSESSION (Invisible Subsession) (dur: 0 mS): TSI.gDDP@K4Y
11-03 13:22:41.335  1438  1467 V Telecom : Logging: END_SUBSESSION (dur: 7 mS): TSI.gDDP@K4Y
11-03 13:22:41.336  1438  1467 V Telecom : Logging: END_SESSION (dur: 8 ms): TSI.gDDP@K4Y
11-03 13:22:41.340  1438 15843 V Telecom : Logging: START_SESSION: TSI.gDDP@K4c
11-03 13:22:41.346  1438 15844 V Telecom : Logging: START_SESSION: TSI.gDDP@K4g
11-03 13:22:41.346  1438 15843 V Telecom : Logging: CREATE_SUBSESSION (Invisible subsession): TSI.gDDP@K4c
11-03 13:22:41.347  1438 15843 V Telecom : Logging: CONTINUE_SUBSESSION (Invisible Subsession) with Method TSI.gSDP: TSI.gDDP@K4c
11-03 13:22:41.347  1438 15843 V Telecom : Logging: END_SUBSESSION (Invisible Subsession) (dur: 0 mS): TSI.gDDP@K4c
11-03 13:22:41.347  1438 15843 V Telecom : Logging: END_SUBSESSION (dur: 7 mS): TSI.gDDP@K4c
11-03 13:22:41.347  1438 15843 V Telecom : Logging: END_SESSION (dur: 7 ms): TSI.gDDP@K4c
11-03 13:22:41.352  1438 15844 V Telecom : Logging: CREATE_SUBSESSION (Invisible subsession): TSI.gDDP@K4g
11-03 13:22:41.354  1438 15844 V Telecom : Logging: CONTINUE_SUBSESSION (Invisible Subsession) with Method TSI.gSDP: TSI.gDDP@K4g
11-03 13:22:41.355  1438 15844 V Telecom : Logging: END_SUBSESSION (Invisible Subsession) (dur: 1 mS): TSI.gDDP@K4g
11-03 13:22:41.355  1438 15844 V Telecom : Logging: END_SUBSESSION (dur: 9 mS): TSI.gDDP@K4g
11-03 13:22:41.355  1438 15844 V Telecom : Logging: END_SESSION (dur: 9 ms): TSI.gDDP@K4g
11-03 13:22:41.356  1438  1828 V Telecom : Logging: START_SESSION: TSI.gDDP@K4k
11-03 13:22:41.365  1438  1828 V Telecom : Logging: CREATE_SUBSESSION (Invisible subsession): TSI.gDDP@K4k
11-03 13:22:41.365  1438  1828 V Telecom : Logging: CONTINUE_SUBSESSION (Invisible Subsession) with Method TSI.gSDP: TSI.gDDP@K4k
11-03 13:22:41.370  1438 19358 V Telecom : Logging: START_SESSION: TSI.gSDP@K4o
11-03 13:22:41.370  1438 19358 V Telecom : Logging: END_SUBSESSION (dur: 0 mS): TSI.gSDP@K4o
11-03 13:22:41.371  1438 19358 V Telecom : Logging: END_SESSION (dur: 1 ms): TSI.gSDP@K4o
11-03 13:22:41.371  1438  1828 V Telecom : Logging: END_SUBSESSION (Invisible Subsession) (dur: 6 mS): TSI.gDDP@K4k
11-03 13:22:41.372  1438  1828 V Telecom : Logging: END_SUBSESSION (dur: 16 mS): TSI.gDDP@K4k
11-03 13:22:41.372  1438  1828 V Telecom : Logging: END_SESSION (dur: 16 ms): TSI.gDDP@K4k
11-03 13:22:41.376  1438  2235 V Telecom : Logging: START_SESSION: TSI.gDDP@K4s
11-03 13:22:41.383  1438  2235 V Telecom : Logging: CREATE_SUBSESSION (Invisible subsession): TSI.gDDP@K4s
11-03 13:22:41.383  1438  2235 V Telecom : Logging: CONTINUE_SUBSESSION (Invisible Subsession) with Method TSI.gSDP: TSI.gDDP@K4s
11-03 13:22:41.383  1438  2235 V Telecom : Logging: END_SUBSESSION (Invisible Subsession) (dur: 0 mS): TSI.gDDP@K4s
11-03 13:22:41.384  1438  2235 V Telecom : Logging: END_SUBSESSION (dur: 9 mS): TSI.gDDP@K4s
11-03 13:22:41.386  1438  2235 V Telecom : Logging: END_SESSION (dur: 11 ms): TSI.gDDP@K4s
11-03 13:22:41.388  1438 19359 V Telecom : Logging: START_SESSION: TSI.gDDP@K4w
11-03 13:22:41.389  1438 15843 V Telecom : Logging: START_SESSION: TSI.cMCN@K40
11-03 13:22:41.390  1438 15843 V Telecom : Logging: CREATE_SUBSESSION (Invisible subsession): TSI.cMCN@K40
11-03 13:22:41.390  1438 15843 V Telecom : Logging: CONTINUE_SUBSESSION (Invisible Subsession) with Method TSI.gDDP: TSI.cMCN@K40
11-03 13:22:41.391  1438 19359 V Telecom : Logging: CREATE_SUBSESSION (Invisible subsession): TSI.gDDP@K4w
11-03 13:22:41.391  1438 19359 V Telecom : Logging: CONTINUE_SUBSESSION (Invisible Subsession) with Method TSI.gSDP: TSI.gDDP@K4w
11-03 13:22:41.391  1438 19359 V Telecom : Logging: END_SUBSESSION (Invisible Subsession) (dur: 0 mS): TSI.gDDP@K4w
11-03 13:22:41.392  1438 19359 V Telecom : Logging: END_SUBSESSION (dur: 3 mS): TSI.gDDP@K4w
11-03 13:22:41.392  1438 19359 V Telecom : Logging: END_SESSION (dur: 4 ms): TSI.gDDP@K4w
11-03 13:22:41.393  1438 15840 V Telecom : Logging: START_SESSION: TSI.gSDP@K44
11-03 13:22:41.394  1438 15840 V Telecom : Logging: END_SUBSESSION (dur: 1 mS): TSI.gSDP@K44
11-03 13:22:41.394  1438 15840 V Telecom : Logging: END_SESSION (dur: 1 ms): TSI.gSDP@K44
11-03 13:22:41.397  1438 15843 V Telecom : Logging: CREATE_SUBSESSION (Invisible subsession): TSI.cMCN@K40
11-03 13:22:41.426  1438 15843 V Telecom : Logging: CONTINUE_SUBSESSION (Invisible Subsession) with Method TSI.gSDP: TSI.cMCN@K40
11-03 13:22:41.427  1438 15843 V Telecom : Logging: END_SUBSESSION (Invisible Subsession) (dur: 0 mS): TSI.cMCN@K40
11-03 13:22:41.427  1438 15843 V Telecom : Logging: END_SUBSESSION (Invisible Subsession) (dur: 37 mS): TSI.cMCN@K40
11-03 13:22:41.427  1438 15845 V Telecom : Logging: START_SESSION: TSI.gDDP@K48
11-03 13:22:41.428  1438 15843 V Telecom : Logging: CREATE_SUBSESSION (Invisible subsession): TSI.cMCN@K40
11-03 13:22:41.428  1438 15843 V Telecom : Logging: CONTINUE_SUBSESSION (Invisible Subsession) with Method TSI.gSDP: TSI.cMCN@K40
11-03 13:22:41.429  1438 15843 V Telecom : Logging: END_SUBSESSION (Invisible Subsession) (dur: 0 mS): TSI.cMCN@K40
11-03 13:22:41.435  1438 15843 V Telecom : Logging: CREATE_SUBSESSION (Invisible subsession): TSI.cMCN@K40
11-03 13:22:41.435  1438 15843 V Telecom : Logging: CONTINUE_SUBSESSION (Invisible Subsession) with Method TSI.gSDP: TSI.cMCN@K40
11-03 13:22:41.435  1438 15843 V Telecom : Logging: END_SUBSESSION (Invisible Subsession) (dur: 0 mS): TSI.cMCN@K40
11-03 13:22:41.436  1438 15843 V Telecom : Logging: CREATE_SUBSESSION TSI.cMCN@K40_3: TSI.cMCN@K40
11-03 13:22:41.437  1438 25759 V Telecom : Logging: CONTINUE_SUBSESSION: TSI.cMCN->MCNI.mMCAR@K40_3
11-03 13:22:41.440  1438 15845 V Telecom : Logging: CREATE_SUBSESSION (Invisible subsession): TSI.gDDP@K48
11-03 13:22:41.441  1438 15845 V Telecom : Logging: CONTINUE_SUBSESSION (Invisible Subsession) with Method TSI.gSDP: TSI.gDDP@K48
11-03 13:22:41.441  1438 15845 V Telecom : Logging: END_SUBSESSION (Invisible Subsession) (dur: 0 mS): TSI.gDDP@K48
11-03 13:22:41.441  1438 15845 V Telecom : Logging: END_SUBSESSION (dur: 14 mS): TSI.gDDP@K48
11-03 13:22:41.442  1438 15845 V Telecom : Logging: END_SESSION (dur: 15 ms): TSI.gDDP@K48
11-03 13:22:41.442  1438 15843 V Telecom : Logging: CREATE_SUBSESSION (Invisible subsession): TSI.cMCN@K40
11-03 13:22:41.442  1438 15843 V Telecom : Logging: CONTINUE_SUBSESSION (Invisible Subsession) with Method TSI.gSDP: TSI.cMCN@K40
11-03 13:22:41.443  1438 25759 V Telecom : Logging: END_SUBSESSION (dur: 6 mS): TSI.cMCN->MCNI.mMCAR@K40_3
11-03 13:22:41.443  1438 15843 V Telecom : Logging: END_SUBSESSION (Invisible Subsession) (dur: 1 mS): TSI.cMCN@K40
11-03 13:22:41.443  1438 15843 V Telecom : Logging: END_SUBSESSION (dur: 54 mS): TSI.cMCN@K40
11-03 13:22:41.443  1438 15843 V Telecom : Logging: END_SESSION (dur: 54 ms): TSI.cMCN@K40
11-03 13:22:41.448  1438 15844 V Telecom : Logging: START_SESSION: TSI.gSDP@K5A
11-03 13:22:41.449  1438 15844 V Telecom : Logging: END_SUBSESSION (dur: 1 mS): TSI.gSDP@K5A
11-03 13:22:41.449  1438 15844 V Telecom : Logging: END_SESSION (dur: 1 ms): TSI.gSDP@K5A
11-03 13:22:41.455  1438  1828 V Telecom : Logging: START_SESSION: TSI.gDDP@K5E
11-03 13:22:41.459  1438  2107 V Telecom : Logging: START_SESSION: TSI.gDDP@K5I
11-03 13:22:41.462  1438  1828 V Telecom : Logging: CREATE_SUBSESSION (Invisible subsession): TSI.gDDP@K5E
11-03 13:22:41.463  1438  1828 V Telecom : Logging: CONTINUE_SUBSESSION (Invisible Subsession) with Method TSI.gSDP: TSI.gDDP@K5E
11-03 13:22:41.463  1438  1828 V Telecom : Logging: END_SUBSESSION (Invisible Subsession) (dur: 0 mS): TSI.gDDP@K5E
11-03 13:22:41.463  1438  1828 V Telecom : Logging: END_SUBSESSION (dur: 8 mS): TSI.gDDP@K5E
11-03 13:22:41.464  1438  1828 V Telecom : Logging: END_SESSION (dur: 9 ms): TSI.gDDP@K5E
11-03 13:22:41.465  1438  2107 V Telecom : Logging: CREATE_SUBSESSION (Invisible subsession): TSI.gDDP@K5I
11-03 13:22:41.465  1438  2107 V Telecom : Logging: CONTINUE_SUBSESSION (Invisible Subsession) with Method TSI.gSDP: TSI.gDDP@K5I
11-03 13:22:41.466  1438  2107 V Telecom : Logging: END_SUBSESSION (Invisible Subsession) (dur: 0 mS): TSI.gDDP@K5I
11-03 13:22:41.466  1438  2107 V Telecom : Logging: END_SUBSESSION (dur: 7 mS): TSI.gDDP@K5I
11-03 13:22:41.466  1438  2107 V Telecom : Logging: END_SESSION (dur: 7 ms): TSI.gDDP@K5I
11-03 13:22:41.470  1438 15839 V ActivityManager: startService: Intent { act=com.android.dialer.calllog.UPDATE_NOTIFICATIONS cmp=com.android.dialer/.calllog.CallLogNotificationsService } type=null
11-03 13:22:41.471  1438 15839 V ActivityManager_bs: startService: Intent { act=com.android.dialer.calllog.UPDATE_NOTIFICATIONS cmp=com.android.dialer/.calllog.CallLogNotificationsService } type=null args=null
11-03 13:22:41.471  1438 15839 V ActivityManager_bs: retrieveServiceLocked: Intent { act=com.android.dialer.calllog.UPDATE_NOTIFICATIONS cmp=com.android.dialer/.calllog.CallLogNotificationsService } type=null callingUid=10015
11-03 13:22:41.471  1438 15839 V ActivityManager_bs: Not potential delay (callerFg=true uid=10015 pid=25696): ServiceRecord{41d4ee3 u0 com.android.dialer/.calllog.CallLogNotificationsService}
11-03 13:22:41.472  1438 15839 V ActivityManager_bs: Bringing up ServiceRecord{41d4ee3 u0 com.android.dialer/.calllog.CallLogNotificationsService} android.content.Intent$FilterComparison@5672c16e
11-03 13:22:41.474  1438  2235 V Telecom : Logging: START_SESSION: TSI.gSDP@K5M
11-03 13:22:41.474  1438  2235 V Telecom : Logging: END_SUBSESSION (dur: 0 mS): TSI.gSDP@K5M
11-03 13:22:41.474  1438  2235 V Telecom : Logging: END_SESSION (dur: 0 ms): TSI.gSDP@K5M
11-03 13:22:41.475  1438 15839 V ActivityManager_bs: >>> EXECUTING create of ServiceRecord{41d4ee3 u0 com.android.dialer/.calllog.CallLogNotificationsService} in app ProcessRecord{d84eee8 25696:com.android.dialer/u0a15}
11-03 13:22:41.476  1438 15839 V ActivityManager_bs: Sending arguments to: ServiceRecord{41d4ee3 u0 com.android.dialer/.calllog.CallLogNotificationsService} android.content.Intent$FilterComparison@5672c16e args=Intent { act=com.android.dialer.calllog.UPDATE_NOTIFICATIONS cmp=com.android.dialer/.calllog.CallLogNotificationsService }
11-03 13:22:41.476  1438 15839 V ActivityManager_bs: >>> EXECUTING start of ServiceRecord{41d4ee3 u0 com.android.dialer/.calllog.CallLogNotificationsService} in app ProcessRecord{d84eee8 25696:com.android.dialer/u0a15}
11-03 13:22:41.485  1438 15841 V Telecom : Logging: START_SESSION: TSI.iIC@K5Q
11-03 13:22:41.487  1438 15841 V Telecom : Logging: CREATE_SUBSESSION (Invisible subsession): TSI.iIC@K5Q
11-03 13:22:41.487  1438 15841 V Telecom : Logging: CONTINUE_SUBSESSION (Invisible Subsession) with Method TSI.gDDP: TSI.iIC@K5Q
11-03 13:22:41.492  1438 15841 V Telecom : Logging: CREATE_SUBSESSION (Invisible subsession): TSI.iIC@K5Q
11-03 13:22:41.492  1438 15841 V Telecom : Logging: CONTINUE_SUBSESSION (Invisible Subsession) with Method TSI.gSDP: TSI.iIC@K5Q
11-03 13:22:41.493  1438 15841 V Telecom : Logging: END_SUBSESSION (Invisible Subsession) (dur: 1 mS): TSI.iIC@K5Q
11-03 13:22:41.493  1438 15841 V Telecom : Logging: END_SUBSESSION (Invisible Subsession) (dur: 6 mS): TSI.iIC@K5Q
11-03 13:22:41.494  1438 15841 V Telecom : Logging: CREATE_SUBSESSION (Invisible subsession): TSI.iIC@K5Q
11-03 13:22:41.494  1438 15841 V Telecom : Logging: CONTINUE_SUBSESSION (Invisible Subsession) with Method TSI.gSDP: TSI.iIC@K5Q
11-03 13:22:41.494  1438 15841 V Telecom : Logging: END_SUBSESSION (Invisible Subsession) (dur: 0 mS): TSI.iIC@K5Q
11-03 13:22:41.495  1438 15841 V Telecom : Logging: END_SUBSESSION (dur: 11 mS): TSI.iIC@K5Q
11-03 13:22:41.495  1438 15841 V Telecom : Logging: END_SESSION (dur: 11 ms): TSI.iIC@K5Q
11-03 13:22:41.499  1438  1467 V Telecom : Logging: START_SESSION: TSI.iIC@K5U
11-03 13:22:41.501  1438  1467 V Telecom : Logging: CREATE_SUBSESSION (Invisible subsession): TSI.iIC@K5U
11-03 13:22:41.502  1438  1467 V Telecom : Logging: CONTINUE_SUBSESSION (Invisible Subsession) with Method TSI.gDDP: TSI.iIC@K5U
11-03 13:22:41.509  1438  1467 V Telecom : Logging: CREATE_SUBSESSION (Invisible subsession): TSI.iIC@K5U
11-03 13:22:41.510  1438  1467 V Telecom : Logging: CONTINUE_SUBSESSION (Invisible Subsession) with Method TSI.gSDP: TSI.iIC@K5U
11-03 13:22:41.510  1438  1467 V Telecom : Logging: END_SUBSESSION (Invisible Subsession) (dur: 1 mS): TSI.iIC@K5U
11-03 13:22:41.510  1438  1467 V Telecom : Logging: END_SUBSESSION (Invisible Subsession) (dur: 8 mS): TSI.iIC@K5U
11-03 13:22:41.511  1438  1467 V Telecom : Logging: CREATE_SUBSESSION (Invisible subsession): TSI.iIC@K5U
11-03 13:22:41.511  1438  1467 V Telecom : Logging: CONTINUE_SUBSESSION (Invisible Subsession) with Method TSI.gSDP: TSI.iIC@K5U
11-03 13:22:41.511  1438  1467 V Telecom : Logging: END_SUBSESSION (Invisible Subsession) (dur: 0 mS): TSI.iIC@K5U
11-03 13:22:41.511  1438  1467 V Telecom : Logging: END_SUBSESSION (dur: 12 mS): TSI.iIC@K5U
11-03 13:22:41.512  1438  1467 V Telecom : Logging: END_SESSION (dur: 13 ms): TSI.iIC@K5U
11-03 13:22:41.531  1438 15839 V ActivityManager_bs: <<< DONE EXECUTING ServiceRecord{41d4ee3 u0 com.android.dialer/.calllog.CallLogNotificationsService}: nesting=2, inDestroying=false, app=ProcessRecord{d84eee8 25696:com.android.dialer/u0a15}
11-03 13:22:41.531  1438 15839 V ActivityManager_bs: <<< DONE EXECUTING ServiceRecord{41d4ee3 u0 com.android.dialer/.calllog.CallLogNotificationsService}: nesting=1, inDestroying=false, app=ProcessRecord{d84eee8 25696:com.android.dialer/u0a15}
11-03 13:22:41.531  1438 15839 V ActivityManager_bs: Nesting at 0 of com.android.dialer/.calllog.CallLogNotificationsService
11-03 13:22:41.532  1438 15839 V ActivityManager: No more executingServices of com.android.dialer/.calllog.CallLogNotificationsService
11-03 13:22:41.540  1438  1828 V Telecom : Logging: START_SESSION: TSI.gDDP@K5Y
11-03 13:22:41.542  1438  1828 V Telecom : Logging: CREATE_SUBSESSION (Invisible subsession): TSI.gDDP@K5Y
11-03 13:22:41.542  1438  1828 V Telecom : Logging: CONTINUE_SUBSESSION (Invisible Subsession) with Method TSI.gSDP: TSI.gDDP@K5Y
11-03 13:22:41.543  1438  1828 V Telecom : Logging: END_SUBSESSION (Invisible Subsession) (dur: 1 mS): TSI.gDDP@K5Y
11-03 13:22:41.543  1438  1828 V Telecom : Logging: END_SUBSESSION (dur: 3 mS): TSI.gDDP@K5Y
11-03 13:22:41.543  1438  1828 V Telecom : Logging: END_SESSION (dur: 3 ms): TSI.gDDP@K5Y
11-03 13:22:41.545  1438  2276 V ActivityManager_bs: bindService: Intent { act=android.service.textservice.SpellCheckerService cmp=com.android.inputmethod.latin/.spellcheck.AndroidSpellCheckerService } type=null conn=android.app.LoadedApk$ServiceDispatcher$InnerConnection@14c6e37 flags=0x2000001
11-03 13:22:41.545  1438  2276 V ActivityManager_bs: retrieveServiceLocked: Intent { act=android.service.textservice.SpellCheckerService cmp=com.android.inputmethod.latin/.spellcheck.AndroidSpellCheckerService } type=null callingUid=1000
11-03 13:22:41.546  1438 15839 V Telecom : Logging: START_SESSION: TSI.gSDP@K5c
11-03 13:22:41.546  1438  2276 V ActivityManager_bs: Bringing up ServiceRecord{350610d u0 com.android.inputmethod.latin/.spellcheck.AndroidSpellCheckerService} android.content.Intent$FilterComparison@6c82d82d
11-03 13:22:41.546  1438 15839 V Telecom : Logging: END_SUBSESSION (dur: 1 mS): TSI.gSDP@K5c
11-03 13:22:41.546  1438 15839 V Telecom : Logging: END_SESSION (dur: 1 ms): TSI.gSDP@K5c
