11-03 13:22:53.386  1438 15775 V Telecom : Logging: END_SUBSESSION (dur: 9 mS): TSI.gDDP@K7g
11-03 13:22:53.387  1438 15775 V Telecom : Logging: END_SESSION (dur: 10 ms): TSI.gDDP@K7g
11-03 13:22:53.387  1438  2013 V Telecom : Logging: CREATE_SUBSESSION (Invisible subsession): TSI.gDDP@K7k
11-03 13:22:53.388  1438  2013 V Telecom : Logging: CONTINUE_SUBSESSION (Invisible Subsession) with Method TSI.gSDP: TSI.gDDP@K7k
11-03 13:22:53.388  1438  2013 V Telecom : Logging: END_SUBSESSION (Invisible Subsession) (dur: 0 mS): TSI.gDDP@K7k
11-03 13:22:53.388  1438  2013 V Telecom : Logging: END_SUBSESSION (dur: 3 mS): TSI.gDDP@K7k
11-03 13:22:53.388  1438  2013 V Telecom : Logging: END_SESSION (dur: 3 ms): TSI.gDDP@K7k
11-03 13:22:53.393  1438 15845 V Telecom : Logging: START_SESSION: TSI.cMCN@K7o
11-03 13:22:53.395  1438 15845 V Telecom : Logging: CREATE_SUBSESSION (Invisible subsession): TSI.cMCN@K7o
11-03 13:22:53.395  1438 15845 V Telecom : Logging: CONTINUE_SUBSESSION (Invisible Subsession) with Method TSI.gDDP: TSI.cMCN@K7o
11-03 13:22:53.396  1438  1731 V Telecom : Logging: START_SESSION: TSI.gSDP@K7s
11-03 13:22:53.396  1438  1731 V Telecom : Logging: END_SUBSESSION (dur: 0 mS): TSI.gSDP@K7s
11-03 13:22:53.397  1438  1731 V Telecom : Logging: END_SESSION (dur: 1 ms): TSI.gSDP@K7s
11-03 13:22:53.400  1438 15839 V Telecom : Logging: START_SESSION: TSI.gDDP@K7w
11-03 13:22:53.402  1438 15845 V Telecom : Logging: CREATE_SUBSESSION (Invisible subsession): TSI.cMCN@K7o
11-03 13:22:53.402  1438 15845 V Telecom : Logging: CONTINUE_SUBSESSION (Invisible Subsession) with Method TSI.gSDP: TSI.cMCN@K7o
11-03 13:22:53.403  1438 15845 V Telecom : Logging: END_SUBSESSION (Invisible Subsession) (dur: 0 mS): TSI.cMCN@K7o
11-03 13:22:53.403  1438 15845 V Telecom : Logging: END_SUBSESSION (Invisible Subsession) (dur: 8 mS): TSI.cMCN@K7o
11-03 13:22:53.403  1438 15839 V Telecom : Logging: CREATE_SUBSESSION (Invisible subsession): TSI.gDDP@K7w
11-03 13:22:53.403  1438 15839 V Telecom : Logging: CONTINUE_SUBSESSION (Invisible Subsession) with Method TSI.gSDP: TSI.gDDP@K7w
11-03 13:22:53.404  1438 15839 V Telecom : Logging: END_SUBSESSION (Invisible Subsession) (dur: 1 mS): TSI.gDDP@K7w
11-03 13:22:53.404  1438 15839 V Telecom : Logging: END_SUBSESSION (dur: 4 mS): TSI.gDDP@K7w
11-03 13:22:53.404  1438 15839 V Telecom : Logging: END_SESSION (dur: 4 ms): TSI.gDDP@K7w
11-03 13:22:53.405  1438 15845 V Telecom : Logging: CREATE_SUBSESSION (Invisible subsession): TSI.cMCN@K7o
11-03 13:22:53.405  1438 15845 V Telecom : Logging: CONTINUE_SUBSESSION (Invisible Subsession) with Method TSI.gSDP: TSI.cMCN@K7o
11-03 13:22:53.406  1438 15845 V Telecom : Logging: END_SUBSESSION (Invisible Subsession) (dur: 0 mS): TSI.cMCN@K7o
11-03 13:22:53.408  1438 15842 V Telecom : Logging: START_SESSION: TSI.gSDP@K70
11-03 13:22:53.409  1438 15842 V Telecom : Logging: END_SUBSESSION (dur: 1 mS): TSI.gSDP@K70
11-03 13:22:53.409  1438 15842 V Telecom : Logging: END_SESSION (dur: 1 ms): TSI.gSDP@K70
11-03 13:22:53.413  1438 15845 V Telecom : Logging: CREATE_SUBSESSION (Invisible subsession): TSI.cMCN@K7o
11-03 13:22:53.413  1438 15845 V Telecom : Logging: CONTINUE_SUBSESSION (Invisible Subsession) with Method TSI.gSDP: TSI.cMCN@K7o
11-03 13:22:53.413  1438 15845 V Telecom : Logging: END_SUBSESSION (Invisible Subsession) (dur: 0 mS): TSI.cMCN@K7o
11-03 13:22:53.413  1438 15845 V Telecom : Logging: CREATE_SUBSESSION TSI.cMCN@K7o_3: TSI.cMCN@K7o
11-03 13:22:53.414  1438 25748 V Telecom : Logging: CONTINUE_SUBSESSION: TSI.cMCN->MCNI.mMCAR@K7o_3
11-03 13:22:53.418  1438 25748 V Telecom : Logging: END_SUBSESSION (dur: 4 mS): TSI.cMCN->MCNI.mMCAR@K7o_3
11-03 13:22:53.418  1438 15845 V Telecom : Logging: CREATE_SUBSESSION (Invisible subsession): TSI.cMCN@K7o
11-03 13:22:53.419  1438 15845 V Telecom : Logging: CONTINUE_SUBSESSION (Invisible Subsession) with Method TSI.gSDP: TSI.cMCN@K7o
11-03 13:22:53.419  1438 15845 V Telecom : Logging: END_SUBSESSION (Invisible Subsession) (dur: 0 mS): TSI.cMCN@K7o
11-03 13:22:53.419  1438 15845 V Telecom : Logging: END_SUBSESSION (dur: 26 mS): TSI.cMCN@K7o
11-03 13:22:53.420  1438 15845 V Telecom : Logging: END_SESSION (dur: 26 ms): TSI.cMCN@K7o
11-03 13:22:53.426  1438  2265 V Telecom : Logging: START_SESSION: TSI.gDDP@K74
11-03 13:22:53.433  1438  2265 V Telecom : Logging: CREATE_SUBSESSION (Invisible subsession): TSI.gDDP@K74
11-03 13:22:53.434  1438  2265 V Telecom : Logging: CONTINUE_SUBSESSION (Invisible Subsession) with Method TSI.gSDP: TSI.gDDP@K74
11-03 13:22:53.434  1438  2265 V Telecom : Logging: END_SUBSESSION (Invisible Subsession) (dur: 0 mS): TSI.gDDP@K74
11-03 13:22:53.434  1438  2265 V Telecom : Logging: END_SUBSESSION (dur: 9 mS): TSI.gDDP@K74
11-03 13:22:53.435  1438  2265 V Telecom : Logging: END_SESSION (dur: 9 ms): TSI.gDDP@K74
11-03 13:22:53.438  1438 15840 V Telecom : Logging: START_SESSION: TSI.gDDP@K78
11-03 13:22:53.438  1438  1731 V ActivityManager: startService: Intent { act=com.android.dialer.calllog.UPDATE_NOTIFICATIONS cmp=com.android.dialer/.calllog.CallLogNotificationsService } type=null
11-03 13:22:53.439  1438  1731 V ActivityManager_bs: startService: Intent { act=com.android.dialer.calllog.UPDATE_NOTIFICATIONS cmp=com.android.dialer/.calllog.CallLogNotificationsService } type=null args=null
11-03 13:22:53.440  1438  1731 V ActivityManager_bs: retrieveServiceLocked: Intent { act=com.android.dialer.calllog.UPDATE_NOTIFICATIONS cmp=com.android.dialer/.calllog.CallLogNotificationsService } type=null callingUid=10015
11-03 13:22:53.440  1438  1731 V ActivityManager_bs: Not potential delay (callerFg=true uid=10015 pid=25696): ServiceRecord{2d18f31 u0 com.android.dialer/.calllog.CallLogNotificationsService}
11-03 13:22:53.441  1438  1731 V ActivityManager_bs: Bringing up ServiceRecord{2d18f31 u0 com.android.dialer/.calllog.CallLogNotificationsService} android.content.Intent$FilterComparison@5672c16e
11-03 13:22:53.443  1438  1731 V ActivityManager_bs: >>> EXECUTING create of ServiceRecord{2d18f31 u0 com.android.dialer/.calllog.CallLogNotificationsService} in app ProcessRecord{d84eee8 25696:com.android.dialer/u0a15}
11-03 13:22:53.445  1438  1731 V ActivityManager_bs: Sending arguments to: ServiceRecord{2d18f31 u0 com.android.dialer/.calllog.CallLogNotificationsService} android.content.Intent$FilterComparison@5672c16e args=Intent { act=com.android.dialer.calllog.UPDATE_NOTIFICATIONS cmp=com.android.dialer/.calllog.CallLogNotificationsService }
11-03 13:22:53.445  1438  1731 V ActivityManager_bs: >>> EXECUTING start of ServiceRecord{2d18f31 u0 com.android.dialer/.calllog.CallLogNotificationsService} in app ProcessRecord{d84eee8 25696:com.android.dialer/u0a15}
11-03 13:22:53.446  1438 15840 V Telecom : Logging: CREATE_SUBSESSION (Invisible subsession): TSI.gDDP@K78
11-03 13:22:53.449  1438 15840 V Telecom : Logging: CONTINUE_SUBSESSION (Invisible Subsession) with Method TSI.gSDP: TSI.gDDP@K78
11-03 13:22:53.449  1438 15840 V Telecom : Logging: END_SUBSESSION (Invisible Subsession) (dur: 0 mS): TSI.gDDP@K78
11-03 13:22:53.450  1438 15840 V Telecom : Logging: END_SUBSESSION (dur: 11 mS): TSI.gDDP@K78
11-03 13:22:53.450  1438 15840 V Telecom : Logging: END_SESSION (dur: 12 ms): TSI.gDDP@K78
11-03 13:22:53.451  1438 19359 V Telecom : Logging: START_SESSION: TSI.gSDP@K8A
11-03 13:22:53.452  1438 19359 V Telecom : Logging: END_SUBSESSION (dur: 1 mS): TSI.gSDP@K8A
11-03 13:22:53.452  1438 19359 V Telecom : Logging: END_SESSION (dur: 1 ms): TSI.gSDP@K8A
11-03 13:22:53.463  1438  1829 V Telecom : Logging: START_SESSION: TSI.iIC@K8E
11-03 13:22:53.464  1438  1829 V Telecom : Logging: CREATE_SUBSESSION (Invisible subsession): TSI.iIC@K8E
11-03 13:22:53.465  1438  1829 V Telecom : Logging: CONTINUE_SUBSESSION (Invisible Subsession) with Method TSI.gDDP: TSI.iIC@K8E
11-03 13:22:53.470  1438  1829 V Telecom : Logging: CREATE_SUBSESSION (Invisible subsession): TSI.iIC@K8E
11-03 13:22:53.470  1438  1829 V Telecom : Logging: CONTINUE_SUBSESSION (Invisible Subsession) with Method TSI.gSDP: TSI.iIC@K8E
11-03 13:22:53.471  1438  1829 V Telecom : Logging: END_SUBSESSION (Invisible Subsession) (dur: 1 mS): TSI.iIC@K8E
11-03 13:22:53.471  1438  1829 V Telecom : Logging: END_SUBSESSION (Invisible Subsession) (dur: 6 mS): TSI.iIC@K8E
11-03 13:22:53.474  1438  1829 V Telecom : Logging: CREATE_SUBSESSION (Invisible subsession): TSI.iIC@K8E
11-03 13:22:53.474  1438  1829 V Telecom : Logging: CONTINUE_SUBSESSION (Invisible Subsession) with Method TSI.gSDP: TSI.iIC@K8E
11-03 13:22:53.475  1438  1829 V Telecom : Logging: END_SUBSESSION (Invisible Subsession) (dur: 1 mS): TSI.iIC@K8E
11-03 13:22:53.475  1438  1829 V Telecom : Logging: END_SUBSESSION (dur: 12 mS): TSI.iIC@K8E
11-03 13:22:53.475  1438  1829 V Telecom : Logging: END_SESSION (dur: 12 ms): TSI.iIC@K8E
11-03 13:22:53.478  1438  2013 V Telecom : Logging: START_SESSION: TSI.iIC@K8I
11-03 13:22:53.479  1438  2013 V Telecom : Logging: CREATE_SUBSESSION (Invisible subsession): TSI.iIC@K8I
11-03 13:22:53.479  1438  2013 V Telecom : Logging: CONTINUE_SUBSESSION (Invisible Subsession) with Method TSI.gDDP: TSI.iIC@K8I
11-03 13:22:53.484  1438  2013 V Telecom : Logging: CREATE_SUBSESSION (Invisible subsession): TSI.iIC@K8I
11-03 13:22:53.485  1438  2013 V Telecom : Logging: CONTINUE_SUBSESSION (Invisible Subsession) with Method TSI.gSDP: TSI.iIC@K8I
11-03 13:22:53.487  1438  2013 V Telecom : Logging: END_SUBSESSION (Invisible Subsession) (dur: 2 mS): TSI.iIC@K8I
11-03 13:22:53.487  1438  2013 V Telecom : Logging: END_SUBSESSION (Invisible Subsession) (dur: 8 mS): TSI.iIC@K8I
11-03 13:22:53.489  1438  2013 V Telecom : Logging: CREATE_SUBSESSION (Invisible subsession): TSI.iIC@K8I
11-03 13:22:53.489  1438  2013 V Telecom : Logging: CONTINUE_SUBSESSION (Invisible Subsession) with Method TSI.gSDP: TSI.iIC@K8I
11-03 13:22:53.489  1438  2013 V Telecom : Logging: END_SUBSESSION (Invisible Subsession) (dur: 0 mS): TSI.iIC@K8I
11-03 13:22:53.490  1438  2013 V Telecom : Logging: END_SUBSESSION (dur: 12 mS): TSI.iIC@K8I
11-03 13:22:53.490  1438  2013 V Telecom : Logging: END_SESSION (dur: 12 ms): TSI.iIC@K8I
11-03 13:22:53.511  1438 15840 V ActivityManager_bs: <<< DONE EXECUTING ServiceRecord{2d18f31 u0 com.android.dialer/.calllog.CallLogNotificationsService}: nesting=2, inDestroying=false, app=ProcessRecord{d84eee8 25696:com.android.dialer/u0a15}
11-03 13:22:53.513  1438 15840 V ActivityManager_bs: <<< DONE EXECUTING ServiceRecord{2d18f31 u0 com.android.dialer/.calllog.CallLogNotificationsService}: nesting=1, inDestroying=false, app=ProcessRecord{d84eee8 25696:com.android.dialer/u0a15}
11-03 13:22:53.513  1438 15840 V ActivityManager_bs: Nesting at 0 of com.android.dialer/.calllog.CallLogNotificationsService
11-03 13:22:53.513  1438 15840 V ActivityManager: No more executingServices of com.android.dialer/.calllog.CallLogNotificationsService
11-03 13:22:53.517  1438  1829 V Telecom : Logging: START_SESSION: TSI.gDDP@K8M
11-03 13:22:53.520  1438  1829 V Telecom : Logging: CREATE_SUBSESSION (Invisible subsession): TSI.gDDP@K8M
11-03 13:22:53.521  1438  1829 V Telecom : Logging: CONTINUE_SUBSESSION (Invisible Subsession) with Method TSI.gSDP: TSI.gDDP@K8M
11-03 13:22:53.521  1438  1829 V Telecom : Logging: END_SUBSESSION (Invisible Subsession) (dur: 0 mS): TSI.gDDP@K8M
11-03 13:22:53.522  1438  1829 V Telecom : Logging: END_SUBSESSION (dur: 4 mS): TSI.gDDP@K8M
11-03 13:22:53.522  1438  1829 V Telecom : Logging: END_SESSION (dur: 5 ms): TSI.gDDP@K8M
11-03 13:22:53.526  1438 15838 V Telecom : Logging: START_SESSION: TSI.gSDP@K8Q
11-03 13:22:53.527  1438 15838 V Telecom : Logging: END_SUBSESSION (dur: 0 mS): TSI.gSDP@K8Q
11-03 13:22:53.527  1438 15838 V Telecom : Logging: END_SESSION (dur: 1 ms): TSI.gSDP@K8Q
11-03 13:22:53.533  1438  1467 V ActivityManager_bs: stopServiceToken: ComponentInfo{com.android.dialer/com.android.dialer.calllog.CallLogNotificationsService} ServiceRecord{2d18f31 u0 com.android.dialer/.calllog.CallLogNotificationsService} startId=1
11-03 13:22:53.533  1438  1467 V ActivityManager_bs: Bringing down ServiceRecord{2d18f31 u0 com.android.dialer/.calllog.CallLogNotificationsService} android.content.Intent$FilterComparison@5672c16e
11-03 13:22:53.533  1438  1467 V ActivityManager_bs: >>> EXECUTING destroy of ServiceRecord{2d18f31 u0 com.android.dialer/.calllog.CallLogNotificationsService} in app ProcessRecord{d84eee8 25696:com.android.dialer/u0a15}
11-03 13:22:53.568  1438 15843 V Telecom : Logging: START_SESSION: TSI.iVMN@K8U
11-03 13:22:53.570  1438 15843 V Telecom : Logging: CREATE_SUBSESSION (Invisible subsession): TSI.iVMN@K8U
11-03 13:22:53.570  1438 15843 V Telecom : Logging: CONTINUE_SUBSESSION (Invisible Subsession) with Method TSI.gDDP: TSI.iVMN@K8U
11-03 13:22:53.576  1438 15843 V Telecom : Logging: CREATE_SUBSESSION (Invisible subsession): TSI.iVMN@K8U
11-03 13:22:53.577  1438 15843 V Telecom : Logging: CONTINUE_SUBSESSION (Invisible Subsession) with Method TSI.gSDP: TSI.iVMN@K8U
11-03 13:22:53.577  1438 15843 V Telecom : Logging: END_SUBSESSION (Invisible Subsession) (dur: 0 mS): TSI.iVMN@K8U
11-03 13:22:53.578  1438 15843 V Telecom : Logging: END_SUBSESSION (Invisible Subsession) (dur: 8 mS): TSI.iVMN@K8U
11-03 13:22:53.579  1438 15843 V Telecom : Logging: CREATE_SUBSESSION (Invisible subsession): TSI.iVMN@K8U
11-03 13:22:53.579  1438 15843 V Telecom : Logging: CONTINUE_SUBSESSION (Invisible Subsession) with Method TSI.gSDP: TSI.iVMN@K8U
11-03 13:22:53.580  1438 15843 V Telecom : Logging: END_SUBSESSION (Invisible Subsession) (dur: 1 mS): TSI.iVMN@K8U
11-03 13:22:53.585  1438 15843 V Telecom : Logging: END_SUBSESSION (dur: 17 mS): TSI.iVMN@K8U
11-03 13:22:53.585  1438 15843 V Telecom : Logging: END_SESSION (dur: 17 ms): TSI.iVMN@K8U
11-03 13:22:53.586  1438 15843 D StrictMode: Wrote violation #3 of 4: 10284 bytes
11-03 13:22:53.594  1438  1828 V Telecom : Logging: START_SESSION: TSI.gPA@K8Y
11-03 13:22:53.595  1438  1828 V Telecom : Logging: END_SUBSESSION (dur: 1 mS): TSI.gPA@K8Y
11-03 13:22:53.595  1438  1828 V Telecom : Logging: END_SESSION (dur: 1 ms): TSI.gPA@K8Y
11-03 13:22:53.597  1438 15840 V Telecom : Logging: START_SESSION: TSI.gCCPA@K8c
11-03 13:22:53.599  1438 15840 V Telecom : Logging: CREATE_SUBSESSION (Invisible subsession): TSI.gCCPA@K8c
11-03 13:22:53.599  1438 15840 V Telecom : Logging: CONTINUE_SUBSESSION (Invisible Subsession) with Method TSI.gDDP: TSI.gCCPA@K8c
11-03 13:22:53.606  1438 15840 V Telecom : Logging: CREATE_SUBSESSION (Invisible subsession): TSI.gCCPA@K8c
11-03 13:22:53.606  1438 15840 V Telecom : Logging: CONTINUE_SUBSESSION (Invisible Subsession) with Method TSI.gSDP: TSI.gCCPA@K8c
11-03 13:22:53.606  1438 15840 V Telecom : Logging: END_SUBSESSION (Invisible Subsession) (dur: 0 mS): TSI.gCCPA@K8c
11-03 13:22:53.607  1438 15840 V Telecom : Logging: END_SUBSESSION (Invisible Subsession) (dur: 8 mS): TSI.gCCPA@K8c
11-03 13:22:53.613  1438 15840 V Telecom : Logging: CREATE_SUBSESSION (Invisible subsession): TSI.gCCPA@K8c
11-03 13:22:53.613  1438 15840 V Telecom : Logging: CONTINUE_SUBSESSION (Invisible Subsession) with Method TSI.gSDP: TSI.gCCPA@K8c
11-03 13:22:53.614  1438 15840 V Telecom : Logging: END_SUBSESSION (Invisible Subsession) (dur: 1 mS): TSI.gCCPA@K8c
11-03 13:22:53.616  2140 15933 E ActivityThread: Failed to find provider info for com.android.contacts
11-03 13:22:53.616  1438 15840 V Telecom : Logging: END_SUBSESSION (dur: 19 mS): TSI.gCCPA@K8c
11-03 13:22:53.616  1438 15840 V Telecom : Logging: END_SESSION (dur: 19 ms): TSI.gCCPA@K8c
11-03 13:22:53.630  2140  2153 E ActivityThread: Failed to find provider info for com.android.contacts
11-03 13:22:53.636  1438 19359 V Telecom : Logging: START_SESSION: TSI.iVMN@K8g
11-03 13:22:53.637  1438 19359 V Telecom : Logging: CREATE_SUBSESSION (Invisible subsession): TSI.iVMN@K8g
11-03 13:22:53.637  1438 19359 V Telecom : Logging: CONTINUE_SUBSESSION (Invisible Subsession) with Method TSI.gDDP: TSI.iVMN@K8g
11-03 13:22:53.642  1438 19359 V Telecom : Logging: CREATE_SUBSESSION (Invisible subsession): TSI.iVMN@K8g
11-03 13:22:53.643  1438 19359 V Telecom : Logging: CONTINUE_SUBSESSION (Invisible Subsession) with Method TSI.gSDP: TSI.iVMN@K8g
11-03 13:22:53.643  1438 19359 V Telecom : Logging: END_SUBSESSION (Invisible Subsession) (dur: 0 mS): TSI.iVMN@K8g
11-03 13:22:53.643  1438 19359 V Telecom : Logging: END_SUBSESSION (Invisible Subsession) (dur: 6 mS): TSI.iVMN@K8g
11-03 13:22:53.644  1438 19359 V Telecom : Logging: CREATE_SUBSESSION (Invisible subsession): TSI.iVMN@K8g
11-03 13:22:53.645  1438 19359 V Telecom : Logging: CONTINUE_SUBSESSION (Invisible Subsession) with Method TSI.gSDP: TSI.iVMN@K8g
11-03 13:22:53.645  1438 19359 V Telecom : Logging: END_SUBSESSION (Invisible Subsession) (dur: 0 mS): TSI.iVMN@K8g
11-03 13:22:53.645  1438 19359 D Telecom : : null is not visible for the calling user [iVMN]: TSI.iVMN@K8g
11-03 13:22:53.646  1438 19359 V Telecom : Logging: END_SUBSESSION (dur: 10 mS): TSI.iVMN@K8g
11-03 13:22:53.646  1438 19359 V Telecom : Logging: END_SESSION (dur: 10 ms): TSI.iVMN@K8g
11-03 13:22:53.654  1438 15840 V Telecom : Logging: START_SESSION: TSI.gPA@K8k
11-03 13:22:53.655  1438 15840 V Telecom : Logging: END_SUBSESSION (dur: 1 mS): TSI.gPA@K8k
11-03 13:22:53.655  1438 15840 V Telecom : Logging: END_SESSION (dur: 1 ms): TSI.gPA@K8k
11-03 13:22:53.658  1438  2276 V Telecom : Logging: START_SESSION: TSI.gCCPA@K8o
11-03 13:22:53.659  1438  2276 V Telecom : Logging: CREATE_SUBSESSION (Invisible subsession): TSI.gCCPA@K8o
11-03 13:22:53.660  1438  2276 V Telecom : Logging: CONTINUE_SUBSESSION (Invisible Subsession) with Method TSI.gDDP: TSI.gCCPA@K8o
11-03 13:22:53.667  1438  2276 V Telecom : Logging: CREATE_SUBSESSION (Invisible subsession): TSI.gCCPA@K8o
11-03 13:22:53.668  1438  2276 V Telecom : Logging: CONTINUE_SUBSESSION (Invisible Subsession) with Method TSI.gSDP: TSI.gCCPA@K8o
11-03 13:22:53.668  1438  2276 V Telecom : Logging: END_SUBSESSION (Invisible Subsession) (dur: 1 mS): TSI.gCCPA@K8o
11-03 13:22:53.668  1438  2276 V Telecom : Logging: END_SUBSESSION (Invisible Subsession) (dur: 8 mS): TSI.gCCPA@K8o
11-03 13:22:53.669  1438  2276 V Telecom : Logging: CREATE_SUBSESSION (Invisible subsession): TSI.gCCPA@K8o
11-03 13:22:53.669  1438  2276 V Telecom : Logging: CONTINUE_SUBSESSION (Invisible Subsession) with Method TSI.gSDP: TSI.gCCPA@K8o
11-03 13:22:53.670  1438  2276 V Telecom : Logging: END_SUBSESSION (Invisible Subsession) (dur: 1 mS): TSI.gCCPA@K8o
11-03 13:22:53.672  2140 16479 E ActivityThread: Failed to find provider info for com.android.contacts
11-03 13:22:53.673  1438  2276 V Telecom : Logging: END_SUBSESSION (dur: 15 mS): TSI.gCCPA@K8o
11-03 13:22:53.673  1438  2276 V Telecom : Logging: END_SESSION (dur: 15 ms): TSI.gCCPA@K8o
11-03 13:22:53.686  2140 17836 E ActivityThread: Failed to find provider info for com.android.contacts
11-03 13:22:53.691  1438  2107 V Telecom : Logging: START_SESSION: TSI.iVMN@K8s
11-03 13:22:53.693  1438  2107 V Telecom : Logging: CREATE_SUBSESSION (Invisible subsession): TSI.iVMN@K8s
11-03 13:22:53.693  1438  2107 V Telecom : Logging: CONTINUE_SUBSESSION (Invisible Subsession) with Method TSI.gDDP: TSI.iVMN@K8s
11-03 13:22:53.699  1438  2107 V Telecom : Logging: CREATE_SUBSESSION (Invisible subsession): TSI.iVMN@K8s
11-03 13:22:53.699  1438  2107 V Telecom : Logging: CONTINUE_SUBSESSION (Invisible Subsession) with Method TSI.gSDP: TSI.iVMN@K8s
11-03 13:22:53.699  1438  2107 V Telecom : Logging: END_SUBSESSION (Invisible Subsession) (dur: 0 mS): TSI.iVMN@K8s
11-03 13:22:53.699  1438  2107 V Telecom : Logging: END_SUBSESSION (Invisible Subsession) (dur: 6 mS): TSI.iVMN@K8s
11-03 13:22:53.700  1438  2107 V Telecom : Logging: CREATE_SUBSESSION (Invisible subsession): TSI.iVMN@K8s
11-03 13:22:53.700  1438  2107 V Telecom : Logging: CONTINUE_SUBSESSION (Invisible Subsession) with Method TSI.gSDP: TSI.iVMN@K8s
11-03 13:22:53.700  1438  2107 V Telecom : Logging: END_SUBSESSION (Invisible Subsession) (dur: 0 mS): TSI.iVMN@K8s
11-03 13:22:53.701  1438  2107 D Telecom : : null is not visible for the calling user [iVMN]: TSI.iVMN@K8s
11-03 13:22:53.701  1438  2107 V Telecom : Logging: END_SUBSESSION (dur: 10 mS): TSI.iVMN@K8s
11-03 13:22:53.701  1438  2107 V Telecom : Logging: END_SESSION (dur: 10 ms): TSI.iVMN@K8s
11-03 13:22:53.716  1438  1829 V Telecom : Logging: START_SESSION: TSI.iVMN@K8w
11-03 13:22:53.717  1438  1829 V Telecom : Logging: CREATE_SUBSESSION (Invisible subsession): TSI.iVMN@K8w
11-03 13:22:53.717  1438  1829 V Telecom : Logging: CONTINUE_SUBSESSION (Invisible Subsession) with Method TSI.gDDP: TSI.iVMN@K8w
11-03 13:22:53.724  1438  1829 V Telecom : Logging: CREATE_SUBSESSION (Invisible subsession): TSI.iVMN@K8w
11-03 13:22:53.724  1438  1829 V Telecom : Logging: CONTINUE_SUBSESSION (Invisible Subsession) with Method TSI.gSDP: TSI.iVMN@K8w
11-03 13:22:53.724  1438  1829 V Telecom : Logging: END_SUBSESSION (Invisible Subsession) (dur: 0 mS): TSI.iVMN@K8w
11-03 13:22:53.724  1438  1829 V Telecom : Logging: END_SUBSESSION (Invisible Subsession) (dur: 7 mS): TSI.iVMN@K8w
11-03 13:22:53.725  1438  1829 V Telecom : Logging: CREATE_SUBSESSION (Invisible subsession): TSI.iVMN@K8w
11-03 13:22:53.725  1438  1829 V Telecom : Logging: CONTINUE_SUBSESSION (Invisible Subsession) with Method TSI.gSDP: TSI.iVMN@K8w
11-03 13:22:53.726  1438  1829 V Telecom : Logging: END_SUBSESSION (Invisible Subsession) (dur: 1 mS): TSI.iVMN@K8w
11-03 13:22:53.728  2140  2153 E ActivityThread: Failed to find provider info for com.android.contacts
11-03 13:22:53.731  1438  1829 V Telecom : Logging: END_SUBSESSION (dur: 15 mS): TSI.iVMN@K8w
11-03 13:22:53.731  1438  1829 V Telecom : Logging: END_SESSION (dur: 15 ms): TSI.iVMN@K8w
11-03 13:22:53.732  1438  1829 D StrictMode: Wrote violation #3 of 4: 10284 bytes
11-03 13:22:53.747  2140  4086 E ActivityThread: Failed to find provider info for com.android.contacts
11-03 13:22:53.769  2140  2152 E ActivityThread: Failed to find provider info for com.android.contacts
11-03 13:22:53.778  1438  1828 V Telecom : Logging: START_SESSION: TSI.iVMN@K80
11-03 13:22:53.779  1438  1828 V Telecom : Logging: CREATE_SUBSESSION (Invisible subsession): TSI.iVMN@K80
11-03 13:22:53.779  1438  1828 V Telecom : Logging: CONTINUE_SUBSESSION (Invisible Subsession) with Method TSI.gDDP: TSI.iVMN@K80
11-03 13:22:53.786  1438  1828 V Telecom : Logging: CREATE_SUBSESSION (Invisible subsession): TSI.iVMN@K80
11-03 13:22:53.786  1438  1828 V Telecom : Logging: CONTINUE_SUBSESSION (Invisible Subsession) with Method TSI.gSDP: TSI.iVMN@K80
11-03 13:22:53.787  1438  1828 V Telecom : Logging: END_SUBSESSION (Invisible Subsession) (dur: 1 mS): TSI.iVMN@K80
11-03 13:22:53.787  1438  1828 V Telecom : Logging: END_SUBSESSION (Invisible Subsession) (dur: 8 mS): TSI.iVMN@K80
11-03 13:22:53.788  1438  1828 V Telecom : Logging: CREATE_SUBSESSION (Invisible subsession): TSI.iVMN@K80
11-03 13:22:53.789  1438  1828 V Telecom : Logging: CONTINUE_SUBSESSION (Invisible Subsession) with Method TSI.gSDP: TSI.iVMN@K80
11-03 13:22:53.789  1438  1828 V Telecom : Logging: END_SUBSESSION (Invisible Subsession) (dur: 0 mS): TSI.iVMN@K80
11-03 13:22:53.798  2140 16479 E ActivityThread: Failed to find provider info for com.android.contacts
11-03 13:22:53.799  1438  1828 V Telecom : Logging: END_SUBSESSION (dur: 21 mS): TSI.iVMN@K80
11-03 13:22:53.800  1438  1828 V Telecom : Logging: END_SESSION (dur: 21 ms): TSI.iVMN@K80
11-03 13:22:53.800  1438  1828 D StrictMode: Wrote violation #3 of 4: 10284 bytes
11-03 13:22:53.812  1438  1467 V Telecom : Logging: START_SESSION: TSI.gPA@K84
11-03 13:22:53.812  1438  1467 V Telecom : Logging: END_SUBSESSION (dur: 1 mS): TSI.gPA@K84
11-03 13:22:53.812  1438  1467 V Telecom : Logging: END_SESSION (dur: 1 ms): TSI.gPA@K84
11-03 13:22:53.815  1438  1829 V Telecom : Logging: START_SESSION: TSI.gCCPA@K88
11-03 13:22:53.816  1438  1829 V Telecom : Logging: CREATE_SUBSESSION (Invisible subsession): TSI.gCCPA@K88
11-03 13:22:53.816  1438  1829 V Telecom : Logging: CONTINUE_SUBSESSION (Invisible Subsession) with Method TSI.gDDP: TSI.gCCPA@K88
11-03 13:22:53.820  1438  1829 V Telecom : Logging: CREATE_SUBSESSION (Invisible subsession): TSI.gCCPA@K88
11-03 13:22:53.821  1438  1829 V Telecom : Logging: CONTINUE_SUBSESSION (Invisible Subsession) with Method TSI.gSDP: TSI.gCCPA@K88
11-03 13:22:53.821  1438  1829 V Telecom : Logging: END_SUBSESSION (Invisible Subsession) (dur: 1 mS): TSI.gCCPA@K88
11-03 13:22:53.821  1438  1829 V Telecom : Logging: END_SUBSESSION (Invisible Subsession) (dur: 5 mS): TSI.gCCPA@K88
11-03 13:22:53.822  1438  1829 V Telecom : Logging: CREATE_SUBSESSION (Invisible subsession): TSI.gCCPA@K88
11-03 13:22:53.822  1438  1829 V Telecom : Logging: CONTINUE_SUBSESSION (Invisible Subsession) with Method TSI.gSDP: TSI.gCCPA@K88
11-03 13:22:53.822  1438  1829 V Telecom : Logging: END_SUBSESSION (Invisible Subsession) (dur: 0 mS): TSI.gCCPA@K88
11-03 13:22:53.824  1438  1829 V Telecom : Logging: END_SUBSESSION (dur: 9 mS): TSI.gCCPA@K88
11-03 13:22:53.824  1438  1829 V Telecom : Logging: END_SESSION (dur: 9 ms): TSI.gCCPA@K88
11-03 13:22:53.837  1438  1466 V Telecom : Logging: START_SESSION: TSI.iVMN@K9A
11-03 13:22:53.840  1438  1466 V Telecom : Logging: CREATE_SUBSESSION (Invisible subsession): TSI.iVMN@K9A
11-03 13:22:53.840  1438  1466 V Telecom : Logging: CONTINUE_SUBSESSION (Invisible Subsession) with Method TSI.gDDP: TSI.iVMN@K9A
11-03 13:22:53.845  1438  1466 V Telecom : Logging: CREATE_SUBSESSION (Invisible subsession): TSI.iVMN@K9A
11-03 13:22:53.845  1438  1466 V Telecom : Logging: CONTINUE_SUBSESSION (Invisible Subsession) with Method TSI.gSDP: TSI.iVMN@K9A
11-03 13:22:53.845  1438  1466 V Telecom : Logging: END_SUBSESSION (Invisible Subsession) (dur: 0 mS): TSI.iVMN@K9A
11-03 13:22:53.845  1438  1466 V Telecom : Logging: END_SUBSESSION (Invisible Subsession) (dur: 5 mS): TSI.iVMN@K9A
11-03 13:22:53.846  1438  1466 V Telecom : Logging: CREATE_SUBSESSION (Invisible subsession): TSI.iVMN@K9A
11-03 13:22:53.846  1438  1466 V Telecom : Logging: CONTINUE_SUBSESSION (Invisible Subsession) with Method TSI.gSDP: TSI.iVMN@K9A
11-03 13:22:53.847  1438  1466 V Telecom : Logging: END_SUBSESSION (Invisible Subsession) (dur: 1 mS): TSI.iVMN@K9A
11-03 13:22:53.847  1438  1466 D Telecom : : ComponentInfo{com.android.phone/com.android.services.telephony.TelephonyConnectionService}, [356a192b7913b04c54574d18c28d46e6395428ab], UserHandle{0} is not visible for the calling user [iVMN]: TSI.iVMN@K9A
11-03 13:22:53.847  1438  1466 V Telecom : Logging: END_SUBSESSION (dur: 10 mS): TSI.iVMN@K9A
11-03 13:22:53.847  1438  1466 V Telecom : Logging: END_SESSION (dur: 10 ms): TSI.iVMN@K9A
11-03 13:22:53.854  1438 15845 V Telecom : Logging: START_SESSION: TSI.gPA@K9E
11-03 13:22:53.854  1438 15845 V Telecom : Logging: END_SUBSESSION (dur: 0 mS): TSI.gPA@K9E
11-03 13:22:53.854  1438 15845 V Telecom : Logging: END_SESSION (dur: 0 ms): TSI.gPA@K9E
11-03 13:22:53.855  1438  1677 V Telecom : Logging: START_SESSION: TSI.gCCPA@K9I
11-03 13:22:53.856  1438  1677 V Telecom : Logging: CREATE_SUBSESSION (Invisible subsession): TSI.gCCPA@K9I
11-03 13:22:53.856  1438  1677 V Telecom : Logging: CONTINUE_SUBSESSION (Invisible Subsession) with Method TSI.gDDP: TSI.gCCPA@K9I
11-03 13:22:53.861  1438  1677 V Telecom : Logging: CREATE_SUBSESSION (Invisible subsession): TSI.gCCPA@K9I
11-03 13:22:53.861  1438  1677 V Telecom : Logging: CONTINUE_SUBSESSION (Invisible Subsession) with Method TSI.gSDP: TSI.gCCPA@K9I
11-03 13:22:53.861  1438  1677 V Telecom : Logging: END_SUBSESSION (Invisible Subsession) (dur: 0 mS): TSI.gCCPA@K9I
11-03 13:22:53.862  1438  1677 V Telecom : Logging: END_SUBSESSION (Invisible Subsession) (dur: 6 mS): TSI.gCCPA@K9I
11-03 13:22:53.862  1438  1677 V Telecom : Logging: CREATE_SUBSESSION (Invisible subsession): TSI.gCCPA@K9I
11-03 13:22:53.862  1438  1677 V Telecom : Logging: CONTINUE_SUBSESSION (Invisible Subsession) with Method TSI.gSDP: TSI.gCCPA@K9I
11-03 13:22:53.863  1438  1677 V Telecom : Logging: END_SUBSESSION (Invisible Subsession) (dur: 1 mS): TSI.gCCPA@K9I
11-03 13:22:53.864  1438  1677 V Telecom : Logging: END_SUBSESSION (dur: 9 mS): TSI.gCCPA@K9I
11-03 13:22:53.864  1438  1677 V Telecom : Logging: END_SESSION (dur: 9 ms): TSI.gCCPA@K9I
11-03 13:22:53.917  1438  2107 V ActivityManager_bs: <<< DONE EXECUTING ServiceRecord{2d18f31 u0 com.android.dialer/.calllog.CallLogNotificationsService}: nesting=1, inDestroying=true, app=ProcessRecord{d84eee8 25696:com.android.dialer/u0a15}
11-03 13:22:53.918  1438  2107 V ActivityManager_bs: Nesting at 0 of com.android.dialer/.calllog.CallLogNotificationsService
11-03 13:22:53.918  1438  2107 V ActivityManager: No more executingServices of com.android.dialer/.calllog.CallLogNotificationsService
11-03 13:22:53.919  1438  2107 V ActivityManager_bs: doneExecuting remove destroying ServiceRecord{2d18f31 u0 com.android.dialer/.calllog.CallLogNotificationsService}
11-03 13:22:53.947  1438  1731 I WindowManager: Destroying surface Surface(name=com.monster.launcher/com.monster.launcher.Launcher) called by com.android.server.wm.WindowStateAnimator.destroySurface:2026 com.android.server.wm.WindowStateAnimator.destroySurfaceLocked:893 com.android.server.wm.WindowState.destroyOrSaveSurface:2073 com.android.server.wm.AppWindowToken.destroySurfaces:363 com.android.server.wm.AppWindowToken.notifyAppStopped:389 com.android.server.wm.WindowManagerService.notifyAppStopped:4475 com.android.server.am.ActivityStack.activityStoppedLocked:1331 com.android.server.am.ActivityManagerService.activityStopped:7332 
11-03 13:22:54.110  1438  1501 I WindowManager: Destroying surface Surface(name=Starting com.android.dialer) called by com.android.server.wm.WindowStateAnimator.destroySurface:2026 com.android.server.wm.WindowStateAnimator.destroySurfaceLocked:893 com.android.server.wm.WindowState.destroyOrSaveSurface:2073 com.android.server.wm.AppWindowToken.destroySurfaces:363 com.android.server.wm.WindowStateAnimator.finishExit:577 com.android.server.wm.WindowStateAnimator.stepAnimationLocked:503 com.android.server.wm.WindowAnimator.updateWindowsLocked:303 com.android.server.wm.WindowAnimator.animateLocked:704 
11-03 13:22:54.792  1438  2236 V ActivityManager: Broadcast sticky: Intent { act=android.intent.action.SIG_STR flg=0x20000010 (has extras) } ordered=false userid=-1
11-03 13:22:54.792  1438  2236 V ActivityManager: Enqueing broadcast: android.intent.action.SIG_STR replacePending=true
11-03 13:22:54.856  1438 15845 V ActivityManager_bs: bindService: Intent { act=android.service.textservice.SpellCheckerService cmp=com.android.inputmethod.latin/.spellcheck.AndroidSpellCheckerService } type=null conn=android.app.LoadedApk$ServiceDispatcher$InnerConnection@a45eb5f flags=0x2000001
11-03 13:22:54.864  1438 15845 V ActivityManager_bs: retrieveServiceLocked: Intent { act=android.service.textservice.SpellCheckerService cmp=com.android.inputmethod.latin/.spellcheck.AndroidSpellCheckerService } type=null callingUid=1000
11-03 13:22:54.866  1438 15845 V ActivityManager_bs: Bringing up ServiceRecord{a3ec675 u0 com.android.inputmethod.latin/.spellcheck.AndroidSpellCheckerService} android.content.Intent$FilterComparison@6c82d82d
11-03 13:22:54.867  1438 15845 V ActivityManager_bs: >>> EXECUTING create of ServiceRecord{a3ec675 u0 com.android.inputmethod.latin/.spellcheck.AndroidSpellCheckerService} in app ProcessRecord{c950fab 1733:com.android.inputmethod.latin/u0a54}
11-03 13:22:54.870  1438 15845 V ActivityManager_bs: >>> EXECUTING bind of ServiceRecord{a3ec675 u0 com.android.inputmethod.latin/.spellcheck.AndroidSpellCheckerService} in app ProcessRecord{c950fab 1733:com.android.inputmethod.latin/u0a54}
11-03 13:22:54.871  1438 15845 V ActivityManager_bs: Bind ServiceRecord{a3ec675 u0 com.android.inputmethod.latin/.spellcheck.AndroidSpellCheckerService} with AppBindRecord{b0560a com.android.inputmethod.latin/.spellcheck.AndroidSpellCheckerService:system}: received=false apps=1 doRebind=false
11-03 13:22:54.873  1438  1677 V ActivityManager_bs: <<< DONE EXECUTING ServiceRecord{a3ec675 u0 com.android.inputmethod.latin/.spellcheck.AndroidSpellCheckerService}: nesting=2, inDestroying=false, app=ProcessRecord{c950fab 1733:com.android.inputmethod.latin/u0a54}
11-03 13:22:54.875  1438 15843 V ActivityManager_bs: PUBLISHING ServiceRecord{a3ec675 u0 com.android.inputmethod.latin/.spellcheck.AndroidSpellCheckerService} Intent { act=android.service.textservice.SpellCheckerService cmp=com.android.inputmethod.latin/.spellcheck.AndroidSpellCheckerService }: android.os.BinderProxy@b07de7b
11-03 13:22:54.876  1438 15843 V ActivityManager_bs: Publishing to: ConnectionRecord{7f659ac u0 CR FGSA com.android.inputmethod.latin/.spellcheck.AndroidSpellCheckerService:@a45eb5f}
11-03 13:22:54.876  1438 15843 V ActivityManager_bs: <<< DONE EXECUTING ServiceRecord{a3ec675 u0 com.android.inputmethod.latin/.spellcheck.AndroidSpellCheckerService}: nesting=1, inDestroying=false, app=ProcessRecord{c950fab 1733:com.android.inputmethod.latin/u0a54}
11-03 13:22:54.876  1438 15843 V ActivityManager_bs: Nesting at 0 of com.android.inputmethod.latin/.spellcheck.AndroidSpellCheckerService
11-03 13:22:54.876  1438 15843 V ActivityManager: No more executingServices of com.android.inputmethod.latin/.spellcheck.AndroidSpellCheckerService
11-03 13:22:55.300  1438 19358 V Telecom : Logging: START_SESSION: TSI.iVMN@K9M
11-03 13:22:55.302  1438 19358 V Telecom : Logging: CREATE_SUBSESSION (Invisible subsession): TSI.iVMN@K9M
11-03 13:22:55.302  1438 19358 V Telecom : Logging: CONTINUE_SUBSESSION (Invisible Subsession) with Method TSI.gDDP: TSI.iVMN@K9M
11-03 13:22:55.310  1438 19358 V Telecom : Logging: CREATE_SUBSESSION (Invisible subsession): TSI.iVMN@K9M
11-03 13:22:55.310  1438 19358 V Telecom : Logging: CONTINUE_SUBSESSION (Invisible Subsession) with Method TSI.gSDP: TSI.iVMN@K9M
11-03 13:22:55.310  1438 19358 V Telecom : Logging: END_SUBSESSION (Invisible Subsession) (dur: 0 mS): TSI.iVMN@K9M
11-03 13:22:55.311  1438 19358 V Telecom : Logging: END_SUBSESSION (Invisible Subsession) (dur: 9 mS): TSI.iVMN@K9M
11-03 13:22:55.312  1438 19358 V Telecom : Logging: CREATE_SUBSESSION (Invisible subsession): TSI.iVMN@K9M
11-03 13:22:55.312  1438 19358 V Telecom : Logging: CONTINUE_SUBSESSION (Invisible Subsession) with Method TSI.gSDP: TSI.iVMN@K9M
11-03 13:22:55.313  1438 19358 V Telecom : Logging: END_SUBSESSION (Invisible Subsession) (dur: 1 mS): TSI.iVMN@K9M
11-03 13:22:55.313  1438 19358 D Telecom : : ComponentInfo{com.android.phone/com.android.services.telephony.TelephonyConnectionService}, [356a192b7913b04c54574d18c28d46e6395428ab], UserHandle{0} is not visible for the calling user [iVMN]: TSI.iVMN@K9M
11-03 13:22:55.314  1438 19358 V Telecom : Logging: END_SUBSESSION (dur: 13 mS): TSI.iVMN@K9M
11-03 13:22:55.314  1438 19358 V Telecom : Logging: END_SESSION (dur: 14 ms): TSI.iVMN@K9M
11-03 13:22:55.360  2140  4086 E ActivityThread: Failed to find provider info for com.android.contacts
11-03 13:22:55.388  2140 19937 E ActivityThread: Failed to find provider info for com.android.contacts
11-03 13:22:56.076  1438  1703 E TaskPersister: File error accessing recents directory (directory doesn't exist?).
11-03 13:22:58.018  1747  1747 V DeadZone: consuming errant click: (295.7262,58.038452)
11-03 13:23:00.001  1438  1633 V ActivityManager: Broadcast: Intent { act=android.intent.action.TIME_TICK flg=0x50000014 (has extras) } ordered=true userid=-1
11-03 13:23:00.001  1438  1633 V ActivityManager: Enqueing broadcast: android.intent.action.TIME_TICK replacePending=false
11-03 13:23:00.002  1438  1633 I ActivityManager: Broadcast intent Intent { act=android.intent.action.TIME_TICK flg=0x50000014 (has extras) } on foreground queue
11-03 13:23:00.003  1438  1633 V ActivityManager: Enqueueing ordered broadcast BroadcastRecord{9783244 u-1 android.intent.action.TIME_TICK}: prev had 0
11-03 13:23:00.007  1438  1633 I ActivityManager: Enqueueing broadcast android.intent.action.TIME_TICK
11-03 13:23:00.008  1438  1633 V BroadcastQueue: Schedule broadcasts [foreground]: current=false
11-03 13:23:00.010  1438  1477 V BroadcastQueue: Received BROADCAST_INTENT_MSG
11-03 13:23:00.010  1438  1477 V BroadcastQueue: processNextBroadcast [foreground]: 0 broadcasts, 1 ordered broadcasts
11-03 13:23:00.011  1438  1477 V BroadcastQueue: Processing ordered broadcast [foreground] BroadcastRecord{9783244 u-1 android.intent.action.TIME_TICK}
11-03 13:23:00.011  1438  1477 V BroadcastQueue: Submitting BROADCAST_TIMEOUT_MSG [foreground] for BroadcastRecord{9783244 u-1 android.intent.action.TIME_TICK} at 9163245
11-03 13:23:00.011  1438  1477 V BroadcastQueue: Delivering ordered [foreground] to registered BroadcastFilter{6b52946 u0 ReceiverList{66a3121 1438 system/1000/u0 local:e4f5388}}: BroadcastRecord{9783244 u-1 android.intent.action.TIME_TICK}
11-03 13:23:00.012  1438  1477 I BroadcastQueue: Delivering to BroadcastFilter{6b52946 u0 ReceiverList{66a3121 1438 system/1000/u0 local:e4f5388}} : BroadcastRecord{9783244 u-1 android.intent.action.TIME_TICK}
11-03 13:23:00.013  1438  1438 V ActivityManager: Finish receiver: android.app.LoadedApk$ReceiverDispatcher$InnerReceiver@e4f5388
11-03 13:23:00.014  1438  1438 V BroadcastQueue: processNextBroadcast [foreground]: 0 broadcasts, 1 ordered broadcasts
11-03 13:23:00.014  1438  1438 V BroadcastQueue: Delivering ordered [foreground] to registered BroadcastFilter{e42c34 u0 ReceiverList{4a4d307 1747 com.android.systemui/1000/u0 remote:1455546}}: BroadcastRecord{9783244 u-1 android.intent.action.TIME_TICK}
11-03 13:23:00.015  1438  1438 I BroadcastQueue: Delivering to BroadcastFilter{e42c34 u0 ReceiverList{4a4d307 1747 com.android.systemui/1000/u0 remote:1455546}} : BroadcastRecord{9783244 u-1 android.intent.action.TIME_TICK}
11-03 13:23:00.017  1438 15842 V ActivityManager: Finish receiver: android.os.BinderProxy@1455546
11-03 13:23:00.017  1438 15842 V BroadcastQueue: processNextBroadcast [foreground]: 0 broadcasts, 1 ordered broadcasts
11-03 13:23:00.018  1438 15842 V BroadcastQueue: Delivering ordered [foreground] to registered BroadcastFilter{1acf4e4 u0 ReceiverList{b459077 1747 com.android.systemui/1000/u0 remote:285e276}}: BroadcastRecord{9783244 u-1 android.intent.action.TIME_TICK}
11-03 13:23:00.018  1438 15842 I BroadcastQueue: Delivering to BroadcastFilter{1acf4e4 u0 ReceiverList{b459077 1747 com.android.systemui/1000/u0 remote:285e276}} : BroadcastRecord{9783244 u-1 android.intent.action.TIME_TICK}
11-03 13:23:00.041  1438  1466 V ActivityManager: Finish receiver: android.os.BinderProxy@285e276
11-03 13:23:00.041  1438  1466 V BroadcastQueue: processNextBroadcast [foreground]: 0 broadcasts, 1 ordered broadcasts
11-03 13:23:00.042  1438  1466 V BroadcastQueue: Delivering ordered [foreground] to registered BroadcastFilter{a650a24 u-1 ReceiverList{2a7b2b7 1747 com.android.systemui/1000/u-1 remote:1ee25b6}}: BroadcastRecord{9783244 u-1 android.intent.action.TIME_TICK}
11-03 13:23:00.042  1438  1466 I BroadcastQueue: Delivering to BroadcastFilter{a650a24 u-1 ReceiverList{2a7b2b7 1747 com.android.systemui/1000/u-1 remote:1ee25b6}} : BroadcastRecord{9783244 u-1 android.intent.action.TIME_TICK}
11-03 13:23:00.049  1438  1466 V ActivityManager: Finish receiver: android.os.BinderProxy@1ee25b6
11-03 13:23:00.051  1438  1466 V BroadcastQueue: processNextBroadcast [foreground]: 0 broadcasts, 1 ordered broadcasts
11-03 13:23:00.052  1438  1466 V BroadcastQueue: Delivering ordered [foreground] to registered BroadcastFilter{10b2743 u0 ReceiverList{c53a4f2 1747 com.android.systemui/1000/u0 remote:c3dffd}}: BroadcastRecord{9783244 u-1 android.intent.action.TIME_TICK}
11-03 13:23:00.053  1438  1466 I BroadcastQueue: Delivering to BroadcastFilter{10b2743 u0 ReceiverList{c53a4f2 1747 com.android.systemui/1000/u0 remote:c3dffd}} : BroadcastRecord{9783244 u-1 android.intent.action.TIME_TICK}
11-03 13:23:00.060  1438  1466 V ActivityManager: Finish receiver: android.os.BinderProxy@c3dffd
11-03 13:23:00.063  1438  1466 V BroadcastQueue: processNextBroadcast [foreground]: 0 broadcasts, 1 ordered broadcasts
11-03 13:23:00.063  1438  1466 V BroadcastQueue: Delivering ordered [foreground] to registered BroadcastFilter{6e411b5 u0 ReceiverList{280c9ec 1747 com.android.systemui/1000/u0 remote:62ef49f}}: BroadcastRecord{9783244 u-1 android.intent.action.TIME_TICK}
11-03 13:23:00.063  1438  1466 I BroadcastQueue: Delivering to BroadcastFilter{6e411b5 u0 ReceiverList{280c9ec 1747 com.android.systemui/1000/u0 remote:62ef49f}} : BroadcastRecord{9783244 u-1 android.intent.action.TIME_TICK}
11-03 13:23:00.068  1438  1466 V ActivityManager: Finish receiver: android.os.BinderProxy@62ef49f
11-03 13:23:00.069  1438  1466 V BroadcastQueue: processNextBroadcast [foreground]: 0 broadcasts, 1 ordered broadcasts
11-03 13:23:00.070  1438  1466 V BroadcastQueue: Delivering ordered [foreground] to registered BroadcastFilter{140861c u0 ReceiverList{844438f 1747 com.android.systemui/1000/u0 remote:dc192ee}}: BroadcastRecord{9783244 u-1 android.intent.action.TIME_TICK}
11-03 13:23:00.070  1438  1466 I BroadcastQueue: Delivering to BroadcastFilter{140861c u0 ReceiverList{844438f 1747 com.android.systemui/1000/u0 remote:dc192ee}} : BroadcastRecord{9783244 u-1 android.intent.action.TIME_TICK}
11-03 13:23:00.081  1438 15844 V ActivityManager: Finish receiver: android.os.BinderProxy@dc192ee
11-03 13:23:00.081  1438 15844 V BroadcastQueue: processNextBroadcast [foreground]: 0 broadcasts, 1 ordered broadcasts
11-03 13:23:00.082  1438 15844 V BroadcastQueue: Delivering ordered [foreground] to registered BroadcastFilter{b5e6ba1 u0 ReceiverList{adde808 1747 com.android.systemui/1000/u0 remote:7cb89ab}}: BroadcastRecord{9783244 u-1 android.intent.action.TIME_TICK}
11-03 13:23:00.082  1438 15844 I BroadcastQueue: Delivering to BroadcastFilter{b5e6ba1 u0 ReceiverList{adde808 1747 com.android.systemui/1000/u0 remote:7cb89ab}} : BroadcastRecord{9783244 u-1 android.intent.action.TIME_TICK}
11-03 13:23:00.092  1438  2236 V ActivityManager: Finish receiver: android.os.BinderProxy@7cb89ab
11-03 13:23:00.092  1438  2236 V BroadcastQueue: processNextBroadcast [foreground]: 0 broadcasts, 1 ordered broadcasts
11-03 13:23:00.093  1438  2236 V BroadcastQueue: Delivering ordered [foreground] to registered BroadcastFilter{bec4baa u0 ReceiverList{4008e95 1747 com.android.systemui/1000/u0 remote:33fae4c}}: BroadcastRecord{9783244 u-1 android.intent.action.TIME_TICK}
11-03 13:23:00.093  1438  2236 I BroadcastQueue: Delivering to BroadcastFilter{bec4baa u0 ReceiverList{4008e95 1747 com.android.systemui/1000/u0 remote:33fae4c}} : BroadcastRecord{9783244 u-1 android.intent.action.TIME_TICK}
11-03 13:23:00.108  1438 15841 V ActivityManager: Finish receiver: android.os.BinderProxy@33fae4c
11-03 13:23:00.111  1438 15841 V BroadcastQueue: processNextBroadcast [foreground]: 0 broadcasts, 1 ordered broadcasts
11-03 13:23:00.111  1438 15841 V BroadcastQueue: Delivering ordered [foreground] to registered BroadcastFilter{ccd7b13 u0 ReceiverList{43ea602 1747 com.android.systemui/1000/u0 remote:f04fb4d}}: BroadcastRecord{9783244 u-1 android.intent.action.TIME_TICK}
11-03 13:23:00.112  1438 15841 I BroadcastQueue: Delivering to BroadcastFilter{ccd7b13 u0 ReceiverList{43ea602 1747 com.android.systemui/1000/u0 remote:f04fb4d}} : BroadcastRecord{9783244 u-1 android.intent.action.TIME_TICK}
11-03 13:23:00.122  1438 15842 V ActivityManager: Finish receiver: android.os.BinderProxy@f04fb4d
11-03 13:23:00.126  1438 15842 V BroadcastQueue: processNextBroadcast [foreground]: 0 broadcasts, 1 ordered broadcasts
11-03 13:23:00.126  1438 15842 V BroadcastQueue: Delivering ordered [foreground] to registered BroadcastFilter{b7e2275 u0 ReceiverList{b69a5ac 2730 com.vlife.tcl.wallpaper:main/10076/u0 remote:986e75f}}: BroadcastRecord{9783244 u-1 android.intent.action.TIME_TICK}
11-03 13:23:00.127  1438 15842 I BroadcastQueue: Delivering to BroadcastFilter{b7e2275 u0 ReceiverList{b69a5ac 2730 com.vlife.tcl.wallpaper:main/10076/u0 remote:986e75f}} : BroadcastRecord{9783244 u-1 android.intent.action.TIME_TICK}
11-03 13:23:00.131  1438 15842 V ActivityManager: Finish receiver: android.os.BinderProxy@986e75f
11-03 13:23:00.132  1438 15842 V BroadcastQueue: processNextBroadcast [foreground]: 0 broadcasts, 1 ordered broadcasts
11-03 13:23:00.132  1438 15842 V BroadcastQueue: Delivering ordered [foreground] to registered BroadcastFilter{9b47075 u0 ReceiverList{e706bac 1747 com.android.systemui/1000/u0 remote:8f5055f}}: BroadcastRecord{9783244 u-1 android.intent.action.TIME_TICK}
11-03 13:23:00.132  1438 15842 I BroadcastQueue: Delivering to BroadcastFilter{9b47075 u0 ReceiverList{e706bac 1747 com.android.systemui/1000/u0 remote:8f5055f}} : BroadcastRecord{9783244 u-1 android.intent.action.TIME_TICK}
11-03 13:23:00.141  1438 15842 V ActivityManager: Finish receiver: android.os.BinderProxy@8f5055f
11-03 13:23:00.141  1438 15842 V BroadcastQueue: processNextBroadcast [foreground]: 0 broadcasts, 1 ordered broadcasts
11-03 13:23:00.141  1438 15842 V BroadcastQueue: Delivering ordered [foreground] to registered BroadcastFilter{7f7365a u0 ReceiverList{2eeb605 2353 com.monster.launcher/10016/u0 remote:5590d7c}}: BroadcastRecord{9783244 u-1 android.intent.action.TIME_TICK}
11-03 13:23:00.142  1438 15842 I BroadcastQueue: Delivering to BroadcastFilter{7f7365a u0 ReceiverList{2eeb605 2353 com.monster.launcher/10016/u0 remote:5590d7c}} : BroadcastRecord{9783244 u-1 android.intent.action.TIME_TICK}
11-03 13:23:00.162  1438 15843 V ActivityManager: Finish receiver: android.os.BinderProxy@5590d7c
11-03 13:23:00.163  1438 15843 V BroadcastQueue: processNextBroadcast [foreground]: 0 broadcasts, 1 ordered broadcasts
11-03 13:23:00.163  1438 15843 I BroadcastQueue: Finishing broadcast [foreground] android.intent.action.TIME_TICK app=null
11-03 13:23:00.163  1438 15843 V BroadcastQueue: Cancelling BROADCAST_TIMEOUT_MSG
11-03 13:23:00.163  1438 15843 V BroadcastQueue: Finished with ordered broadcast BroadcastRecord{9783244 u-1 android.intent.action.TIME_TICK}
11-03 13:23:01.580  1438  1499 V ActivityManager: Broadcast: Intent { act=android.net.conn.DATA_ACTIVITY_CHANGE flg=0x10 (has extras) } ordered=true userid=-1
11-03 13:23:01.581  1438  1499 V ActivityManager: Enqueing broadcast: android.net.conn.DATA_ACTIVITY_CHANGE replacePending=false
11-03 13:23:02.343  1438 15839 V ActivityManager: Broadcast sticky: Intent { act=android.intent.action.SIG_STR flg=0x20000010 (has extras) } ordered=false userid=-1
11-03 13:23:02.347  1438 15839 V ActivityManager: Enqueing broadcast: android.intent.action.SIG_STR replacePending=true
11-03 13:23:03.802  1438 15839 V ActivityManager: Broadcast sticky: Intent { act=android.intent.action.SIG_STR flg=0x20000010 (has extras) } ordered=false userid=-1
11-03 13:23:03.804  1438 15839 V ActivityManager: Enqueing broadcast: android.intent.action.SIG_STR replacePending=true
11-03 13:23:06.795  1438 15839 V ActivityManager: Broadcast sticky: Intent { act=android.intent.action.SIG_STR flg=0x20000010 (has extras) } ordered=false userid=-1
11-03 13:23:06.795  1438 15839 V ActivityManager: Enqueing broadcast: android.intent.action.SIG_STR replacePending=true
11-03 13:23:09.795  1438  2265 V ActivityManager: Broadcast sticky: Intent { act=android.intent.action.SIG_STR flg=0x20000010 (has extras) } ordered=false userid=-1
11-03 13:23:09.796  1438  2265 V ActivityManager: Enqueing broadcast: android.intent.action.SIG_STR replacePending=true
11-03 13:23:10.343  1438  1438 V DeviceStorageMonitorService: freeMemory=9749762048, mMemLowThreshold: 524288000
11-03 13:23:10.343  1438  1438 I DeviceStorageMonitorService: Posting Message again
11-03 13:23:11.298  1438 15843 V ActivityManager: Broadcast sticky: Intent { act=android.intent.action.SIG_STR flg=0x20000010 (has extras) } ordered=false userid=-1
11-03 13:23:11.299  1438 15843 V ActivityManager: Enqueing broadcast: android.intent.action.SIG_STR replacePending=true
11-03 13:23:12.285  1438  1639 V ActivityManager: Broadcast: Intent { act=android.intent.action.CLOSE_SYSTEM_DIALOGS flg=0x50000010 (has extras) } ordered=false userid=-1
11-03 13:23:12.285  1438  1639 V ActivityManager: Enqueing broadcast: android.intent.action.CLOSE_SYSTEM_DIALOGS replacePending=false
11-03 13:23:12.286  1438  1639 I ActivityManager: Broadcast intent Intent { act=android.intent.action.CLOSE_SYSTEM_DIALOGS flg=0x50000010 (has extras) } on foreground queue
11-03 13:23:12.286  1438  1639 V ActivityManager: Enqueueing parallel broadcast BroadcastRecord{b6d9c62 u-1 android.intent.action.CLOSE_SYSTEM_DIALOGS} intent Intent { act=android.intent.action.CLOSE_SYSTEM_DIALOGS flg=0x50000010 (has extras) }
11-03 13:23:12.286  1438  1639 V BroadcastQueue: Schedule broadcasts [foreground]: current=false
11-03 13:23:12.287  1438  1477 V BroadcastQueue: Received BROADCAST_INTENT_MSG
11-03 13:23:12.287  1438  1477 V BroadcastQueue: processNextBroadcast [foreground]: 1 broadcasts, 0 ordered broadcasts
11-03 13:23:12.287  1438  1477 V BroadcastQueue: Processing parallel broadcast [foreground] BroadcastRecord{b6d9c62 u-1 android.intent.action.CLOSE_SYSTEM_DIALOGS}
11-03 13:23:12.288  1438  1477 V BroadcastQueue: Delivering non-ordered on [foreground] to registered BroadcastFilter{ef26520 u0 ReceiverList{90dec23 1438 system/1000/u0 local:604f152}}: BroadcastRecord{b6d9c62 u-1 android.intent.action.CLOSE_SYSTEM_DIALOGS}
11-03 13:23:12.291  1438  1477 I BroadcastQueue: Delivering to BroadcastFilter{ef26520 u0 ReceiverList{90dec23 1438 system/1000/u0 local:604f152}} : BroadcastRecord{b6d9c62 u-1 android.intent.action.CLOSE_SYSTEM_DIALOGS}
11-03 13:23:12.294  1438  1477 V BroadcastQueue: Delivering non-ordered on [foreground] to registered BroadcastFilter{37dbb24 u0 ReceiverList{ce087b7 1747 com.android.systemui/1000/u0 remote:2e12eb6}}: BroadcastRecord{b6d9c62 u-1 android.intent.action.CLOSE_SYSTEM_DIALOGS}
