10-23 14:10:00.162  2389  2389 E liuzuo73: onTimeChanged setIcon view=266628734
10-23 14:10:00.903  1449  2340 I chatty  : uid=1000(system) Binder:1449_C expire 20 lines
10-23 14:10:03.612  1449  1680 I chatty  : uid=1000(system) PhotonicModulat expire 15 lines
10-23 14:10:05.533  1449  2347 I chatty  : uid=1000(system) Binder:1449_D expire 1 line
10-23 14:10:05.538  1449  2044 I chatty  : uid=1000(system) Binder:1449_6 expire 13 lines
10-23 14:10:05.550   734  4500 I AudioPolicyManagerCustom: FLAG None hence request for a primary output
10-23 14:10:05.552   734  1654 D compress_voip: voice_extn_compress_voip_out_get_parameters: enter
10-23 14:10:05.554  2969  2969 I chatty  : uid=10015(com.android.dialer) expire 321 lines
10-23 14:10:05.556  1449  4489 I chatty  : uid=1000(system) Binder:1449_13 expire 21 lines
10-23 14:10:05.566  1449  4490 I chatty  : uid=1000(system) Binder:1449_14 expire 6 lines
10-23 14:10:05.572  1449  4487 I chatty  : uid=1000(system) Binder:1449_11 expire 6 lines
10-23 14:10:05.575  2428  4295 I chatty  : uid=10001(com.android.contacts) Binder:2428_9 expire 86 lines
10-23 14:10:05.578  1449  2193 I chatty  : uid=1000(system) Binder:1449_8 expire 18 lines
10-23 14:10:05.590  1449  2388 I chatty  : uid=1000(system) Binder:1449_E expire 18 lines
10-23 14:10:05.619  1449  2185 I chatty  : uid=1000(system) Binder:1449_7 expire 21 lines
10-23 14:10:05.620  1449  6264 I chatty  : uid=1000 system_server expire 3 lines
10-23 14:10:05.631  1449  1657 I chatty  : uid=1000(system) Binder:1449_4 expire 3 lines
10-23 14:10:05.644  2428  5390 I chatty  : uid=10001(com.android.contacts) Binder:2428_C expire 91 lines
10-23 14:10:05.646  2428  5295 I chatty  : uid=10001(com.android.contacts) Binder:2428_B expire 291 lines
10-23 14:10:05.647  1449  2886 I chatty  : uid=1000(system) Binder:1449_F expire 3 lines
10-23 14:10:05.649  1449  2302 I chatty  : uid=1000(system) Binder:1449_A expire 15 lines
10-23 14:10:05.657  1449  4488 I chatty  : uid=1000(system) Binder:1449_12 expire 12 lines
10-23 14:10:05.707  1449  1656 I chatty  : uid=1000(system) Binder:1449_3 expire 3 lines
10-23 14:10:05.765  1449  2279 I chatty  : uid=1000(system) Binder:1449_9 expire 3 lines
10-23 14:10:05.828  1449  1507 I chatty  : uid=1000(system) android.display expire 16 lines
10-23 14:10:05.831  1449  1475 I chatty  : uid=1000(system) Binder:1449_2 expire 16 lines
10-23 14:10:05.906   448  2077 E ANDR-PERF-OPTSHANDLER: perf_lock_rel: updated /sys/class/mmc_host/mmc0/clk_scaling/enable with 1
10-23 14:10:05.906   448  2077 E ANDR-PERF-OPTSHANDLER:  return value 2
10-23 14:10:06.266  1723  1723 I chatty  : uid=1000(system) com.android.systemui expire 10 lines
10-23 14:10:06.281  1449  4488 I chatty  : uid=1000(system) Binder:1449_12 expire 13 lines
10-23 14:10:06.644  2969  6280 I chatty  : uid=10015(com.android.dialer) expire 8 lines
10-23 14:10:06.663  2428  4293 I chatty  : uid=10001(com.android.contacts) Binder:2428_8 expire 377 lines
10-23 14:10:08.370  1449  2886 I chatty  : uid=1000(system) Binder:1449_F expire 8 lines
10-23 14:10:09.173  1449  4487 I chatty  : uid=1000(system) Binder:1449_11 expire 22 lines
10-23 14:10:09.190  1449  4487 I chatty  : uid=1000(system) Binder:1449_11 expire 2 lines
10-23 14:10:09.203  1449  2044 I chatty  : uid=1000(system) Binder:1449_6 expire 7 lines
10-23 14:10:09.226  2969  2969 I SystemServiceRegistry: AttrName service = null
10-23 14:10:09.227  2969  2969 I AttrNameManager: <<<<<<<<<mService = null
10-23 14:10:09.328  1449  2347 I chatty  : uid=1000(system) Binder:1449_D expire 33 lines
10-23 14:10:09.334  1449  2193 I chatty  : uid=1000(system) Binder:1449_8 expire 12 lines
10-23 14:10:09.340  1449  2887 I chatty  : uid=1000(system) Binder:1449_10 expire 12 lines
10-23 14:10:09.344  1449  2302 I chatty  : uid=1000(system) Binder:1449_A expire 12 lines
10-23 14:10:09.347  1449  4490 I chatty  : uid=1000(system) Binder:1449_14 expire 31 lines
10-23 14:10:09.353  1449  1657 I chatty  : uid=1000(system) Binder:1449_4 expire 12 lines
10-23 14:10:09.356  1449  2185 I chatty  : uid=1000(system) Binder:1449_7 expire 12 lines
10-23 14:10:09.375  1449  2340 I chatty  : uid=1000(system) Binder:1449_C expire 12 lines
10-23 14:10:09.387  1449  1918 I chatty  : uid=1000(system) Binder:1449_5 expire 9 lines
10-23 14:10:09.391  1449  2279 I chatty  : uid=1000(system) Binder:1449_9 expire 6 lines
10-23 14:10:09.395  1449  2388 I chatty  : uid=1000(system) Binder:1449_E expire 24 lines
10-23 14:10:09.400  1449  1656 I chatty  : uid=1000(system) Binder:1449_3 expire 6 lines
10-23 14:10:09.417  1449  2303 I chatty  : uid=1000(system) Binder:1449_B expire 6 lines
10-23 14:10:09.439  1449  4489 I chatty  : uid=1000(system) Binder:1449_13 expire 15 lines
10-23 14:10:09.463  2969  6327 I chatty  : uid=10015(com.android.dialer) expire 147 lines
10-23 14:10:09.528   448  2077 E ANDR-PERF-OPTSHANDLER: perf_lock_rel: updated /sys/class/mmc_host/mmc0/clk_scaling/enable with 1
10-23 14:10:09.528   448  2077 E ANDR-PERF-OPTSHANDLER:  return value 2
10-23 14:10:09.539  2428  3215 I chatty  : uid=10001(com.android.contacts) Binder:2428_3 expire 43 lines
10-23 14:10:09.640  2428  4288 I chatty  : uid=10001(com.android.contacts) Binder:2428_6 expire 215 lines
10-23 14:10:09.757  1449  4490 I chatty  : uid=1000(system) Binder:1449_14 expire 11 lines
10-23 14:10:09.803  1449  4488 I chatty  : uid=1000(system) Binder:1449_12 expire 14 lines
10-23 14:10:09.819  1449  2340 I chatty  : uid=1000(system) Binder:1449_C expire 18 lines
10-23 14:10:09.870  1449  2886 I chatty  : uid=1000(system) Binder:1449_F expire 10 lines
10-23 14:10:09.902  1449  2887 I chatty  : uid=1000(system) Binder:1449_10 expire 12 lines
10-23 14:10:09.935  1449  1918 I chatty  : uid=1000(system) Binder:1449_5 expire 6 lines
10-23 14:10:09.943  1449  4487 I chatty  : uid=1000(system) Binder:1449_11 expire 7 lines
10-23 14:10:09.948  1449  2303 I chatty  : uid=1000(system) Binder:1449_B expire 48 lines
10-23 14:10:09.954  1449  2347 I chatty  : uid=1000(system) Binder:1449_D expire 21 lines
10-23 14:10:09.958  1449  2193 I chatty  : uid=1000(system) Binder:1449_8 expire 18 lines
10-23 14:10:09.966  1449  6336 I chatty  : uid=1000 system_server expire 3 lines
10-23 14:10:09.968  1449  2044 I chatty  : uid=1000(system) Binder:1449_6 expire 3 lines
10-23 14:10:09.969  1449  1657 I chatty  : uid=1000(system) Binder:1449_4 expire 12 lines
10-23 14:10:09.989  1449  2388 I chatty  : uid=1000(system) Binder:1449_E expire 18 lines
10-23 14:10:09.995  1449  1474 I chatty  : uid=1000(system) Binder:1449_1 expire 5 lines
10-23 14:10:10.004  1449  2279 I chatty  : uid=1000(system) Binder:1449_9 expire 10 lines
10-23 14:10:10.011  2428  3761 I chatty  : uid=10001(com.android.contacts) Binder:2428_4 expire 328 lines
10-23 14:10:10.120  1449  2185 I chatty  : uid=1000(system) Binder:1449_7 expire 33 lines
10-23 14:10:10.168  2428  4283 I chatty  : uid=10001(com.android.contacts) Binder:2428_5 expire 34 lines
10-23 14:10:10.368  1449  1474 I chatty  : uid=1000(system) Binder:1449_1 expire 22 lines
10-23 14:10:10.386  1449  2388 I chatty  : uid=1000(system) Binder:1449_E expire 36 lines
10-23 14:10:10.445  1449  1918 I chatty  : uid=1000(system) Binder:1449_5 expire 27 lines
10-23 14:10:10.476  1449  2193 I chatty  : uid=1000(system) Binder:1449_8 expire 30 lines
10-23 14:10:10.540  1449  2886 I chatty  : uid=1000(system) Binder:1449_F expire 27 lines
10-23 14:10:10.661  1449  4487 I chatty  : uid=1000(system) Binder:1449_11 expire 18 lines
10-23 14:10:10.852  1449  1657 I chatty  : uid=1000(system) Binder:1449_4 expire 36 lines
10-23 14:10:10.932  1449  4488 I chatty  : uid=1000(system) Binder:1449_12 expire 9 lines
10-23 14:10:11.003  1449  1475 I chatty  : uid=1000(system) Binder:1449_2 expire 21 lines
10-23 14:10:11.114  1449  2302 I chatty  : uid=1000(system) Binder:1449_A expire 3 lines
10-23 14:10:11.131  1449  4489 I chatty  : uid=1000(system) Binder:1449_13 expire 12 lines
10-23 14:10:11.190  1449  4490 I chatty  : uid=1000(system) Binder:1449_14 expire 6 lines
10-23 14:10:11.330  1449  2303 I chatty  : uid=1000(system) Binder:1449_B expire 27 lines
10-23 14:10:11.339  1449  1657 I chatty  : uid=1000(system) Binder:1449_4 expire 3 lines
10-23 14:10:11.352  1449  4488 I chatty  : uid=1000(system) Binder:1449_12 expire 31 lines
10-23 14:10:11.432  1449  4489 I chatty  : uid=1000(system) Binder:1449_13 expire 37 lines
10-23 14:10:11.447  1449  1475 I chatty  : uid=1000(system) Binder:1449_2 expire 15 lines
10-23 14:10:11.491  1449  1918 I chatty  : uid=1000(system) Binder:1449_5 expire 20 lines
10-23 14:10:11.551  1449  2302 I chatty  : uid=1000(system) Binder:1449_A expire 5 lines
10-23 14:10:11.648  1449  4490 I chatty  : uid=1000(system) Binder:1449_14 expire 4 lines
10-23 14:10:11.666  1449  2886 I chatty  : uid=1000(system) Binder:1449_F expire 17 lines
10-23 14:10:11.713  1449  2388 I chatty  : uid=1000(system) Binder:1449_E expire 12 lines
10-23 14:10:13.081  1449  2279 I chatty  : uid=1000(system) Binder:1449_9 expire 16 lines
10-23 14:10:18.429  1449  1449 I chatty  : uid=1000 system_server expire 2 lines
10-23 14:10:22.492  1449  2887 I chatty  : uid=1000(system) Binder:1449_10 expire 2 lines
10-23 14:10:22.504  1449  1656 I chatty  : uid=1000(system) Binder:1449_3 expire 2 lines
10-23 14:10:22.692  1449  2185 I chatty  : uid=1000(system) Binder:1449_7 expire 1 line
10-23 14:10:22.712   734  1654 I AudioPolicyManagerCustom: FLAG None hence request for a primary output
10-23 14:10:22.714   734  4499 D compress_voip: voice_extn_compress_voip_out_get_parameters: enter
10-23 14:10:22.715  2969  2969 I chatty  : uid=10015(com.android.dialer) expire 242 lines
10-23 14:10:22.727  2428  5390 I chatty  : uid=10001(com.android.contacts) Binder:2428_C expire 13 lines
10-23 14:10:22.728  2428  5295 I chatty  : uid=10001(com.android.contacts) Binder:2428_B expire 126 lines
10-23 14:10:22.733  1449  4487 I chatty  : uid=1000(system) Binder:1449_11 expire 13 lines
10-23 14:10:22.771  1449  2340 I chatty  : uid=1000(system) Binder:1449_C expire 3 lines
10-23 14:10:22.784  1449  2193 I chatty  : uid=1000(system) Binder:1449_8 expire 12 lines
10-23 14:10:22.813  1449  2347 I chatty  : uid=1000(system) Binder:1449_D expire 12 lines
10-23 14:10:22.847  1449  1507 I chatty  : uid=1000(system) android.display expire 16 lines
10-23 14:10:23.020   448  2077 E ANDR-PERF-OPTSHANDLER: perf_lock_rel: updated /sys/class/mmc_host/mmc0/clk_scaling/enable with 1
10-23 14:10:23.020   448  2077 E ANDR-PERF-OPTSHANDLER:  return value 2
10-23 14:10:27.330  1723  1723 I chatty  : uid=1000(system) com.android.systemui expire 12 lines
10-23 14:10:27.454  2969  2969 I SystemServiceRegistry: AttrName service = null
10-23 14:10:27.454  2969  2969 I AttrNameManager: <<<<<<<<<mService = null
10-23 14:10:27.751   448  2077 E ANDR-PERF-OPTSHANDLER: perf_lock_rel: updated /sys/class/mmc_host/mmc0/clk_scaling/enable with 1
10-23 14:10:27.751   448  2077 E ANDR-PERF-OPTSHANDLER:  return value 2
10-23 14:10:27.768  2428  3761 I chatty  : uid=10001(com.android.contacts) Binder:2428_4 expire 332 lines
10-23 14:10:27.778  1449  2886 I chatty  : uid=1000(system) Binder:1449_F expire 6 lines
10-23 14:10:27.783  1449  2044 I chatty  : uid=1000(system) Binder:1449_6 expire 6 lines
10-23 14:10:27.788  1449  2303 I chatty  : uid=1000(system) Binder:1449_B expire 12 lines
10-23 14:10:27.795  1449  2302 I chatty  : uid=1000(system) Binder:1449_A expire 24 lines
10-23 14:10:27.798  1449  4490 I chatty  : uid=1000(system) Binder:1449_14 expire 27 lines
10-23 14:10:27.803  1449  2388 I chatty  : uid=1000(system) Binder:1449_E expire 18 lines
10-23 14:10:27.807  1449  1918 I chatty  : uid=1000(system) Binder:1449_5 expire 12 lines
10-23 14:10:27.814  1449  2887 I chatty  : uid=1000(system) Binder:1449_10 expire 12 lines
10-23 14:10:27.819  1449  1656 I chatty  : uid=1000(system) Binder:1449_3 expire 12 lines
10-23 14:10:27.823  1449  1474 I chatty  : uid=1000(system) Binder:1449_1 expire 18 lines
10-23 14:10:27.827  1449  2185 I chatty  : uid=1000(system) Binder:1449_7 expire 9 lines
10-23 14:10:27.832  1449  2279 I chatty  : uid=1000(system) Binder:1449_9 expire 6 lines
10-23 14:10:27.836  1449  4487 I chatty  : uid=1000(system) Binder:1449_11 expire 9 lines
10-23 14:10:27.844  1449  2193 I chatty  : uid=1000(system) Binder:1449_8 expire 6 lines
10-23 14:10:27.852  1449  2347 I chatty  : uid=1000(system) Binder:1449_D expire 9 lines
10-23 14:10:27.859  1449  1475 I chatty  : uid=1000(system) Binder:1449_2 expire 6 lines
10-23 14:10:27.867  1449  1657 I chatty  : uid=1000(system) Binder:1449_4 expire 6 lines
10-23 14:10:27.874  1449  4488 I chatty  : uid=1000(system) Binder:1449_12 expire 6 lines
10-23 14:10:27.886  1449  4489 I chatty  : uid=1000(system) Binder:1449_13 expire 6 lines
10-23 14:10:27.892  1449  2340 I chatty  : uid=1000(system) Binder:1449_C expire 12 lines
10-23 14:10:27.899  1449  2886 I chatty  : uid=1000(system) Binder:1449_F expire 6 lines
10-23 14:10:27.904  1449  2044 I chatty  : uid=1000(system) Binder:1449_6 expire 27 lines
10-23 14:10:27.953  2969  6327 I chatty  : uid=10015(com.android.dialer) expire 147 lines
10-23 14:10:27.959  2428  2443 I chatty  : uid=10001(com.android.contacts) Binder:2428_2 expire 14 lines
10-23 14:10:28.058  2428  4304 I chatty  : uid=10001(com.android.contacts) Binder:2428_A expire 8 lines
10-23 14:10:28.103  2428  4283 I chatty  : uid=10001(com.android.contacts) Binder:2428_5 expire 108 lines
10-23 14:10:28.129  2428  4293 I chatty  : uid=10001(com.android.contacts) Binder:2428_8 expire 8 lines
10-23 14:10:28.184  2428  4289 I chatty  : uid=10001(com.android.contacts) Binder:2428_7 expire 73 lines
10-23 14:10:28.241  1449  2302 I chatty  : uid=1000(system) Binder:1449_A expire 17 lines
10-23 14:10:28.288  1449  1474 I chatty  : uid=1000(system) Binder:1449_1 expire 6 lines
10-23 14:10:28.305  1449  2340 I chatty  : uid=1000(system) Binder:1449_C expire 27 lines
10-23 14:10:28.385  1449  2388 I chatty  : uid=1000(system) Binder:1449_E expire 15 lines
10-23 14:10:28.409  1449  1475 I chatty  : uid=1000(system) Binder:1449_2 expire 24 lines
10-23 14:10:28.415  1449  1657 I chatty  : uid=1000(system) Binder:1449_4 expire 13 lines
10-23 14:10:28.423  1449  4487 I chatty  : uid=1000(system) Binder:1449_11 expire 6 lines
10-23 14:10:28.428  1449  2886 I chatty  : uid=1000(system) Binder:1449_F expire 24 lines
10-23 14:10:28.430  1449  2193 I chatty  : uid=1000(system) Binder:1449_8 expire 23 lines
10-23 14:10:28.448  2428  2440 I chatty  : uid=10001(com.android.contacts) Binder:2428_1 expire 41 lines
10-23 14:10:28.457  1449  6601 I chatty  : uid=1000 system_server expire 3 lines
10-23 14:10:28.478  1449  2887 I chatty  : uid=1000(system) Binder:1449_10 expire 8 lines
10-23 14:10:28.509  1449  4488 I chatty  : uid=1000(system) Binder:1449_12 expire 6 lines
10-23 14:10:28.512  1449  2279 I chatty  : uid=1000(system) Binder:1449_9 expire 3 lines
10-23 14:10:28.545  1449  1656 I chatty  : uid=1000(system) Binder:1449_3 expire 30 lines
10-23 14:10:28.724  1449  4489 I chatty  : uid=1000(system) Binder:1449_13 expire 15 lines
10-23 14:10:28.752  2428  3215 I chatty  : uid=10001(com.android.contacts) Binder:2428_3 expire 287 lines
10-23 14:10:28.875  1449  2302 I chatty  : uid=1000(system) Binder:1449_A expire 8 lines
10-23 14:10:28.912  1449  1474 I chatty  : uid=1000(system) Binder:1449_1 expire 36 lines
10-23 14:10:28.930  1449  2886 I chatty  : uid=1000(system) Binder:1449_F expire 15 lines
10-23 14:10:28.979  1449  2279 I chatty  : uid=1000(system) Binder:1449_9 expire 24 lines
10-23 14:10:29.001  1449  2193 I chatty  : uid=1000(system) Binder:1449_8 expire 36 lines
10-23 14:10:29.061  1449  2340 I chatty  : uid=1000(system) Binder:1449_C expire 21 lines
10-23 14:10:29.121  1449  2347 I chatty  : uid=1000(system) Binder:1449_D expire 30 lines
10-23 14:10:29.213  1449  4488 I chatty  : uid=1000(system) Binder:1449_12 expire 28 lines
10-23 14:10:29.416  1449  2185 I chatty  : uid=1000(system) Binder:1449_7 expire 6 lines
10-23 14:10:29.491  1449  4490 I chatty  : uid=1000(system) Binder:1449_14 expire 6 lines
10-23 14:10:29.577  1449  2887 I chatty  : uid=1000(system) Binder:1449_10 expire 3 lines
10-23 14:10:29.605  1449  4488 I chatty  : uid=1000(system) Binder:1449_12 expire 8 lines
10-23 14:10:29.641  1449  1475 I chatty  : uid=1000(system) Binder:1449_2 expire 33 lines
10-23 14:10:29.665  1449  4490 I chatty  : uid=1000(system) Binder:1449_14 expire 45 lines
10-23 14:10:29.718  2428  4288 I chatty  : uid=10001(com.android.contacts) Binder:2428_6 expire 121 lines
10-23 14:10:29.750  1449  2193 I chatty  : uid=1000(system) Binder:1449_8 expire 3 lines
10-23 14:10:29.762  1449  2347 I chatty  : uid=1000(system) Binder:1449_D expire 12 lines
10-23 14:10:29.807  1449  1656 I chatty  : uid=1000(system) Binder:1449_3 expire 24 lines
10-23 14:10:29.810  1449  2044 I chatty  : uid=1000(system) Binder:1449_6 expire 18 lines
10-23 14:10:29.869  1449  2185 I chatty  : uid=1000(system) Binder:1449_7 expire 6 lines
10-23 14:10:29.945  1449  4489 I chatty  : uid=1000(system) Binder:1449_13 expire 21 lines
10-23 14:10:30.101  1449  2302 I chatty  : uid=1000(system) Binder:1449_A expire 6 lines
10-23 14:10:30.179  1449  1657 I chatty  : uid=1000(system) Binder:1449_4 expire 6 lines
10-23 14:10:30.269  1449  4439 I chatty  : uid=1000(system) Timer-2 expire 6 lines
10-23 14:10:35.416  1449  1643 I chatty  : uid=1000(system) WifiScanningSer expire 21 lines
10-23 14:10:35.417  2017  2017 D wpa_supplicant: wlan0: Control interface command 'SCAN TYPE=ONLY'
10-23 14:10:35.417  2017  2017 D wpa_supplicant: wlan0: Setting scan request: 0.000000 sec
10-23 14:10:35.418  2017  2017 D wpa_supplicant: wlan0: State: DISCONNECTED -> SCANNING
10-23 14:10:35.418  2017  2017 D wpa_supplicant: wlan0: Determining shared radio frequencies (max len 2)
10-23 14:10:35.419  2017  2017 D wpa_supplicant: wlan0: Shared frequencies (len=0): completed iteration
10-23 14:10:35.420  2017  2017 D wpa_supplicant: P2P: Add operating class 81
10-23 14:10:35.420  2017  2017 D wpa_supplicant: P2P: Channels - hexdump(len=13): 01 02 03 04 05 06 07 08 09 0a 0b 0c 0d
10-23 14:10:35.420  2017  2017 D wpa_supplicant: P2P: Add operating class 115
10-23 14:10:35.420  2017  2017 D wpa_supplicant: P2P: Channels - hexdump(len=4): 24 28 2c 30
10-23 14:10:35.420  1449  2117 I chatty  : uid=1000(system) WifiMonitor expire 19 lines
10-23 14:10:35.420  2017  2017 D wpa_supplicant: P2P: Add operating class 116
10-23 14:10:35.420  2017  2017 D wpa_supplicant: P2P: Channels - hexdump(len=2): 24 2c
10-23 14:10:35.421  2017  2017 D wpa_supplicant: P2P: Add operating class 117
10-23 14:10:35.421  2017  2017 D wpa_supplicant: P2P: Channels - hexdump(len=2): 28 30
10-23 14:10:35.421  2017  2017 D wpa_supplicant: P2P: Add operating class 124
10-23 14:10:35.421  2017  2017 D wpa_supplicant: P2P: Channels - hexdump(len=4): 95 99 9d a1
10-23 14:10:35.421  2017  2017 D wpa_supplicant: P2P: Add operating class 125
10-23 14:10:35.422  2017  2017 D wpa_supplicant: P2P: Channels - hexdump(len=5): 95 99 9d a1 a5
10-23 14:10:35.422  2017  2017 D wpa_supplicant: P2P: Add operating class 126
10-23 14:10:35.422  2017  2017 D wpa_supplicant: P2P: Channels - hexdump(len=2): 95 9d
10-23 14:10:35.422  2017  2017 D wpa_supplicant: P2P: Add operating class 127
10-23 14:10:35.422  2017  2017 D wpa_supplicant: P2P: Channels - hexdump(len=2): 99 a1
10-23 14:10:35.423  2017  2017 D wpa_supplicant: P2P: Add operating class 128
10-23 14:10:35.423  2017  2017 D wpa_supplicant: P2P: Channels - hexdump(len=4): 24 28 2c 30
10-23 14:10:35.423  2017  2017 D wpa_supplicant: P2P: Add operating class 130
10-23 14:10:35.423  2017  2017 D wpa_supplicant: P2P: Channels - hexdump(len=4): 24 28 2c 30
10-23 14:10:35.423  2017  2017 D wpa_supplicant: P2P: Update channel list
10-23 14:10:35.423  2017  2017 D wpa_supplicant: P2P: channels: 81:1,2,3,4,5,6,7,8,9,10,11,12,13 115:36,40,44,48 116:36,44 117:40,48 124:149,153,157,161 125:149,153,157,161,165 126:149,157 127:153,161 128:36,40,44,48 130:36,40,44,48
10-23 14:10:35.424  2017  2017 D wpa_supplicant: P2P: cli_channels:
10-23 14:10:35.424  2017  2017 D wpa_supplicant: wlan0: Starting AP scan for wildcard SSID
10-23 14:10:35.424  2017  2017 D wpa_supplicant: wlan0: Add radio work 'scan'@0x7f9382e300
10-23 14:10:35.424  2017  2017 D wpa_supplicant: wlan0: First radio work item in the queue - schedule start immediately
10-23 14:10:35.424  2017  2017 D wpa_supplicant: wlan0: Starting radio work 'scan'@0x7f9382e300 after 0.000247 second wait
10-23 14:10:35.425  1449  1640 I chatty  : uid=1000(system) WifiStateMachin expire 47 lines
10-23 14:10:35.425  2017  2017 D wpa_supplicant: wlan0: nl80211: scan request
10-23 14:10:35.425  1449  1640 I chatty  : uid=1000(system) WifiStateMachin expire 9 lines
10-23 14:10:35.426  2017  2017 D wpa_supplicant: Scan requested (ret=0) - scan timeout 30 seconds
10-23 14:10:35.427  2017  2017 D wpa_supplicant: nl80211: Drv Event 33 (NL80211_CMD_TRIGGER_SCAN) received for wlan0
10-23 14:10:35.428  2017  2017 D wpa_supplicant: wlan0: nl80211: Scan trigger
10-23 14:10:35.428  2017  2017 D wpa_supplicant: wlan0: Event SCAN_STARTED (47) received
10-23 14:10:35.428  2017  2017 D wpa_supplicant: wlan0: Own scan request started a scan in 0.001147 seconds
10-23 14:10:35.429  1449  1485 I chatty  : uid=1000(system) ActivityManager expire 75 lines
10-23 14:10:35.442  1884  1884 D PhoneInterfaceManager: [PhoneIntfMgr] getDataEnabled: subId=1 phoneId=0
10-23 14:10:35.442  1884  1884 D PhoneInterfaceManager: [PhoneIntfMgr] getDataEnabled: subId=1 retVal=false
10-23 14:10:35.455  1884  1884 D PhoneInterfaceManager: [PhoneIntfMgr] getDataEnabled: subId=1 phoneId=0
10-23 14:10:35.455  1884  1884 D PhoneInterfaceManager: [PhoneIntfMgr] getDataEnabled: subId=1 retVal=false
10-23 14:10:35.458  1449  1640 I chatty  : uid=1000(system) WifiStateMachin expire 19 lines
10-23 14:10:35.459  2198  2198 D OtaApp@@@DownloadReceiver: DownloadReceiver action:android.net.wifi.STATE_CHANGE
10-23 14:10:35.459  2198  2198 D OtaApp@@@DownloadReceiver:  info.getState() =  DISCONNECTED
10-23 14:10:35.460  1449  1918 I chatty  : uid=1000(system) Binder:1449_5 expire 8 lines
10-23 14:10:36.911  2017  2017 D wpa_supplicant: nl80211: Drv Event 34 (NL80211_CMD_NEW_SCAN_RESULTS) received for wlan0
10-23 14:10:36.914  2017  2017 D wpa_supplicant: wlan0: nl80211: New scan results available
10-23 14:10:36.914  2017  2017 D wpa_supplicant: nl80211: Scan included frequencies: 2412 2417 2422 2427 2432 2437 2442 2447 2452 2457 2462 2467 2472 5180 5200 5220 5240 5260 5280 5300 5320 5745 5765 5785 5805 5825
10-23 14:10:36.915  2017  2017 D wpa_supplicant: wlan0: Event SCAN_RESULTS (3) received
10-23 14:10:36.916  2017  2017 D wpa_supplicant: wlan0: Scan completed in 1.487224 seconds
10-23 14:10:36.921  2017  2017 D wpa_supplicant: nl80211: Received scan results (98 BSSes)
10-23 14:10:36.921  2017  2017 D wpa_supplicant: wlan0: BSS: Start scan result update 13
10-23 14:10:36.922  2017  2017 D wpa_supplicant: wlan0: BSS: Add new id 166 BSSID ec:bd:1d:f7:86:54 SSID 'TCT-OA' freq 2437
10-23 14:10:36.922  2017  2017 D wpa_supplicant: wlan0: BSS: Add new id 167 BSSID ec:bd:1d:f7:86:50 SSID 'XILI-guest-test' freq 2437
10-23 14:10:36.924  2017  2017 D wpa_supplicant: wlan0: BSS: Add new id 168 BSSID 04:62:73:13:24:bf SSID 'XILI-guest-test' freq 5765
10-23 14:10:36.925  2017  2017 D wpa_supplicant: wlan0: BSS: Add new id 169 BSSID 08:10:79:aa:60:fe SSID 'Netcore_NW737' freq 2462
10-23 14:10:36.926  2017  2017 D wpa_supplicant: wlan0: BSS: Add new id 170 BSSID b8:55:10:17:80:40 SSID 'mt7628-8040' freq 2412
10-23 14:10:36.927  2017  2017 D wpa_supplicant: wlan0: BSS: Add new id 171 BSSID fc:8b:97:68:63:00 SSID 'dlink-xxxccc' freq 2417
10-23 14:10:36.928  2017  2017 D wpa_supplicant: wlan0: BSS: Add new id 172 BSSID ec:bd:1d:e4:16:a6 SSID 'SCD-VIP-INET' freq 2437
10-23 14:10:36.928  2017  2017 D wpa_supplicant: wlan0: BSS: Add new id 173 BSSID 04:62:73:1c:83:26 SSID 'SCD-VIP-INET' freq 2462
10-23 14:10:36.928  2017  2017 D wpa_supplicant: wlan0: BSS: Add new id 174 BSSID ec:bd:1d:e4:16:a5 SSID 'SCD-VIP' freq 2437
10-23 14:10:36.928  2017  2017 D wpa_supplicant: wlan0: BSS: Add new id 175 BSSID d0:ee:07:42:fc:3e SSID 'HiWiFi_42FC3E_5G' freq 5765
10-23 14:10:36.929  2017  2017 D wpa_supplicant: wlan0: BSS: Add new id 176 BSSID 04:62:73:24:1c:fa SSID 'SCD-VIP-INET' freq 5785
10-23 14:10:36.929  2017  2017 D wpa_supplicant: wlan0: BSS: Add new id 177 BSSID ec:bd:1d:e4:16:a4 SSID 'TCT-OA' freq 2437
10-23 14:10:36.929  2017  2017 D wpa_supplicant: wlan0: BSS: Add new id 178 BSSID ec:bd:1d:78:e7:70 SSID 'XILI-5F-SHBC' freq 2412
10-23 14:10:36.929  2017  2017 D wpa_supplicant: wlan0: BSS: Add new id 179 BSSID 00:f6:63:79:bc:53 SSID 'XILI-TCT-TEST' freq 2412
10-23 14:10:36.930  2017  2017 D wpa_supplicant: wlan0: BSS: Add new id 180 BSSID 00:f6:63:79:bc:55 SSID 'TCT-OA' freq 2412
10-23 14:10:36.930  2017  2017 D wpa_supplicant: wlan0: BSS: Add new id 181 BSSID ec:bd:1d:f1:cd:a2 SSID 'XILI-communication' freq 2462
10-23 14:10:36.930  2017  2017 D wpa_supplicant: wlan0: BSS: Add new id 182 BSSID ec:bd:1d:e4:16:ac SSID 'XILI-communication-O' freq 5785
10-23 14:10:36.931  2017  2017 D wpa_supplicant: wlan0: BSS: Add new id 183 BSSID 00:f6:63:79:bc:50 SSID 'TCL-VP' freq 2412
10-23 14:10:36.931  2017  2017 D wpa_supplicant: BSS: last_scan_res_used=98/128
10-23 14:10:36.931  2017  2017 D wpa_supplicant: wlan0: Scan-only results received
10-23 14:10:36.932  2017  2017 D wpa_supplicant: wlan0: Radio work 'scan'@0x7f9382e300 done in 1.507337 seconds
10-23 14:10:36.932  2017  2017 D wpa_supplicant: wlan0: radio_work_free('scan'@0x7f9382e300: num_active_works --> 0
10-23 14:10:36.932  2017  2017 D wpa_supplicant: wlan0: State: SCANNING -> DISCONNECTED
10-23 14:10:36.933  2017  2017 D wpa_supplicant: nl80211: Set wlan0 operstate 0->0 (DORMANT)
10-23 14:10:36.933  2017  2017 D wpa_supplicant: netlink: Operstate: ifindex=23 linkmode=-1 (no change), operstate=5 (IF_OPER_DORMANT)
10-23 14:10:36.933  2017  2017 D wpa_supplicant: wlan0: Determining shared radio frequencies (max len 2)
10-23 14:10:36.934  2017  2017 D wpa_supplicant: wlan0: Shared frequencies (len=0): completed iteration
10-23 14:10:36.934  2017  2017 D wpa_supplicant: P2P: Add operating class 81
10-23 14:10:36.934  2017  2017 D wpa_supplicant: P2P: Channels - hexdump(len=13): 01 02 03 04 05 06 07 08 09 0a 0b 0c 0d
10-23 14:10:36.934  2017  2017 D wpa_supplicant: P2P: Add operating class 115
10-23 14:10:36.934  2017  2017 D wpa_supplicant: P2P: Channels - hexdump(len=4): 24 28 2c 30
10-23 14:10:36.935  2017  2017 D wpa_supplicant: P2P: Add operating class 116
10-23 14:10:36.937  2017  2017 D wpa_supplicant: P2P: Channels - hexdump(len=2): 24 2c
10-23 14:10:36.939  2017  2017 D wpa_supplicant: P2P: Add operating class 117
10-23 14:10:36.939  2017  2017 D wpa_supplicant: P2P: Channels - hexdump(len=2): 28 30
10-23 14:10:36.939  2017  2017 D wpa_supplicant: P2P: Add operating class 124
10-23 14:10:36.939  2017  2017 D wpa_supplicant: P2P: Channels - hexdump(len=4): 95 99 9d a1
10-23 14:10:36.939  2017  2017 D wpa_supplicant: P2P: Add operating class 125
10-23 14:10:36.940  2017  2017 D wpa_supplicant: P2P: Channels - hexdump(len=5): 95 99 9d a1 a5
10-23 14:10:36.940  2017  2017 D wpa_supplicant: P2P: Add operating class 126
10-23 14:10:36.940  2017  2017 D wpa_supplicant: P2P: Channels - hexdump(len=2): 95 9d
10-23 14:10:36.940  2017  2017 D wpa_supplicant: P2P: Add operating class 127
10-23 14:10:36.940  2017  2017 D wpa_supplicant: P2P: Channels - hexdump(len=2): 99 a1
10-23 14:10:36.940  2017  2017 D wpa_supplicant: P2P: Add operating class 128
10-23 14:10:36.940  2017  2017 D wpa_supplicant: P2P: Channels - hexdump(len=4): 24 28 2c 30
10-23 14:10:36.941  2017  2017 D wpa_supplicant: P2P: Add operating class 130
10-23 14:10:36.941  2017  2017 D wpa_supplicant: P2P: Channels - hexdump(len=4): 24 28 2c 30
10-23 14:10:36.941  2017  2017 D wpa_supplicant: P2P: Update channel list
10-23 14:10:36.941  2017  2017 D wpa_supplicant: P2P: channels: 81:1,2,3,4,5,6,7,8,9,10,11,12,13 115:36,40,44,48 116:36,44 117:40,48 124:149,153,157,161 125:149,153,157,161,165 126:149,157 127:153,161 128:36,40,44,48 130:36,40,44,48
10-23 14:10:36.941  2017  2017 D wpa_supplicant: P2P: cli_channels:
10-23 14:10:36.945  1111  1119 E LOWI-7.7.1.0: [MemoryStream] expand error 2
10-23 14:10:36.945  1111  1119 E LOWI-7.7.1.0: [MemoryStream] append error 2
10-23 14:10:36.945  1111  1119 E LOWI-7.7.1.0: [OutPostcard] addBlobWithType failed 12
10-23 14:10:37.030  1884  1884 D PhoneInterfaceManager: [PhoneIntfMgr] getDataEnabled: subId=1 phoneId=0
10-23 14:10:37.030  1884  1884 D PhoneInterfaceManager: [PhoneIntfMgr] getDataEnabled: subId=1 retVal=false
10-23 14:10:37.036  1884  1884 D PhoneInterfaceManager: [PhoneIntfMgr] getDataEnabled: subId=1 phoneId=0
10-23 14:10:37.036  1884  1884 D PhoneInterfaceManager: [PhoneIntfMgr] getDataEnabled: subId=1 retVal=false
10-23 14:10:37.040  2198  2198 D OtaApp@@@DownloadReceiver: DownloadReceiver action:android.net.wifi.STATE_CHANGE
10-23 14:10:37.040  2198  2198 D OtaApp@@@DownloadReceiver:  info.getState() =  DISCONNECTED
10-23 14:10:37.041  1449  4488 I chatty  : uid=1000(system) Binder:1449_12 expire 4 lines
10-23 14:10:43.101  1449  2044 I chatty  : uid=1000(system) Binder:1449_6 expire 20 lines
10-23 14:10:50.744  1449  4490 I chatty  : uid=1000(system) Binder:1449_14 expire 6 lines
10-23 14:10:50.760  1449  2193 I chatty  : uid=1000(system) Binder:1449_8 expire 14 lines
10-23 14:10:55.448  1449  1474 I chatty  : uid=1000(system) Binder:1449_1 expire 8 lines
10-23 14:11:00.001  1449  1613 I chatty  : uid=1000(system) AlarmManager expire 6 lines
10-23 14:11:00.016  1449  1449 I chatty  : uid=1000 system_server expire 7 lines
10-23 14:11:00.024  1449  1475 I chatty  : uid=1000(system) Binder:1449_2 expire 4 lines
10-23 14:11:00.046  1449  2388 I chatty  : uid=1000(system) Binder:1449_E expire 4 lines
10-23 14:11:00.078  1449  4487 I chatty  : uid=1000(system) Binder:1449_11 expire 4 lines
10-23 14:11:00.094  1449  2347 I chatty  : uid=1000(system) Binder:1449_D expire 4 lines
10-23 14:11:00.120  3610  3610 I Weather : UpdateService BroadcastReceiver.intent action: android.intent.action.TIME_TICK
10-23 14:11:00.128  1723  1723 I chatty  : uid=1000(system) com.android.systemui expire 36 lines
10-23 14:11:00.130  1449  2887 I chatty  : uid=1000(system) Binder:1449_10 expire 13 lines
10-23 14:11:00.135  2389  2389 D liuzuo73: deskClock onReceive 
10-23 14:11:00.136  2389  2389 D liuzuo73: onTimeChanged20161023T141100Asia/Shanghai(0,296,28800,0,1477203060)
10-23 14:11:00.138  3610  3610 I Weather : onReceive. intent action : android.intent.action.MINIWIDGET_UPDATE_TIME
10-23 14:11:00.145  2389  2389 D liuzuo124: onTimeChanged setIcon
10-23 14:11:00.145  2389  2389 E liuzuo73: onTimeChanged setIcon view=266628734
10-23 14:11:00.146  1449  2302 I chatty  : uid=1000(system) Binder:1449_A expire 2 lines
10-23 14:11:10.620  1449  2483 I chatty  : uid=1000(system) ulp_msg expire 22 lines
10-23 14:11:15.223  1449  2886 I chatty  : uid=1000(system) Binder:1449_F expire 2 lines
10-23 14:11:18.459  1449  2303 I chatty  : uid=1000(system) Binder:1449_B expire 2 lines
10-23 14:11:20.365  1449  1680 I chatty  : uid=1000(system) PhotonicModulat expire 9 lines
10-23 14:11:21.334  1449  4487 I chatty  : uid=1000(system) Binder:1449_11 expire 6 lines
10-23 14:11:23.595  1449  1475 I chatty  : uid=1000(system) Binder:1449_2 expire 2 lines
10-23 14:11:26.170  1449  1640 I chatty  : uid=1000(system) WifiStateMachin expire 29 lines
10-23 14:11:26.171  1449  1449 I chatty  : uid=1000 system_server expire 51 lines
10-23 14:11:26.175  1449  1485 I chatty  : uid=1000(system) ActivityManager expire 60 lines
10-23 14:11:26.186  2241  2385 W QCNEJ   : |CORE| CNE received unexpected action: android.intent.action.BATTERY_CHANGED
10-23 14:11:26.188  3517  3517 D Diagnostics@@@ChangeDataBroadcast: Battery is charging
10-23 14:11:26.188  3517  3517 D Diagnostics@@@ChangeDataBroadcast: App flag is true
10-23 14:11:26.190  1884  1884 D VideoCall_LowBattery: BatteryIntent received: android.intent.action.BATTERY_CHANGED
10-23 14:11:26.198  1884  1884 V asset   : Looking for non-asset 'res/drawable-xxhdpi-v4/ic_sim_card_multi_24px_clr.png' in '/system/framework/framework-res.apk'
10-23 14:11:26.198  1884  1884 V asset   : getZipFileLocked() in 0x7f773e7f00
10-23 14:11:26.198  1884  1884 V asset   : Opened uncompressed entry res/drawable-xxhdpi-v4/ic_sim_card_multi_24px_clr.png in zip /system/framework/framework-res.apk mode 2: 0x7f5df2d020
10-23 14:11:26.207  1884  1884 V asset   : Looking for non-asset 'res/drawable-xxhdpi-v4/ic_sim_card_multi_24px_clr.png' in '/system/framework/framework-res.apk'
10-23 14:11:26.207  1884  1884 V asset   : getZipFileLocked() in 0x7f773e7f00
10-23 14:11:26.207  1884  1884 V asset   : Opened uncompressed entry res/drawable-xxhdpi-v4/ic_sim_card_multi_24px_clr.png in zip /system/framework/framework-res.apk mode 2: 0x7f5df2d020
10-23 14:11:26.218  1884  1884 D VideoCall_LowBattery:  allowVideoCallsInLowBattery: true isCarrierOneSupported: false mIsLowbattery: false
10-23 14:11:26.270  1449  1489 I chatty  : uid=1000(system) batterystats-sy expire 1 line
10-23 14:11:26.279  1449  1489 I chatty  : uid=1000(system) batterystats-sy expire 2 lines
10-23 14:11:27.326  1449  1513 I chatty  : uid=1000(system) PowerManagerSer expire 4 lines
10-23 14:11:27.333  1723  1739 I chatty  : uid=1000(system) Binder:1723_2 expire 4 lines
10-23 14:11:27.382  1449  1513 I chatty  : uid=1000(system) PowerManagerSer expire 10 lines
10-23 14:11:27.672  1449  1485 I chatty  : uid=1000(system) ActivityManager expire 4 lines
10-23 14:11:27.694  1723  1736 I chatty  : uid=1000(system) Binder:1723_1 expire 3 lines
10-23 14:11:27.697  1449  1507 I chatty  : uid=1000(system) android.display expire 1 line
10-23 14:11:27.699   551   551 D SurfaceFlinger: Set power mode=0, type=0 flinger=0x7fb1448d40
10-23 14:11:27.700   551   551 I SDM     : HWCDisplay::SetPowerMode: display = 0, mode = 0
10-23 14:11:27.700   551   551 I SDM     : DisplayBase::SetDisplayState: Set state = 0, display 0
10-23 14:11:27.709  1884  2194 V asset   : Looking for non-asset 'res/drawable-xxhdpi-v4/ic_sim_card_multi_24px_clr.png' in '/system/framework/framework-res.apk'
10-23 14:11:27.710  1884  2194 V asset   : getZipFileLocked() in 0x7f773e7f00
10-23 14:11:27.711  1884  2194 V asset   : Opened uncompressed entry res/drawable-xxhdpi-v4/ic_sim_card_multi_24px_clr.png in zip /system/framework/framework-res.apk mode 2: 0x7f5dfc8060
10-23 14:11:27.724  1884  2194 V asset   : Looking for non-asset 'res/drawable-xxhdpi-v4/ic_sim_card_multi_24px_clr.png' in '/system/framework/framework-res.apk'
10-23 14:11:27.724  1884  2194 V asset   : getZipFileLocked() in 0x7f773e7f00
10-23 14:11:27.724  1884  2194 V asset   : Opened uncompressed entry res/drawable-xxhdpi-v4/ic_sim_card_multi_24px_clr.png in zip /system/framework/framework-res.apk mode 2: 0x7f5dfc8060
10-23 14:11:27.742  1884  2442 V asset   : Looking for non-asset 'res/drawable-xxhdpi-v4/ic_sim_card_multi_24px_clr.png' in '/system/framework/framework-res.apk'
10-23 14:11:27.743  1884  2442 V asset   : getZipFileLocked() in 0x7f773e7f00
10-23 14:11:27.743  1884  2442 V asset   : Opened uncompressed entry res/drawable-xxhdpi-v4/ic_sim_card_multi_24px_clr.png in zip /system/framework/framework-res.apk mode 2: 0x7f5ecc3c60
10-23 14:11:27.746  1884  2442 V asset   : Looking for non-asset 'res/drawable-xxhdpi-v4/ic_sim_card_multi_24px_clr.png' in '/system/framework/framework-res.apk'
10-23 14:11:27.746  1884  2442 V asset   : getZipFileLocked() in 0x7f773e7f00
10-23 14:11:27.746  1884  2442 V asset   : Opened uncompressed entry res/drawable-xxhdpi-v4/ic_sim_card_multi_24px_clr.png in zip /system/framework/framework-res.apk mode 2: 0x7f5ecc3c60
10-23 14:11:27.762  1884  2870 V asset   : Looking for non-asset 'res/drawable-xxhdpi-v4/ic_sim_card_multi_24px_clr.png' in '/system/framework/framework-res.apk'
10-23 14:11:27.763  1884  2870 V asset   : getZipFileLocked() in 0x7f773e7f00
10-23 14:11:27.763  1884  2870 V asset   : Opened uncompressed entry res/drawable-xxhdpi-v4/ic_sim_card_multi_24px_clr.png in zip /system/framework/framework-res.apk mode 2: 0x7f5ecc3d80
10-23 14:11:27.767  1884  2870 V asset   : Looking for non-asset 'res/drawable-xxhdpi-v4/ic_sim_card_multi_24px_clr.png' in '/system/framework/framework-res.apk'
10-23 14:11:27.767  1884  2870 V asset   : getZipFileLocked() in 0x7f773e7f00
10-23 14:11:27.768  1884  2870 V asset   : Opened uncompressed entry res/drawable-xxhdpi-v4/ic_sim_card_multi_24px_clr.png in zip /system/framework/framework-res.apk mode 2: 0x7f5ecc3d80
10-23 14:11:27.779  1884  3172 V asset   : Looking for non-asset 'res/drawable-xxhdpi-v4/ic_sim_card_multi_24px_clr.png' in '/system/framework/framework-res.apk'
10-23 14:11:27.779  1884  3172 V asset   : getZipFileLocked() in 0x7f773e7f00
10-23 14:11:27.780  1884  3172 V asset   : Opened uncompressed entry res/drawable-xxhdpi-v4/ic_sim_card_multi_24px_clr.png in zip /system/framework/framework-res.apk mode 2: 0x7f5dfc8300
10-23 14:11:27.784  1884  3172 V asset   : Looking for non-asset 'res/drawable-xxhdpi-v4/ic_sim_card_multi_24px_clr.png' in '/system/framework/framework-res.apk'
10-23 14:11:27.784  1884  3172 V asset   : getZipFileLocked() in 0x7f773e7f00
10-23 14:11:27.784  1884  3172 V asset   : Opened uncompressed entry res/drawable-xxhdpi-v4/ic_sim_card_multi_24px_clr.png in zip /system/framework/framework-res.apk mode 2: 0x7f5dfc8300
10-23 14:11:27.800  1884  2608 V asset   : Looking for non-asset 'res/drawable-xxhdpi-v4/ic_sim_card_multi_24px_clr.png' in '/system/framework/framework-res.apk'
10-23 14:11:27.801  1884  2608 V asset   : getZipFileLocked() in 0x7f773e7f00
10-23 14:11:27.801  1884  2608 V asset   : Opened uncompressed entry res/drawable-xxhdpi-v4/ic_sim_card_multi_24px_clr.png in zip /system/framework/framework-res.apk mode 2: 0x7f5df2ed60
10-23 14:11:27.806  1884  2608 V asset   : Looking for non-asset 'res/drawable-xxhdpi-v4/ic_sim_card_multi_24px_clr.png' in '/system/framework/framework-res.apk'
10-23 14:11:27.806  1884  2608 V asset   : getZipFileLocked() in 0x7f773e7f00
10-23 14:11:27.806  1884  2608 V asset   : Opened uncompressed entry res/drawable-xxhdpi-v4/ic_sim_card_multi_24px_clr.png in zip /system/framework/framework-res.apk mode 2: 0x7f5df2ed60
10-23 14:11:27.819  1884  1896 V asset   : Looking for non-asset 'res/drawable-xxhdpi-v4/ic_sim_card_multi_24px_clr.png' in '/system/framework/framework-res.apk'
10-23 14:11:27.819  1884  1896 V asset   : getZipFileLocked() in 0x7f773e7f00
10-23 14:11:27.819  1884  1896 V asset   : Opened uncompressed entry res/drawable-xxhdpi-v4/ic_sim_card_multi_24px_clr.png in zip /system/framework/framework-res.apk mode 2: 0x7f5df2efa0
10-23 14:11:27.822  1884  1896 V asset   : Looking for non-asset 'res/drawable-xxhdpi-v4/ic_sim_card_multi_24px_clr.png' in '/system/framework/framework-res.apk'
10-23 14:11:27.822  1884  1896 V asset   : getZipFileLocked() in 0x7f773e7f00
10-23 14:11:27.823  1884  1896 V asset   : Opened uncompressed entry res/drawable-xxhdpi-v4/ic_sim_card_multi_24px_clr.png in zip /system/framework/framework-res.apk mode 2: 0x7f5df2efa0
10-23 14:11:27.834  1884  2666 V asset   : Looking for non-asset 'res/drawable-xxhdpi-v4/ic_sim_card_multi_24px_clr.png' in '/system/framework/framework-res.apk'
10-23 14:11:27.834  1884  2666 V asset   : getZipFileLocked() in 0x7f773e7f00
10-23 14:11:27.834  1884  2666 V asset   : Opened uncompressed entry res/drawable-xxhdpi-v4/ic_sim_card_multi_24px_clr.png in zip /system/framework/framework-res.apk mode 2: 0x7f5ecc4080
10-23 14:11:27.838  1884  2666 V asset   : Looking for non-asset 'res/drawable-xxhdpi-v4/ic_sim_card_multi_24px_clr.png' in '/system/framework/framework-res.apk'
10-23 14:11:27.838  1884  2666 V asset   : getZipFileLocked() in 0x7f773e7f00
10-23 14:11:27.838  1884  2666 V asset   : Opened uncompressed entry res/drawable-xxhdpi-v4/ic_sim_card_multi_24px_clr.png in zip /system/framework/framework-res.apk mode 2: 0x7f5ecc4080
10-23 14:11:27.850  1884  1897 V asset   : Looking for non-asset 'res/drawable-xxhdpi-v4/ic_sim_card_multi_24px_clr.png' in '/system/framework/framework-res.apk'
10-23 14:11:27.850  1884  1897 V asset   : getZipFileLocked() in 0x7f773e7f00
10-23 14:11:27.850  1884  1897 V asset   : Opened uncompressed entry res/drawable-xxhdpi-v4/ic_sim_card_multi_24px_clr.png in zip /system/framework/framework-res.apk mode 2: 0x7f5ecc3e40
10-23 14:11:27.854  1884  1897 V asset   : Looking for non-asset 'res/drawable-xxhdpi-v4/ic_sim_card_multi_24px_clr.png' in '/system/framework/framework-res.apk'
10-23 14:11:27.854  1884  1897 V asset   : getZipFileLocked() in 0x7f773e7f00
10-23 14:11:27.854  1884  1897 V asset   : Opened uncompressed entry res/drawable-xxhdpi-v4/ic_sim_card_multi_24px_clr.png in zip /system/framework/framework-res.apk mode 2: 0x7f5ecc3e40
10-23 14:11:27.913   565   676 E libnav  : AbaSuspend skips CABL deactivate: state was 3
10-23 14:11:27.916  1449  1680 I chatty  : uid=1000(system) PhotonicModulat expire 3 lines
10-23 14:11:27.918  1449  1505 I chatty  : uid=1000(system) android.fg expire 17 lines
10-23 14:11:27.956  1449  2887 I chatty  : uid=1000(system) Binder:1449_10 expire 5 lines
10-23 14:11:27.956  1449  2185 I chatty  : uid=1000(system) Binder:1449_7 expire 5 lines
10-23 14:11:27.978  1449  2279 I chatty  : uid=1000(system) Binder:1449_9 expire 1 line
10-23 14:11:27.980  1723  1937 I chatty  : uid=1000(system) Binder:1723_3 expire 5 lines
10-23 14:11:27.981  1723  1723 I chatty  : uid=1000(system) com.android.systemui expire 80 lines
10-23 14:11:27.990  1449  1449 I chatty  : uid=1000 system_server expire 4 lines
10-23 14:11:28.030  1449  1652 I chatty  : uid=1000(system) AudioService expire 3 lines
10-23 14:11:28.031   734  1221 D audio_hw_primary: adev_set_parameters: enter: screen_state=off
10-23 14:11:28.031   734  1221 D audio_hw_extn: audio_extn_set_anc_parameters: anc_enabled:0
10-23 14:11:28.031   734  1221 D audio_hw_extn: mic_choose_ret:-2
10-23 14:11:28.032   734  1221 D audio_hw_extn: audio_extn_set_mic_choose_parameters: mic_choose:0, value:
10-23 14:11:28.032   734  1221 D audio_hw_spkr_prot: audio_extn_fbsp_set_parameters: Speaker protection disabled
10-23 14:11:28.043  1449  2347 I chatty  : uid=1000(system) Binder:1449_D expire 4 lines
10-23 14:11:28.091  2017  2017 D wpa_supplicant: wlan0: Control interface command 'DRIVER SETSUSPENDMODE 1'
10-23 14:11:28.092  2017  2017 D wpa_supplicant: wpa_driver_nl80211_driver_cmd SETSUSPENDMODE 1 len = 0, 4096
10-23 14:11:29.037  1449  1484 I chatty  : uid=1000(system) android.bg expire 4 lines
10-23 14:11:29.044  1449  1474 I chatty  : uid=1000(system) Binder:1449_1 expire 8 lines
10-23 14:11:29.061  1449  2886 I chatty  : uid=1000(system) Binder:1449_F expire 8 lines
10-23 14:11:29.065  2259  2259 I chatty  : uid=1027(nfc) com.android.nfc expire 39 lines
10-23 14:11:29.066  2259  2515 I chatty  : uid=1027(nfc) AsyncTask #1 expire 64 lines
10-23 14:11:29.068  2259  2529 I chatty  : uid=1027(nfc) AsyncTask #1 expire 18 lines
10-23 14:11:29.073  2259  2531 I chatty  : uid=1027(nfc) AsyncTask #1 expire 13 lines
10-23 14:11:29.076  1449  2469 I chatty  : uid=1000(system) IzatServiceBase expire 4 lines
10-23 14:11:29.079  2259  2528 I chatty  : uid=1027(nfc) AsyncTask #1 expire 15 lines
10-23 14:11:29.085  2305  2305 E LibSecureUISvc: svc_sock_send_message(suisvc): Error sending data, -1 vs 4: Connection refused
10-23 14:11:29.086  1449  4489 I chatty  : uid=1000(system) Binder:1449_13 expire 23 lines
10-23 14:11:29.099  1901  1901 D LockAppService: intent.action.screen.on
10-23 14:11:29.118  1449  2340 I chatty  : uid=1000(system) Binder:1449_C expire 7 lines
10-23 14:11:29.121  2389  2389 D liuzuo99: status=false  iDynamicIcons.size=3
10-23 14:11:29.122  1449  4490 I chatty  : uid=1000(system) Binder:1449_14 expire 5 lines
10-23 14:11:29.122  2389  2389 E liuzuo73: mIntentReceiver is unregistered
10-23 14:11:29.123  2389  2389 D liuzuo99: status=false  iDynamicIcons.size=3
10-23 14:11:29.124  1449  1918 I chatty  : uid=1000(system) Binder:1449_5 expire 11 lines
10-23 14:11:29.125  2389  2389 D WeatherDynamic: weather unregisterReceiver
10-23 14:11:29.126  2389  2389 D liuzuo99: status=false  iDynamicIcons.size=3
10-23 14:11:29.126  1449  1656 I chatty  : uid=1000(system) Binder:1449_3 expire 8 lines
10-23 14:11:29.136  1449  2193 I chatty  : uid=1000(system) Binder:1449_8 expire 11 lines
10-23 14:11:32.339  1449  1613 I chatty  : uid=1000(system) AlarmManager expire 6 lines
10-23 14:11:32.342  1449  1613 I chatty  : uid=1000(system) AlarmManager expire 1 line
10-23 14:11:32.384  1449  1449 I chatty  : uid=1000 system_server expire 15 lines
10-23 14:11:32.385  1449  1485 I chatty  : uid=1000(system) ActivityManager expire 57 lines
10-23 14:11:32.411  1449  2887 I chatty  : uid=1000(system) Binder:1449_10 expire 7 lines
10-23 14:11:32.469  1449  2347 I chatty  : uid=1000(system) Binder:1449_D expire 7 lines
10-23 14:11:32.474  1449  2302 I chatty  : uid=1000(system) Binder:1449_A expire 5 lines
10-23 14:11:32.475  1449  1474 I chatty  : uid=1000(system) Binder:1449_1 expire 5 lines
10-23 14:11:32.481  1884  1896 D PhoneInterfaceManager: [PhoneIntfMgr] getDataEnabled: subId=1 phoneId=0
10-23 14:11:32.481  1884  1896 D PhoneInterfaceManager: [PhoneIntfMgr] getDataEnabled: subId=1 retVal=false
10-23 14:11:32.490  1884  2870 D PhoneInterfaceManager: [PhoneIntfMgr] getDataEnabled: subId=1 phoneId=0
10-23 14:11:32.490  1723  1723 V KeyguardStatusView: refresh statusview showing:true
10-23 14:11:32.492  1884  2870 D PhoneInterfaceManager: [PhoneIntfMgr] getDataEnabled: subId=1 retVal=false
10-23 14:11:32.500  1723  2232 I chatty  : uid=1000(system) QSTileHost expire 2 lines
10-23 14:11:32.502  1723  1723 V KeyguardDisplayManager: show
10-23 14:11:32.512  1884  2608 D PhoneInterfaceManager: [PhoneIntfMgr] getDataEnabled: subId=1 phoneId=0
10-23 14:11:32.513  1884  2608 D PhoneInterfaceManager: [PhoneIntfMgr] getDataEnabled: subId=1 retVal=false
10-23 14:11:32.524  1884  3172 D PhoneInterfaceManager: [PhoneIntfMgr] getDataEnabled: subId=1 phoneId=0
10-23 14:11:32.524  1884  3172 D PhoneInterfaceManager: [PhoneIntfMgr] getDataEnabled: subId=1 retVal=false
10-23 14:11:32.529  1884  1896 D PhoneInterfaceManager: [PhoneIntfMgr] getDataEnabled: subId=1 phoneId=0
10-23 14:11:32.529  1884  1896 D PhoneInterfaceManager: [PhoneIntfMgr] getDataEnabled: subId=1 retVal=false
10-23 14:11:32.537  1884  2194 D PhoneInterfaceManager: [PhoneIntfMgr] getDataEnabled: subId=1 phoneId=0
10-23 14:11:32.538  1884  2194 D PhoneInterfaceManager: [PhoneIntfMgr] getDataEnabled: subId=1 retVal=false
10-23 14:11:32.545  1884  2870 D PhoneInterfaceManager: [PhoneIntfMgr] getDataEnabled: subId=1 phoneId=0
10-23 14:11:32.546  1884  2870 D PhoneInterfaceManager: [PhoneIntfMgr] getDataEnabled: subId=1 retVal=false
10-23 14:11:32.555  1884  2442 D PhoneInterfaceManager: [PhoneIntfMgr] getDataEnabled: subId=1 phoneId=0
10-23 14:11:32.565  1884  2442 D PhoneInterfaceManager: [PhoneIntfMgr] getDataEnabled: subId=1 retVal=false
10-23 14:11:32.575  1884  3172 D PhoneInterfaceManager: [PhoneIntfMgr] getDataEnabled: subId=1 phoneId=0
10-23 14:11:32.575  1884  3172 D PhoneInterfaceManager: [PhoneIntfMgr] getDataEnabled: subId=1 retVal=false
10-23 14:11:32.580  1884  1897 D PhoneInterfaceManager: [PhoneIntfMgr] getDataEnabled: subId=1 phoneId=0
10-23 14:11:32.580  1884  1897 D PhoneInterfaceManager: [PhoneIntfMgr] getDataEnabled: subId=1 retVal=false
10-23 14:11:32.584  1449  2886 I chatty  : uid=1000(system) Binder:1449_F expire 3 lines
10-23 14:11:53.356  1449  2044 I chatty  : uid=1000(system) Binder:1449_6 expire 6 lines
10-23 14:12:01.357  1449  2303 I chatty  : uid=1000(system) Binder:1449_B expire 4 lines
10-23 14:12:03.239  1449  4487 I chatty  : uid=1000(system) Binder:1449_11 expire 4 lines
10-23 14:12:13.129  1449  4488 I chatty  : uid=1000(system) Binder:1449_12 expire 4 lines
10-23 14:12:15.480  1449  2185 I chatty  : uid=1000(system) Binder:1449_7 expire 3 lines
10-23 14:12:27.248  1449  2279 I chatty  : uid=1000(system) Binder:1449_9 expire 4 lines
10-23 14:12:29.156  2241  3361 I DPMJ    : |SERVICE| DPM_D_REQ_GET_RUNNING_APP_LIST
10-23 14:12:31.101  1449  2117 I chatty  : uid=1000(system) WifiMonitor expire 107 lines
10-23 14:12:39.019  1449  2388 I chatty  : uid=1000(system) Binder:1449_E expire 2 lines
10-23 14:12:57.851  1449  1657 I chatty  : uid=1000(system) Binder:1449_4 expire 4 lines
10-23 14:13:10.969  2241  2385 W QCNEJ   : |CORE| CNE received unexpected action: android.intent.action.BATTERY_CHANGED
10-23 14:13:10.969  1884  1884 D VideoCall_LowBattery: BatteryIntent received: android.intent.action.BATTERY_CHANGED
10-23 14:13:10.970  3517  3517 D Diagnostics@@@ChangeDataBroadcast: Battery is charging
10-23 14:13:10.971  3517  3517 D Diagnostics@@@ChangeDataBroadcast: App flag is true
10-23 14:13:10.981  1884  1884 V asset   : Looking for non-asset 'res/drawable-xxhdpi-v4/ic_sim_card_multi_24px_clr.png' in '/system/framework/framework-res.apk'
10-23 14:13:10.981  1884  1884 V asset   : getZipFileLocked() in 0x7f773e7f00
10-23 14:13:10.981  1884  1884 V asset   : Opened uncompressed entry res/drawable-xxhdpi-v4/ic_sim_card_multi_24px_clr.png in zip /system/framework/framework-res.apk mode 2: 0x7f5df2d020
10-23 14:13:10.986  1884  1884 V asset   : Looking for non-asset 'res/drawable-xxhdpi-v4/ic_sim_card_multi_24px_clr.png' in '/system/framework/framework-res.apk'
10-23 14:13:10.986  1884  1884 V asset   : getZipFileLocked() in 0x7f773e7f00
