10-23 14:15:59.153  1449  4489 V ActivityManager: Broadcast sticky: Intent { act=android.intent.action.SIG_STR flg=0x20000010 (has extras) } ordered=false userid=-1
10-23 14:15:59.155  1449  4489 V ActivityManager: Enqueing broadcast: android.intent.action.SIG_STR replacePending=true
10-23 14:16:01.499  1449  2887 V ActivityManager: Broadcast sticky: Intent { act=android.intent.action.SIG_STR flg=0x20000010 (has extras) } ordered=false userid=-1
10-23 14:16:01.500  1449  2887 V ActivityManager: Enqueing broadcast: android.intent.action.SIG_STR replacePending=true
10-23 14:16:01.510  1449  1474 V ActivityManager: Broadcast sticky: Intent { act=android.intent.action.SIG_STR flg=0x20000010 (has extras) } ordered=false userid=-1
10-23 14:16:01.511  1449  1474 V ActivityManager: Enqueing broadcast: android.intent.action.SIG_STR replacePending=true
10-23 14:16:03.796  1449  2887 V ActivityManager: Broadcast sticky: Intent { act=android.intent.action.SIG_STR flg=0x20000010 (has extras) } ordered=false userid=-1
10-23 14:16:03.801  1449  2887 V ActivityManager: Enqueing broadcast: android.intent.action.SIG_STR replacePending=true
10-23 14:16:06.160  1449  1474 V ActivityManager: Broadcast sticky: Intent { act=android.intent.action.SIG_STR flg=0x20000010 (has extras) } ordered=false userid=-1
10-23 14:16:06.163  1449  1474 V ActivityManager: Enqueing broadcast: android.intent.action.SIG_STR replacePending=true
10-23 14:16:08.507  1449  1657 V ActivityManager: Broadcast sticky: Intent { act=android.intent.action.SIG_STR flg=0x20000010 (has extras) } ordered=false userid=-1
10-23 14:16:08.508  1449  1657 V ActivityManager: Enqueing broadcast: android.intent.action.SIG_STR replacePending=true
10-23 14:16:08.511  1449  2193 V ActivityManager: Broadcast sticky: Intent { act=android.intent.action.SIG_STR flg=0x20000010 (has extras) } ordered=false userid=-1
10-23 14:16:08.512  1449  2193 V ActivityManager: Enqueing broadcast: android.intent.action.SIG_STR replacePending=true
10-23 14:16:10.633  1449  1871 I chatty  : uid=1000(system) FLP Service Cal expire 6 lines
10-23 14:16:12.497  1449  1475 V ActivityManager: Broadcast sticky: Intent { act=android.intent.action.SIG_STR flg=0x20000010 (has extras) } ordered=false userid=-1
10-23 14:16:12.499  1449  1475 V ActivityManager: Enqueing broadcast: android.intent.action.SIG_STR replacePending=true
10-23 14:16:15.572  1449  2340 V ActivityManager: Broadcast sticky: Intent { act=android.intent.action.SIG_STR flg=0x20000010 (has extras) } ordered=false userid=-1
10-23 14:16:15.573  1449  2340 V ActivityManager: Enqueing broadcast: android.intent.action.SIG_STR replacePending=true
10-23 14:16:17.915  1449  2044 V ActivityManager: Broadcast sticky: Intent { act=android.intent.action.SIG_STR flg=0x20000010 (has extras) } ordered=false userid=-1
10-23 14:16:17.916  1449  2044 V ActivityManager: Enqueing broadcast: android.intent.action.SIG_STR replacePending=true
10-23 14:16:17.921  1449  4487 V ActivityManager: Broadcast sticky: Intent { act=android.intent.action.SIG_STR flg=0x20000010 (has extras) } ordered=false userid=-1
10-23 14:16:17.922  1449  4487 V ActivityManager: Enqueing broadcast: android.intent.action.SIG_STR replacePending=true
10-23 14:16:18.363  5284  5284 E %s l.%d (%s): : vendor/qcom/proprietary/securemsm-noship/Qmp/libsphinxcore/qmp_sphinx_bex/qmp_sphinx_feature_interpreter/qmp_sphinx_feature_interpreter.c
10-23 14:16:18.364  5284  5284 E SPHINX_ASSERT: SPHINX_FEATURE_INTERPRETER: could not stat config file
10-23 14:16:18.365  5284  5284 E SPHINX_ERROR: SPHINX_FEATURE_INTERPRETER: could not stat config file
10-23 14:16:18.384  5284  5284 D SPHINX_CORE_DUMP: #00 pc 0000000000011b44  /system/bin/seempd
10-23 14:16:18.385  5284  5284 D SPHINX_CORE_DUMP: #01 pc 000000000000a7f8  /system/bin/seempd
10-23 14:16:18.385  5284  5284 D SPHINX_CORE_DUMP: #02 pc 000000000001a798  /system/lib64/libc.so (__libc_init+88)
10-23 14:16:18.386  5284  5284 D SPHINX_CORE_DUMP: #03 pc 00000000000090d8  /system/bin/seempd
10-23 14:16:18.461 11424 11424 I SPHINX_CORE: delaying daemon start by 1024 seconds
10-23 14:16:18.551  1449  1449 V DeviceStorageMonitorService: freeMemory=9838198784, mMemLowThreshold: 524288000
10-23 14:16:18.553  1449  1449 I DeviceStorageMonitorService: Posting Message again
10-23 14:16:22.166  1449  1918 V ActivityManager: Broadcast sticky: Intent { act=android.intent.action.SIG_STR flg=0x20000010 (has extras) } ordered=false userid=-1
10-23 14:16:22.168  1449  1918 V ActivityManager: Enqueing broadcast: android.intent.action.SIG_STR replacePending=true
10-23 14:16:22.177  1449  2347 V ActivityManager: Broadcast sticky: Intent { act=android.intent.action.SIG_STR flg=0x20000010 (has extras) } ordered=false userid=-1
10-23 14:16:22.179  1449  2347 V ActivityManager: Enqueing broadcast: android.intent.action.SIG_STR replacePending=true
10-23 14:16:23.501  2003  2010 I art     : Debugger is no longer active
10-23 14:16:23.501  2003  2010 I art     : Starting a blocking GC Instrumentation
10-23 14:16:23.502  2305  2317 I art     : Debugger is no longer active
10-23 14:16:23.502  2305  2317 I art     : Starting a blocking GC Instrumentation
10-23 14:16:23.503  3001  3008 I art     : Debugger is no longer active
10-23 14:16:23.504  3136  3143 I art     : Debugger is no longer active
10-23 14:16:23.504  3136  3143 I art     : Starting a blocking GC Instrumentation
10-23 14:16:23.505  1884  1891 I art     : Debugger is no longer active
10-23 14:16:23.505  2853  2860 I art     : Debugger is no longer active
10-23 14:16:23.505  2853  2860 I art     : Starting a blocking GC Instrumentation
10-23 14:16:23.505  1884  1891 I art     : Starting a blocking GC Instrumentation
10-23 14:16:23.506  2226  2234 I art     : Debugger is no longer active
10-23 14:16:23.506  2226  2234 I art     : Starting a blocking GC Instrumentation
10-23 14:16:23.507  2969  2976 I chatty  : uid=10015(com.android.dialer) expire 3 lines
10-23 14:16:23.507  2697  2704 I art     : Debugger is no longer active
10-23 14:16:23.507  2336  2344 I art     : Debugger is no longer active
10-23 14:16:23.508  2448  2457 I art     : Debugger is no longer active
10-23 14:16:23.508  2259  2267 I chatty  : uid=1027(nfc) JDWP expire 2 lines
10-23 14:16:23.508  3299  3307 I art     : Debugger is no longer active
10-23 14:16:23.508  2448  2457 I art     : Starting a blocking GC Instrumentation
10-23 14:16:23.508  3299  3307 I art     : Starting a blocking GC Instrumentation
10-23 14:16:23.509  2241  2248 I art     : Debugger is no longer active
10-23 14:16:23.509  2389  2397 I art     : Debugger is no longer active
10-23 14:16:23.509  3430  3437 I art     : Debugger is no longer active
10-23 14:16:23.509  2723  2730 I art     : Debugger is no longer active
10-23 14:16:23.509  3647  3654 I art     : Debugger is no longer active
10-23 14:16:23.509  2723  2730 I art     : Starting a blocking GC Instrumentation
10-23 14:16:23.510  3085  3092 I art     : Debugger is no longer active
10-23 14:16:23.510  1901  1911 I art     : Debugger is no longer active
10-23 14:16:23.510  3085  3092 I art     : Starting a blocking GC Instrumentation
10-23 14:16:23.510  2292  2299 I art     : Debugger is no longer active
10-23 14:16:23.511  1687  1698 I art     : Debugger is no longer active
10-23 14:16:23.511  2292  2299 I art     : Starting a blocking GC Instrumentation
10-23 14:16:23.511  2164  2176 I art     : Debugger is no longer active
10-23 14:16:23.511  1687  1698 I art     : Starting a blocking GC Instrumentation
10-23 14:16:23.511  2164  2176 I art     : Starting a blocking GC Instrumentation
10-23 14:16:23.511  2144  2150 I art     : Debugger is no longer active
10-23 14:16:23.511  2904  2911 I art     : Debugger is no longer active
10-23 14:16:23.512  2144  2150 I art     : Starting a blocking GC Instrumentation
10-23 14:16:23.512  3478  3485 I art     : Debugger is no longer active
10-23 14:16:23.512  2635  2643 I art     : Debugger is no longer active
10-23 14:16:23.512  3478  3485 I art     : Starting a blocking GC Instrumentation
10-23 14:16:23.512  3173  3180 I art     : Debugger is no longer active
10-23 14:16:23.512  2635  2643 I art     : Starting a blocking GC Instrumentation
10-23 14:16:23.512  3173  3180 I art     : Starting a blocking GC Instrumentation
10-23 14:16:23.513  1709  1716 I art     : Debugger is no longer active
10-23 14:16:23.513  2682  2689 I art     : Debugger is no longer active
10-23 14:16:23.513  2778  2785 I art     : Debugger is no longer active
10-23 14:16:23.513  2682  2689 I art     : Starting a blocking GC Instrumentation
10-23 14:16:23.513  3734  3741 I art     : Debugger is no longer active
10-23 14:16:23.513  3223  3230 I art     : Debugger is no longer active
10-23 14:16:23.514  3734  3741 I art     : Starting a blocking GC Instrumentation
10-23 14:16:23.514  4159  4166 I art     : Debugger is no longer active
10-23 14:16:23.514  3223  3230 I art     : Starting a blocking GC Instrumentation
10-23 14:16:23.514  4159  4166 I art     : Starting a blocking GC Instrumentation
10-23 14:16:23.514  3315  3322 I art     : Debugger is no longer active
10-23 14:16:23.515  4464  4467 I art     : Debugger is no longer active
10-23 14:16:23.515  2336  2344 I art     : Starting a blocking GC Instrumentation
10-23 14:16:23.515  3315  3322 I art     : Starting a blocking GC Instrumentation
10-23 14:16:23.515  2277  2285 I art     : Debugger is no longer active
10-23 14:16:23.515  3018  3025 I art     : Debugger is no longer active
10-23 14:16:23.515  2277  2285 I art     : Starting a blocking GC Instrumentation
10-23 14:16:23.516  3494  3501 I art     : Debugger is no longer active
10-23 14:16:23.516  3340  3347 I art     : Debugger is no longer active
10-23 14:16:23.516  3494  3501 I art     : Starting a blocking GC Instrumentation
10-23 14:16:23.516  3340  3347 I art     : Starting a blocking GC Instrumentation
10-23 14:16:23.517  2241  2248 I art     : Starting a blocking GC Instrumentation
10-23 14:16:23.518  3382  3389 I art     : Debugger is no longer active
10-23 14:16:23.518  3382  3389 I art     : Starting a blocking GC Instrumentation
10-23 14:16:23.519  3398  3404 I art     : Debugger is no longer active
10-23 14:16:23.519  3398  3404 I art     : Starting a blocking GC Instrumentation
10-23 14:16:23.519  3445  3452 I art     : Debugger is no longer active
10-23 14:16:23.520  3445  3452 I art     : Starting a blocking GC Instrumentation
10-23 14:16:23.520  3461  3468 I art     : Debugger is no longer active
10-23 14:16:23.520  3461  3468 I art     : Starting a blocking GC Instrumentation
10-23 14:16:23.521  3517  3524 I art     : Debugger is no longer active
10-23 14:16:23.521  3517  3524 I art     : Starting a blocking GC Instrumentation
10-23 14:16:23.521  3535  3542 I art     : Debugger is no longer active
10-23 14:16:23.521  3535  3542 I art     : Starting a blocking GC Instrumentation
10-23 14:16:23.522  3587  3594 I art     : Debugger is no longer active
10-23 14:16:23.522  3587  3594 I art     : Starting a blocking GC Instrumentation
10-23 14:16:23.522  3610  3617 I art     : Debugger is no longer active
10-23 14:16:23.523  3610  3617 I art     : Starting a blocking GC Instrumentation
10-23 14:16:23.523  3689  3696 I art     : Debugger is no longer active
10-23 14:16:23.523  3689  3696 I art     : Starting a blocking GC Instrumentation
10-23 14:16:23.524  2198  2207 I art     : Debugger is no longer active
10-23 14:16:23.524  2198  2207 I art     : Starting a blocking GC Instrumentation
10-23 14:16:23.524  3047  3054 I art     : Debugger is no longer active
10-23 14:16:23.525  3047  3054 I art     : Starting a blocking GC Instrumentation
10-23 14:16:23.525  3364  3371 I art     : Debugger is no longer active
10-23 14:16:23.525  3364  3371 I art     : Starting a blocking GC Instrumentation
10-23 14:16:23.526  4549  4557 I art     : Debugger is no longer active
10-23 14:16:23.526  3430  3437 I art     : Starting a blocking GC Instrumentation
10-23 14:16:23.526  4549  4557 I art     : Starting a blocking GC Instrumentation
10-23 14:16:23.527  1901  1911 I art     : Starting a blocking GC Instrumentation
10-23 14:16:23.528  2904  2911 I art     : Starting a blocking GC Instrumentation
10-23 14:16:23.528  3715  3722 I art     : Debugger is no longer active
10-23 14:16:23.528  3715  3722 I art     : Starting a blocking GC Instrumentation
10-23 14:16:23.528  1709  1716 I art     : Starting a blocking GC Instrumentation
10-23 14:16:23.528  2778  2785 I art     : Starting a blocking GC Instrumentation
10-23 14:16:23.528  4442  4449 I art     : Debugger is no longer active
10-23 14:16:23.529  4442  4449 I art     : Starting a blocking GC Instrumentation
10-23 14:16:23.529  3001  3008 I art     : Starting a blocking GC Instrumentation
10-23 14:16:23.529  2109  2120 I art     : Debugger is no longer active
10-23 14:16:23.530  2109  2120 I art     : Starting a blocking GC Instrumentation
10-23 14:16:23.531  3561  3568 I art     : Debugger is no longer active
10-23 14:16:23.531  3561  3568 I art     : Starting a blocking GC Instrumentation
10-23 14:16:23.532  4464  4467 I art     : Starting a blocking GC Instrumentation
10-23 14:16:23.533  3018  3025 I art     : Starting a blocking GC Instrumentation
10-23 14:16:23.533  2697  2704 I art     : Starting a blocking GC Instrumentation
10-23 14:16:23.534  2389  2397 I art     : Starting a blocking GC Instrumentation
10-23 14:16:23.535  3647  3654 I art     : Starting a blocking GC Instrumentation
10-23 14:16:23.727  1449  1662 D UsbDeviceManager: [oem][fwk] current config: mtp,diag,adb
10-23 14:16:23.730  1449  1505 V ActivityManager: Broadcast sticky: Intent { act=android.hardware.usb.action.USB_STATE flg=0x10 (has extras) } ordered=false userid=-1
10-23 14:16:23.732  1449  1505 V ActivityManager: Enqueing broadcast: android.hardware.usb.action.USB_STATE replacePending=false
10-23 14:16:23.733  1449  1505 I ActivityManager: Broadcast intent Intent { act=android.hardware.usb.action.USB_STATE flg=0x10 (has extras) } on background queue
10-23 14:16:23.734  1449  1505 V ActivityManager: Enqueueing parallel broadcast BroadcastRecord{1a66d16 u-1 android.hardware.usb.action.USB_STATE} intent Intent { act=android.hardware.usb.action.USB_STATE flg=0x10 (has extras) }
10-23 14:16:23.736  1449  1505 V BroadcastQueue: Schedule broadcasts [background]: current=false
10-23 14:16:23.737  1449  1485 V BroadcastQueue: Received BROADCAST_INTENT_MSG
10-23 14:16:23.738  1449  1505 I ActivityManager: Broadcast intent Intent { act=android.hardware.usb.action.USB_STATE flg=0x10 (has extras) } on background queue
10-23 14:16:23.739  1449  1505 V ActivityManager: Enqueueing ordered broadcast BroadcastRecord{e1d5697 u-1 android.hardware.usb.action.USB_STATE}: prev had 0
10-23 14:16:23.740  1449  1505 I ActivityManager: Enqueueing broadcast android.hardware.usb.action.USB_STATE
10-23 14:16:23.740  1449  1505 V BroadcastQueue: Schedule broadcasts [background]: current=true
10-23 14:16:23.742  1449  1485 V BroadcastQueue: processNextBroadcast [background]: 1 broadcasts, 1 ordered broadcasts
10-23 14:16:23.743  1449  1485 V BroadcastQueue: Processing parallel broadcast [background] BroadcastRecord{1a66d16 u-1 android.hardware.usb.action.USB_STATE}
10-23 14:16:23.744  1449  1485 V BroadcastQueue: Delivering non-ordered on [background] to registered BroadcastFilter{17e7229 u0 ReceiverList{3c753b0 1449 system/1000/u0 local:e1e3af3}}: BroadcastRecord{1a66d16 u-1 android.hardware.usb.action.USB_STATE}
10-23 14:16:23.745  1449  1485 I BroadcastQueue: Delivering to BroadcastFilter{17e7229 u0 ReceiverList{3c753b0 1449 system/1000/u0 local:e1e3af3}} : BroadcastRecord{1a66d16 u-1 android.hardware.usb.action.USB_STATE}
10-23 14:16:23.746  1449  1485 V BroadcastQueue: Delivering non-ordered on [background] to registered BroadcastFilter{f860196 u0 ReceiverList{930f8b1 2241 .dataservices/1000/u0 remote:6fd3f58}}: BroadcastRecord{1a66d16 u-1 android.hardware.usb.action.USB_STATE}
10-23 14:16:23.747  1449  1485 I BroadcastQueue: Delivering to BroadcastFilter{f860196 u0 ReceiverList{930f8b1 2241 .dataservices/1000/u0 remote:6fd3f58}} : BroadcastRecord{1a66d16 u-1 android.hardware.usb.action.USB_STATE}
10-23 14:16:23.749  1449  1485 V BroadcastQueue: Done with parallel broadcast [background] BroadcastRecord{1a66d16 u-1 android.hardware.usb.action.USB_STATE}
10-23 14:16:23.750  1449  1485 V BroadcastQueue: Processing ordered broadcast [background] BroadcastRecord{e1d5697 u-1 android.hardware.usb.action.USB_STATE}
10-23 14:16:23.752  1449  1485 V BroadcastQueue: Submitting BROADCAST_TIMEOUT_MSG [background] for BroadcastRecord{e1d5697 u-1 android.hardware.usb.action.USB_STATE} at 1123253
10-23 14:16:23.755  1449  1485 V BroadcastQueue: Process cur broadcast BroadcastRecord{e1d5697 u-1 android.hardware.usb.action.USB_STATE} for app ProcessRecord{d3dc29e 2697:android.process.media/u0a6}
10-23 14:16:23.764  1449  1640 I chatty  : uid=1000(system) WifiStateMachin expire 87 lines
10-23 14:16:23.768  1449  1485 V BroadcastQueue: Delivering to component ComponentInfo{com.android.providers.media/com.android.providers.media.MtpReceiver}: BroadcastRecord{e1d5697 u-1 android.hardware.usb.action.USB_STATE}
10-23 14:16:23.769  1449  1485 V BroadcastQueue: Process cur broadcast BroadcastRecord{e1d5697 u-1 android.hardware.usb.action.USB_STATE} DELIVERED for app ProcessRecord{d3dc29e 2697:android.process.media/u0a6}
10-23 14:16:23.770  1449  1449 V ActivityManager: Broadcast sticky: Intent { act=android.intent.action.BATTERY_CHANGED flg=0x60000010 (has extras) } ordered=false userid=-1
10-23 14:16:23.771  1449  1449 V ActivityManager: Enqueing broadcast: android.intent.action.BATTERY_CHANGED replacePending=true
10-23 14:16:23.771  1449  1449 I ActivityManager: Broadcast intent Intent { act=android.intent.action.BATTERY_CHANGED flg=0x60000010 (has extras) } on background queue
10-23 14:16:23.771  1449  1449 V ActivityManager: Enqueueing parallel broadcast BroadcastRecord{2aa1084 u-1 android.intent.action.BATTERY_CHANGED} intent Intent { act=android.intent.action.BATTERY_CHANGED flg=0x60000010 (has extras) }
10-23 14:16:23.772  1449  1449 V BroadcastQueue: Schedule broadcasts [background]: current=false
10-23 14:16:23.772  1449  1485 V BroadcastQueue: Received BROADCAST_INTENT_MSG
10-23 14:16:23.772  1449  1485 V BroadcastQueue: processNextBroadcast [background]: 1 broadcasts, 1 ordered broadcasts
10-23 14:16:23.773  1449  1485 V BroadcastQueue: Processing parallel broadcast [background] BroadcastRecord{2aa1084 u-1 android.intent.action.BATTERY_CHANGED}
10-23 14:16:23.774  1449  1485 V BroadcastQueue: Delivering non-ordered on [background] to registered BroadcastFilter{716638d u0 ReceiverList{c945c24 1449 system/1000/u0 local:1990cb7}}: BroadcastRecord{2aa1084 u-1 android.intent.action.BATTERY_CHANGED}
10-23 14:16:23.775  1449  1485 I BroadcastQueue: Delivering to BroadcastFilter{716638d u0 ReceiverList{c945c24 1449 system/1000/u0 local:1990cb7}} : BroadcastRecord{2aa1084 u-1 android.intent.action.BATTERY_CHANGED}
10-23 14:16:23.776  1449  1485 V BroadcastQueue: Delivering non-ordered on [background] to registered BroadcastFilter{a97970b u0 ReceiverList{2e056da 1449 system/1000/u0 local:e3e0885}}: BroadcastRecord{2aa1084 u-1 android.intent.action.BATTERY_CHANGED}
10-23 14:16:23.776  1449  1513 I PowerManagerService: Waking up from dozing (uid 1000)...
10-23 14:16:23.776  1449  1485 I BroadcastQueue: Delivering to BroadcastFilter{a97970b u0 ReceiverList{2e056da 1449 system/1000/u0 local:e3e0885}} : BroadcastRecord{2aa1084 u-1 android.intent.action.BATTERY_CHANGED}
10-23 14:16:23.776  1449  1485 V BroadcastQueue: Delivering non-ordered on [background] to registered BroadcastFilter{90ab05b u0 ReceiverList{955c36a 1449 system/1000/u0 local:94a0d55}}: BroadcastRecord{2aa1084 u-1 android.intent.action.BATTERY_CHANGED}
10-23 14:16:23.777  1449  1485 I BroadcastQueue: Delivering to BroadcastFilter{90ab05b u0 ReceiverList{955c36a 1449 system/1000/u0 local:94a0d55}} : BroadcastRecord{2aa1084 u-1 android.intent.action.BATTERY_CHANGED}
10-23 14:16:23.777  1449  1485 V BroadcastQueue: Delivering non-ordered on [background] to registered BroadcastFilter{b6d322 u0 ReceiverList{7fb28ed 1449 system/1000/u0 local:a655b04}}: BroadcastRecord{2aa1084 u-1 android.intent.action.BATTERY_CHANGED}
10-23 14:16:23.777  1449  1485 I BroadcastQueue: Delivering to BroadcastFilter{b6d322 u0 ReceiverList{7fb28ed 1449 system/1000/u0 local:a655b04}} : BroadcastRecord{2aa1084 u-1 android.intent.action.BATTERY_CHANGED}
10-23 14:16:23.777  1449  1485 V BroadcastQueue: Delivering non-ordered on [background] to registered BroadcastFilter{c71dc59 u0 ReceiverList{4fa48a0 1449 system/1000/u0 local:f812da3}}: BroadcastRecord{2aa1084 u-1 android.intent.action.BATTERY_CHANGED}
10-23 14:16:23.777  1449  1513 I DisplayPowerController: Blocking screen on until initial contents have been drawn.
10-23 14:16:23.778  1449  1485 I BroadcastQueue: Delivering to BroadcastFilter{c71dc59 u0 ReceiverList{4fa48a0 1449 system/1000/u0 local:f812da3}} : BroadcastRecord{2aa1084 u-1 android.intent.action.BATTERY_CHANGED}
10-23 14:16:23.778  1449  1485 V BroadcastQueue: Delivering non-ordered on [background] to registered BroadcastFilter{9abe479 u0 ReceiverList{174dd40 1723 com.android.systemui/1000/u0 remote:9ecb0c3}}: BroadcastRecord{2aa1084 u-1 android.intent.action.BATTERY_CHANGED}
10-23 14:16:23.778  1449  1485 I BroadcastQueue: Delivering to BroadcastFilter{9abe479 u0 ReceiverList{174dd40 1723 com.android.systemui/1000/u0 remote:9ecb0c3}} : BroadcastRecord{2aa1084 u-1 android.intent.action.BATTERY_CHANGED}
10-23 14:16:23.779  1449  1485 V BroadcastQueue: Delivering non-ordered on [background] to registered BroadcastFilter{66d5274 u0 ReceiverList{e1daa47 1723 com.android.systemui/1000/u0 remote:8ca0186}}: BroadcastRecord{2aa1084 u-1 android.intent.action.BATTERY_CHANGED}
10-23 14:16:23.779  1449  1485 I BroadcastQueue: Delivering to BroadcastFilter{66d5274 u0 ReceiverList{e1daa47 1723 com.android.systemui/1000/u0 remote:8ca0186}} : BroadcastRecord{2aa1084 u-1 android.intent.action.BATTERY_CHANGED}
10-23 14:16:23.779  1449  1485 V BroadcastQueue: Delivering non-ordered on [background] to registered BroadcastFilter{5b7e30f u0 ReceiverList{34a006e 1884 com.android.phone/1001/u0 remote:a8ccbe9}}: BroadcastRecord{2aa1084 u-1 android.intent.action.BATTERY_CHANGED}
10-23 14:16:23.779  1449  1485 I BroadcastQueue: Delivering to BroadcastFilter{5b7e30f u0 ReceiverList{34a006e 1884 com.android.phone/1001/u0 remote:a8ccbe9}} : BroadcastRecord{2aa1084 u-1 android.intent.action.BATTERY_CHANGED}
10-23 14:16:23.780  1449  1485 V BroadcastQueue: Delivering non-ordered on [background] to registered BroadcastFilter{d579d2 u0 ReceiverList{c467c5d 1884 com.android.phone/1001/u0 remote:da51634}}: BroadcastRecord{2aa1084 u-1 android.intent.action.BATTERY_CHANGED}
10-23 14:16:23.781  1449  1485 I BroadcastQueue: Delivering to BroadcastFilter{d579d2 u0 ReceiverList{c467c5d 1884 com.android.phone/1001/u0 remote:da51634}} : BroadcastRecord{2aa1084 u-1 android.intent.action.BATTERY_CHANGED}
10-23 14:16:23.781  1449  1485 V BroadcastQueue: Delivering non-ordered on [background] to registered BroadcastFilter{6abfc87 u0 ReceiverList{eb134c6 1723 com.android.systemui/1000/u0 remote:ae93aa1}}: BroadcastRecord{2aa1084 u-1 android.intent.action.BATTERY_CHANGED}
10-23 14:16:23.781  1449  1485 I BroadcastQueue: Delivering to BroadcastFilter{6abfc87 u0 ReceiverList{eb134c6 1723 com.android.systemui/1000/u0 remote:ae93aa1}} : BroadcastRecord{2aa1084 u-1 android.intent.action.BATTERY_CHANGED}
10-23 14:16:23.783  1449  1485 V BroadcastQueue: Delivering non-ordered on [background] to registered BroadcastFilter{c0e0868 u0 ReceiverList{2e06f8b 2241 .dataservices/1000/u0 remote:adb415a}}: BroadcastRecord{2aa1084 u-1 android.intent.action.BATTERY_CHANGED}
10-23 14:16:23.783  1449  1485 I BroadcastQueue: Delivering to BroadcastFilter{c0e0868 u0 ReceiverList{2e06f8b 2241 .dataservices/1000/u0 remote:adb415a}} : BroadcastRecord{2aa1084 u-1 android.intent.action.BATTERY_CHANGED}
10-23 14:16:23.784  1449  1485 V BroadcastQueue: Delivering non-ordered on [background] to registered BroadcastFilter{fada6b7 u0 ReceiverList{4369b6 1884 com.android.phone/1001/u0 remote:1a06d51}}: BroadcastRecord{2aa1084 u-1 android.intent.action.BATTERY_CHANGED}
10-23 14:16:23.784  1449  1485 I BroadcastQueue: Delivering to BroadcastFilter{fada6b7 u0 ReceiverList{4369b6 1884 com.android.phone/1001/u0 remote:1a06d51}} : BroadcastRecord{2aa1084 u-1 android.intent.action.BATTERY_CHANGED}
10-23 14:16:23.784  1449  1485 V BroadcastQueue: Delivering non-ordered on [background] to registered BroadcastFilter{5495ffa u0 ReceiverList{52f0225 3517 com.tct.diagnostics/1000/u0 remote:1b8761c}}: BroadcastRecord{2aa1084 u-1 android.intent.action.BATTERY_CHANGED}
10-23 14:16:23.785  2241  2385 W QCNEJ   : |CORE| CNE received unexpected action: android.intent.action.BATTERY_CHANGED
10-23 14:16:23.785  1449  1485 I BroadcastQueue: Delivering to BroadcastFilter{5495ffa u0 ReceiverList{52f0225 3517 com.tct.diagnostics/1000/u0 remote:1b8761c}} : BroadcastRecord{2aa1084 u-1 android.intent.action.BATTERY_CHANGED}
10-23 14:16:23.785  1449  1489 E BatteryStatsService: no controller energy info supplied
10-23 14:16:23.786  1449  1485 V BroadcastQueue: Delivering non-ordered on [background] to registered BroadcastFilter{c189e27 u0 ReceiverList{78ad8e6 2697 android.process.media/10006/u0 remote:d905b41}}: BroadcastRecord{2aa1084 u-1 android.intent.action.BATTERY_CHANGED}
10-23 14:16:23.786  1449  1485 I BroadcastQueue: Delivering to BroadcastFilter{c189e27 u0 ReceiverList{78ad8e6 2697 android.process.media/10006/u0 remote:d905b41}} : BroadcastRecord{2aa1084 u-1 android.intent.action.BATTERY_CHANGED}
10-23 14:16:23.787  1449  1485 V BroadcastQueue: Done with parallel broadcast [background] BroadcastRecord{2aa1084 u-1 android.intent.action.BATTERY_CHANGED}
10-23 14:16:23.787  1449  1485 D BroadcastQueue: processNextBroadcast(background) called when not idle (state=1)
10-23 14:16:23.788  1449  1449 V ActivityManager: Broadcast: Intent { act=android.intent.action.ACTION_POWER_DISCONNECTED flg=0x4000010 } ordered=false userid=-1
10-23 14:16:23.788  1449  1449 V ActivityManager: Enqueing broadcast: android.intent.action.ACTION_POWER_DISCONNECTED replacePending=false
10-23 14:16:23.789  1449  1449 I ActivityManager: Broadcast intent Intent { act=android.intent.action.ACTION_POWER_DISCONNECTED flg=0x4000010 } on background queue
10-23 14:16:23.789  1449  1449 V ActivityManager: Enqueueing parallel broadcast BroadcastRecord{d89706d u-1 android.intent.action.ACTION_POWER_DISCONNECTED} intent Intent { act=android.intent.action.ACTION_POWER_DISCONNECTED flg=0x4000010 }
10-23 14:16:23.789  1449  1449 V BroadcastQueue: Schedule broadcasts [background]: current=false
10-23 14:16:23.790  1449  1449 I ActivityManager: Broadcast intent Intent { act=android.intent.action.ACTION_POWER_DISCONNECTED flg=0x4000010 } on background queue
10-23 14:16:23.790  1884  1884 D VideoCall_LowBattery: BatteryIntent received: android.intent.action.BATTERY_CHANGED
10-23 14:16:23.790  1449  1449 V ActivityManager: Enqueueing ordered broadcast BroadcastRecord{51444a2 u-1 android.intent.action.ACTION_POWER_DISCONNECTED}: prev had 1
10-23 14:16:23.790  1449  1449 I ActivityManager: Enqueueing broadcast android.intent.action.ACTION_POWER_DISCONNECTED
10-23 14:16:23.790  1449  1449 V BroadcastQueue: Schedule broadcasts [background]: current=true
10-23 14:16:23.790  1449  1485 V BroadcastQueue: Received BROADCAST_INTENT_MSG
10-23 14:16:23.791  1449  1485 V BroadcastQueue: processNextBroadcast [background]: 1 broadcasts, 2 ordered broadcasts
10-23 14:16:23.791  1449  1485 V BroadcastQueue: Processing parallel broadcast [background] BroadcastRecord{d89706d u-1 android.intent.action.ACTION_POWER_DISCONNECTED}
10-23 14:16:23.791  1449  1485 V BroadcastQueue: Delivering non-ordered on [background] to registered BroadcastFilter{633dbf0 u0 ReceiverList{a42bc33 1449 system/1000/u0 local:669b7a2}}: BroadcastRecord{d89706d u-1 android.intent.action.ACTION_POWER_DISCONNECTED}
10-23 14:16:23.792  1449  1485 I BroadcastQueue: Delivering to BroadcastFilter{633dbf0 u0 ReceiverList{a42bc33 1449 system/1000/u0 local:669b7a2}} : BroadcastRecord{d89706d u-1 android.intent.action.ACTION_POWER_DISCONNECTED}
10-23 14:16:23.792  1449  1485 V BroadcastQueue: Done with parallel broadcast [background] BroadcastRecord{d89706d u-1 android.intent.action.ACTION_POWER_DISCONNECTED}
10-23 14:16:23.792  1449  1485 D BroadcastQueue: processNextBroadcast(background) called when not idle (state=1)
10-23 14:16:23.793  1449  2483 I chatty  : uid=1000(system) ulp_msg expire 12 lines
10-23 14:16:23.796  1449  1449 V ActivityManager: Broadcast: Intent { act=android.intent.action.SCREEN_ON flg=0x50000010 } ordered=true userid=-1
10-23 14:16:23.796  1723  2586 I chatty  : uid=1000(system) Binder:1723_4 expire 8 lines
10-23 14:16:23.797  1449  1449 V ActivityManager: Enqueing broadcast: android.intent.action.SCREEN_ON replacePending=false
10-23 14:16:23.797  1449  1449 I ActivityManager: Broadcast intent Intent { act=android.intent.action.SCREEN_ON flg=0x50000010 } on foreground queue
10-23 14:16:23.797  1449  1449 V ActivityManager: Enqueueing ordered broadcast BroadcastRecord{dd6c533 u-1 android.intent.action.SCREEN_ON}: prev had 0
10-23 14:16:23.797  1449  1449 I ActivityManager: Enqueueing broadcast android.intent.action.SCREEN_ON
10-23 14:16:23.797  1449  1449 V BroadcastQueue: Schedule broadcasts [foreground]: current=false
10-23 14:16:23.798  1884  1884 V asset   : Looking for non-asset 'res/drawable-xxhdpi-v4/ic_sim_card_multi_24px_clr.png' in '/system/framework/framework-res.apk'
10-23 14:16:23.798  1449  1485 V BroadcastQueue: Received BROADCAST_INTENT_MSG
10-23 14:16:23.798  1884  1884 V asset   : getZipFileLocked() in 0x7f773e7f00
10-23 14:16:23.798  1449  2886 V ActivityManager_bs: stopService: Intent { cmp=com.android.providers.media/.MtpService } type=null
10-23 14:16:23.798  1884  1884 V asset   : Opened uncompressed entry res/drawable-xxhdpi-v4/ic_sim_card_multi_24px_clr.png in zip /system/framework/framework-res.apk mode 2: 0x7f5df2d020
10-23 14:16:23.799  1449  1680 D DisplayPowerState: Updating screen state: state=ON, backlight=0
10-23 14:16:23.799  1449  2886 V ActivityManager_bs: retrieveServiceLocked: Intent { cmp=com.android.providers.media/.MtpService } type=null callingUid=10006
10-23 14:16:23.799  1449  1507 I DisplayManagerService: Display device changed state: "", ON
10-23 14:16:23.799   551   551 D SurfaceFlinger: Set power mode=2, type=0 flinger=0x7fb1448d40
10-23 14:16:23.800  1449  1485 V BroadcastQueue: processNextBroadcast [foreground]: 0 broadcasts, 1 ordered broadcasts
10-23 14:16:23.800  1449  1485 V BroadcastQueue: Processing ordered broadcast [foreground] BroadcastRecord{dd6c533 u-1 android.intent.action.SCREEN_ON}
10-23 14:16:23.800  1449  1485 V BroadcastQueue: Submitting BROADCAST_TIMEOUT_MSG [foreground] for BroadcastRecord{dd6c533 u-1 android.intent.action.SCREEN_ON} at 1073303
10-23 14:16:23.800  1449  1485 V BroadcastQueue: Delivering ordered [foreground] to registered BroadcastFilter{64058fb u0 ReceiverList{cec2a8a 1449 system/1000/u0 local:a6b1cf5}}: BroadcastRecord{dd6c533 u-1 android.intent.action.SCREEN_ON}
10-23 14:16:23.800  1449  1485 I BroadcastQueue: Delivering to BroadcastFilter{64058fb u0 ReceiverList{cec2a8a 1449 system/1000/u0 local:a6b1cf5}} : BroadcastRecord{dd6c533 u-1 android.intent.action.SCREEN_ON}
10-23 14:16:23.801   551   551 I SDM     : HWCDisplay::SetPowerMode: display = 0, mode = 2
10-23 14:16:23.802  1449  1449 V ActivityManager: Broadcast: Intent { act=android.intent.action.TIME_TICK flg=0x50000014 (has extras) } ordered=true userid=-1
10-23 14:16:23.802   551   551 I SDM     : DisplayBase::SetDisplayState: Set state = 1, display 0
10-23 14:16:23.802  1449  1449 V ActivityManager: Enqueing broadcast: android.intent.action.TIME_TICK replacePending=false
10-23 14:16:23.802  1449  1449 I ActivityManager: Broadcast intent Intent { act=android.intent.action.TIME_TICK flg=0x50000014 (has extras) } on foreground queue
10-23 14:16:23.802  1449  1449 V ActivityManager: Enqueueing ordered broadcast BroadcastRecord{cf9b0f0 u-1 android.intent.action.TIME_TICK}: prev had 1
10-23 14:16:23.802  1449  1449 I ActivityManager: Enqueueing broadcast android.intent.action.TIME_TICK
10-23 14:16:23.802  3517  3517 D Diagnostics@@@ChangeDataBroadcast: Battery is charging
10-23 14:16:23.802  1449  1449 V BroadcastQueue: Schedule broadcasts [foreground]: current=false
10-23 14:16:23.803  1449  1485 V BroadcastQueue: Received BROADCAST_INTENT_MSG
10-23 14:16:23.803  1449  2279 V ActivityManager_bs: unbindService: conn=android.os.BinderProxy@f753af8
10-23 14:16:23.804  3517  3517 D Diagnostics@@@ChangeDataBroadcast: App flag is true
10-23 14:16:23.804  1449  2279 V ActivityManager_bs: Disconnecting binding IntentBindRecord{3d9a669 com.android.providers.media/.MtpService:}: shouldUnbind=true
10-23 14:16:23.804  1449  2279 V ActivityManager_bs: >>> EXECUTING unbind of ServiceRecord{282ed6a u0 com.android.providers.media/.MtpService} in app ProcessRecord{d3dc29e 2697:android.process.media/u0a6}
10-23 14:16:23.804  1449  2279 V ActivityManager_bs: Bringing down binding IntentBindRecord{3d9a669 com.android.providers.media/.MtpService:}: hasBound=false
10-23 14:16:23.805  1449  2279 V ActivityManager_bs: Bringing down ServiceRecord{282ed6a u0 com.android.providers.media/.MtpService} android.content.Intent$FilterComparison@39d60e1a
10-23 14:16:23.805  1449  2279 V ActivityManager_bs: >>> EXECUTING destroy of ServiceRecord{282ed6a u0 com.android.providers.media/.MtpService} in app ProcessRecord{d3dc29e 2697:android.process.media/u0a6}
10-23 14:16:23.806  1449  1449 V ActivityManager: Broadcast: Intent { act=com.android.deskclock.ON_QUARTER_HOUR flg=0x14 (has extras) } ordered=true userid=0
10-23 14:16:23.807  1449  1449 V ActivityManager: Enqueing broadcast: com.android.deskclock.ON_QUARTER_HOUR replacePending=false
10-23 14:16:23.807  1449  1449 I ActivityManager: Broadcast intent Intent { act=com.android.deskclock.ON_QUARTER_HOUR flg=0x14 (has extras) } on background queue
10-23 14:16:23.807  1449  1449 V ActivityManager: Enqueueing ordered broadcast BroadcastRecord{29608ee u0 com.android.deskclock.ON_QUARTER_HOUR}: prev had 2
10-23 14:16:23.807  1449  1449 I ActivityManager: Enqueueing broadcast com.android.deskclock.ON_QUARTER_HOUR
10-23 14:16:23.808  1449  1449 V BroadcastQueue: Schedule broadcasts [background]: current=false
10-23 14:16:23.808  1449  1485 V BroadcastQueue: processNextBroadcast [foreground]: 0 broadcasts, 2 ordered broadcasts
10-23 14:16:23.808  1449  1485 D BroadcastQueue: processNextBroadcast(foreground) called when not idle (state=3)
10-23 14:16:23.808  1449  1485 V BroadcastQueue: Received BROADCAST_INTENT_MSG
10-23 14:16:23.808  1449  1485 V BroadcastQueue: processNextBroadcast [background]: 0 broadcasts, 3 ordered broadcasts
10-23 14:16:23.808  1449  1474 V ActivityManager: Finish receiver: android.os.BinderProxy@9a786f
10-23 14:16:23.809  1449  1485 D BroadcastQueue: processNextBroadcast(background) called when not idle (state=1)
10-23 14:16:23.809  1884  1884 V asset   : Looking for non-asset 'res/drawable-xxhdpi-v4/ic_sim_card_multi_24px_clr.png' in '/system/framework/framework-res.apk'
10-23 14:16:23.809  1884  1884 V asset   : getZipFileLocked() in 0x7f773e7f00
10-23 14:16:23.809  1884  1884 V asset   : Opened uncompressed entry res/drawable-xxhdpi-v4/ic_sim_card_multi_24px_clr.png in zip /system/framework/framework-res.apk mode 2: 0x7f5df2d020
10-23 14:16:23.810  1449  1474 V BroadcastQueue: processNextBroadcast [background]: 0 broadcasts, 3 ordered broadcasts
10-23 14:16:23.810  1449  1474 V BroadcastQueue: Cancelling BROADCAST_TIMEOUT_MSG
10-23 14:16:23.810  1449  1474 V BroadcastQueue: Finished with ordered broadcast BroadcastRecord{e1d5697 u-1 android.hardware.usb.action.USB_STATE}
10-23 14:16:23.810  1449  1449 V ActivityManager: Finish receiver: android.app.LoadedApk$ReceiverDispatcher$InnerReceiver@a6b1cf5
10-23 14:16:23.811  1449  1474 V BroadcastQueue: Processing ordered broadcast [background] BroadcastRecord{51444a2 u-1 android.intent.action.ACTION_POWER_DISCONNECTED}
10-23 14:16:23.811  1449  1474 V BroadcastQueue: Submitting BROADCAST_TIMEOUT_MSG [background] for BroadcastRecord{51444a2 u-1 android.intent.action.ACTION_POWER_DISCONNECTED} at 1123314
10-23 14:16:23.813  1449  1474 V BroadcastQueue: Process cur broadcast BroadcastRecord{51444a2 u-1 android.intent.action.ACTION_POWER_DISCONNECTED} for app ProcessRecord{4922b75 3587:com.tct.endusertest:bdservice_v1/1000}
10-23 14:16:23.813  1449  4487 V ActivityManager: Unregister receiver: android.content.IIntentReceiver$Stub$Proxy@6ae818f
10-23 14:16:23.816  1449  1474 V BroadcastQueue: Delivering to component ComponentInfo{com.tct.endusertest/com.baidu.android.pushservice.PushServiceReceiver}: BroadcastRecord{51444a2 u-1 android.intent.action.ACTION_POWER_DISCONNECTED}
10-23 14:16:23.816  1449  1474 V BroadcastQueue: Process cur broadcast BroadcastRecord{51444a2 u-1 android.intent.action.ACTION_POWER_DISCONNECTED} DELIVERED for app ProcessRecord{4922b75 3587:com.tct.endusertest:bdservice_v1/1000}
10-23 14:16:23.817  1449  1449 V BroadcastQueue: processNextBroadcast [foreground]: 0 broadcasts, 2 ordered broadcasts
10-23 14:16:23.817  1449  1449 V BroadcastQueue: Delivering ordered [foreground] to registered BroadcastFilter{8a50912 u0 ReceiverList{9f5c374 1449 system/1000/u0 local:ee9c09d}}: BroadcastRecord{dd6c533 u-1 android.intent.action.SCREEN_ON}
10-23 14:16:23.817  1449  1449 I BroadcastQueue: Delivering to BroadcastFilter{8a50912 u0 ReceiverList{9f5c374 1449 system/1000/u0 local:ee9c09d}} : BroadcastRecord{dd6c533 u-1 android.intent.action.SCREEN_ON}
10-23 14:16:23.822  1884  1884 D VideoCall_LowBattery:  allowVideoCallsInLowBattery: true isCarrierOneSupported: false mIsLowbattery: false
10-23 14:16:23.823  1449  1475 V ActivityManager: Unregister receiver: android.content.IIntentReceiver$Stub$Proxy@760ec1c
10-23 14:16:23.825  1449  1474 V ActivityManager_bs: <<< DONE EXECUTING ServiceRecord{282ed6a u0 com.android.providers.media/.MtpService}: nesting=2, inDestroying=true, app=ProcessRecord{d3dc29e 2697:android.process.media/u0a6}
10-23 14:16:23.825  1449  2303 I chatty  : uid=1000(system) Binder:1449_B expire 3 lines
10-23 14:16:23.826  1449  1449 V ActivityManager: Finish receiver: android.app.LoadedApk$ReceiverDispatcher$InnerReceiver@ee9c09d
10-23 14:16:23.826  1449  1474 V ActivityManager: Finish receiver: android.os.BinderProxy@c4cd9d6
10-23 14:16:23.827  1449  1449 V BroadcastQueue: processNextBroadcast [foreground]: 0 broadcasts, 2 ordered broadcasts
10-23 14:16:23.827  1449  1449 V BroadcastQueue: Delivering ordered [foreground] to registered BroadcastFilter{a97970b u0 ReceiverList{2e056da 1449 system/1000/u0 local:e3e0885}}: BroadcastRecord{dd6c533 u-1 android.intent.action.SCREEN_ON}
10-23 14:16:23.828  1449  1449 I BroadcastQueue: Delivering to BroadcastFilter{a97970b u0 ReceiverList{2e056da 1449 system/1000/u0 local:e3e0885}} : BroadcastRecord{dd6c533 u-1 android.intent.action.SCREEN_ON}
10-23 14:16:23.828  1449  1474 V BroadcastQueue: processNextBroadcast [background]: 0 broadcasts, 2 ordered broadcasts
10-23 14:16:23.828  1449  1474 V BroadcastQueue: Cancelling BROADCAST_TIMEOUT_MSG
10-23 14:16:23.828  1449  1474 V BroadcastQueue: Finished with ordered broadcast BroadcastRecord{51444a2 u-1 android.intent.action.ACTION_POWER_DISCONNECTED}
10-23 14:16:23.829  1449  1474 V BroadcastQueue: Processing ordered broadcast [background] BroadcastRecord{29608ee u0 com.android.deskclock.ON_QUARTER_HOUR}
10-23 14:16:23.829  1449  1474 V BroadcastQueue: Submitting BROADCAST_TIMEOUT_MSG [background] for BroadcastRecord{29608ee u0 com.android.deskclock.ON_QUARTER_HOUR} at 1123332
10-23 14:16:23.831  1449  1474 V BroadcastQueue: Process cur broadcast BroadcastRecord{29608ee u0 com.android.deskclock.ON_QUARTER_HOUR} for app ProcessRecord{d595048 3136:com.android.deskclock/u0a58}
10-23 14:16:23.834  1449  1474 V BroadcastQueue: Delivering to component ComponentInfo{com.android.deskclock/com.android.alarmclock.DigitalAppWidgetProvider}: BroadcastRecord{29608ee u0 com.android.deskclock.ON_QUARTER_HOUR}
10-23 14:16:23.834  1449  1474 V BroadcastQueue: Process cur broadcast BroadcastRecord{29608ee u0 com.android.deskclock.ON_QUARTER_HOUR} DELIVERED for app ProcessRecord{d595048 3136:com.android.deskclock/u0a58}
10-23 14:16:23.835  1723  1723 I chatty  : uid=1000(system) com.android.systemui expire 133 lines
10-23 14:16:23.838  1449  1449 V ActivityManager: Finish receiver: android.app.LoadedApk$ReceiverDispatcher$InnerReceiver@e3e0885
10-23 14:16:23.839  1449  1662 D UsbDeviceManager: [oem][fwk] current config: mtp,diag,adb
10-23 14:16:23.841  1449  1505 V ActivityManager: Broadcast sticky: Intent { act=android.hardware.usb.action.USB_STATE flg=0x10 (has extras) } ordered=false userid=-1
10-23 14:16:23.842  1449  1505 V ActivityManager: Enqueing broadcast: android.hardware.usb.action.USB_STATE replacePending=false
10-23 14:16:23.842  1449  1505 I ActivityManager: Broadcast intent Intent { act=android.hardware.usb.action.USB_STATE flg=0x10 (has extras) } on background queue
10-23 14:16:23.842  1449  1505 V ActivityManager: Enqueueing parallel broadcast BroadcastRecord{5dd4025 u-1 android.hardware.usb.action.USB_STATE} intent Intent { act=android.hardware.usb.action.USB_STATE flg=0x10 (has extras) }
10-23 14:16:23.842  1449  1505 V BroadcastQueue: Schedule broadcasts [background]: current=false
10-23 14:16:23.843  1449  1485 V BroadcastQueue: Received BROADCAST_INTENT_MSG
10-23 14:16:23.843  1449  1505 I ActivityManager: Broadcast intent Intent { act=android.hardware.usb.action.USB_STATE flg=0x10 (has extras) } on background queue
10-23 14:16:23.843  1449  1505 V ActivityManager: Enqueueing ordered broadcast BroadcastRecord{a5dc5fa u-1 android.hardware.usb.action.USB_STATE}: prev had 1
10-23 14:16:23.843  1449  1505 I ActivityManager: Enqueueing broadcast android.hardware.usb.action.USB_STATE
10-23 14:16:23.843  1449  1505 V BroadcastQueue: Schedule broadcasts [background]: current=true
10-23 14:16:23.844  1449  1505 V ActivityManager: Broadcast sticky: Intent { act=android.hardware.usb.action.USB_STATE flg=0x10 (has extras) } ordered=false userid=-1
10-23 14:16:23.844  1449  1505 V ActivityManager: Enqueing broadcast: android.hardware.usb.action.USB_STATE replacePending=false
10-23 14:16:23.845  1449  1505 I ActivityManager: Broadcast intent Intent { act=android.hardware.usb.action.USB_STATE flg=0x10 (has extras) } on background queue
10-23 14:16:23.845  1449  1505 V ActivityManager: Enqueueing parallel broadcast BroadcastRecord{59ba7ab u-1 android.hardware.usb.action.USB_STATE} intent Intent { act=android.hardware.usb.action.USB_STATE flg=0x10 (has extras) }
10-23 14:16:23.845  1449  1505 V BroadcastQueue: Schedule broadcasts [background]: current=true
10-23 14:16:23.845  1449  1505 I ActivityManager: Broadcast intent Intent { act=android.hardware.usb.action.USB_STATE flg=0x10 (has extras) } on background queue
10-23 14:16:23.845  1449  1505 V ActivityManager: Enqueueing ordered broadcast BroadcastRecord{99eae08 u-1 android.hardware.usb.action.USB_STATE}: prev had 2
10-23 14:16:23.846  1449  1505 I ActivityManager: Enqueueing broadcast android.hardware.usb.action.USB_STATE
10-23 14:16:23.846  1449  1505 V BroadcastQueue: Schedule broadcasts [background]: current=true
10-23 14:16:23.848  2969  2969 I chatty  : uid=10015(com.android.dialer) expire 1 line
10-23 14:16:23.854  1449  1449 V BroadcastQueue: processNextBroadcast [foreground]: 0 broadcasts, 2 ordered broadcasts
10-23 14:16:23.855  1449  1449 V BroadcastQueue: Delivering ordered [foreground] to registered BroadcastFilter{7823daf u0 ReceiverList{6f0a18e 1449 system/1000/u0 local:152bd89}}: BroadcastRecord{dd6c533 u-1 android.intent.action.SCREEN_ON}
10-23 14:16:23.855  1449  1449 I BroadcastQueue: Delivering to BroadcastFilter{7823daf u0 ReceiverList{6f0a18e 1449 system/1000/u0 local:152bd89}} : BroadcastRecord{dd6c533 u-1 android.intent.action.SCREEN_ON}
10-23 14:16:23.856  1449  1474 V ActivityManager_bs: <<< DONE EXECUTING ServiceRecord{282ed6a u0 com.android.providers.media/.MtpService}: nesting=1, inDestroying=true, app=ProcessRecord{d3dc29e 2697:android.process.media/u0a6}
10-23 14:16:23.856  1449  1474 V ActivityManager_bs: Nesting at 0 of com.android.providers.media/.MtpService
10-23 14:16:23.856  1449  1474 V ActivityManager: No more executingServices of com.android.providers.media/.MtpService
10-23 14:16:23.856  1449  1474 V ActivityManager_bs: doneExecuting remove destroying ServiceRecord{282ed6a u0 com.android.providers.media/.MtpService}
10-23 14:16:23.861  1449  1485 V BroadcastQueue: processNextBroadcast [background]: 2 broadcasts, 3 ordered broadcasts
10-23 14:16:23.861  1449  1485 V BroadcastQueue: Processing parallel broadcast [background] BroadcastRecord{5dd4025 u-1 android.hardware.usb.action.USB_STATE}
10-23 14:16:23.861  1449  1485 V BroadcastQueue: Delivering non-ordered on [background] to registered BroadcastFilter{17e7229 u0 ReceiverList{3c753b0 1449 system/1000/u0 local:e1e3af3}}: BroadcastRecord{5dd4025 u-1 android.hardware.usb.action.USB_STATE}
10-23 14:16:23.862  1449  1485 I BroadcastQueue: Delivering to BroadcastFilter{17e7229 u0 ReceiverList{3c753b0 1449 system/1000/u0 local:e1e3af3}} : BroadcastRecord{5dd4025 u-1 android.hardware.usb.action.USB_STATE}
10-23 14:16:23.863  1449  1485 V BroadcastQueue: Delivering non-ordered on [background] to registered BroadcastFilter{f860196 u0 ReceiverList{930f8b1 2241 .dataservices/1000/u0 remote:6fd3f58}}: BroadcastRecord{5dd4025 u-1 android.hardware.usb.action.USB_STATE}
10-23 14:16:23.864  1449  1485 I BroadcastQueue: Delivering to BroadcastFilter{f860196 u0 ReceiverList{930f8b1 2241 .dataservices/1000/u0 remote:6fd3f58}} : BroadcastRecord{5dd4025 u-1 android.hardware.usb.action.USB_STATE}
10-23 14:16:23.864  1449  1485 V BroadcastQueue: Done with parallel broadcast [background] BroadcastRecord{5dd4025 u-1 android.hardware.usb.action.USB_STATE}
10-23 14:16:23.864  1449  1485 V BroadcastQueue: Processing parallel broadcast [background] BroadcastRecord{59ba7ab u-1 android.hardware.usb.action.USB_STATE}
10-23 14:16:23.864  1449  1485 V BroadcastQueue: Delivering non-ordered on [background] to registered BroadcastFilter{17e7229 u0 ReceiverList{3c753b0 1449 system/1000/u0 local:e1e3af3}}: BroadcastRecord{59ba7ab u-1 android.hardware.usb.action.USB_STATE}
10-23 14:16:23.864  1449  1485 I BroadcastQueue: Delivering to BroadcastFilter{17e7229 u0 ReceiverList{3c753b0 1449 system/1000/u0 local:e1e3af3}} : BroadcastRecord{59ba7ab u-1 android.hardware.usb.action.USB_STATE}
10-23 14:16:23.865  1449  1485 V BroadcastQueue: Delivering non-ordered on [background] to registered BroadcastFilter{f860196 u0 ReceiverList{930f8b1 2241 .dataservices/1000/u0 remote:6fd3f58}}: BroadcastRecord{59ba7ab u-1 android.hardware.usb.action.USB_STATE}
10-23 14:16:23.865  1449  1485 I BroadcastQueue: Delivering to BroadcastFilter{f860196 u0 ReceiverList{930f8b1 2241 .dataservices/1000/u0 remote:6fd3f58}} : BroadcastRecord{59ba7ab u-1 android.hardware.usb.action.USB_STATE}
10-23 14:16:23.865  1449  1485 V BroadcastQueue: Done with parallel broadcast [background] BroadcastRecord{59ba7ab u-1 android.hardware.usb.action.USB_STATE}
10-23 14:16:23.865  1449  1485 D BroadcastQueue: processNextBroadcast(background) called when not idle (state=1)
10-23 14:16:23.872  1449  1918 V ActivityManager: Broadcast sticky: Intent { act=android.intent.action.SIG_STR flg=0x20000010 (has extras) } ordered=false userid=-1
10-23 14:16:23.873  1449  1918 V ActivityManager: Enqueing broadcast: android.intent.action.SIG_STR replacePending=true
10-23 14:16:23.873  1449  1449 V ActivityManager: Finish receiver: android.app.LoadedApk$ReceiverDispatcher$InnerReceiver@152bd89
10-23 14:16:23.874  1449  1449 V BroadcastQueue: processNextBroadcast [foreground]: 0 broadcasts, 2 ordered broadcasts
10-23 14:16:23.874  1449  1449 V BroadcastQueue: Delivering ordered [foreground] to registered BroadcastFilter{36fa316 u0 ReceiverList{11e3031 1449 system/1000/u0 local:506a4d8}}: BroadcastRecord{dd6c533 u-1 android.intent.action.SCREEN_ON}
10-23 14:16:23.874  1449  1449 I BroadcastQueue: Delivering to BroadcastFilter{36fa316 u0 ReceiverList{11e3031 1449 system/1000/u0 local:506a4d8}} : BroadcastRecord{dd6c533 u-1 android.intent.action.SCREEN_ON}
10-23 14:16:23.877  1449  1449 V ActivityManager: Finish receiver: android.app.LoadedApk$ReceiverDispatcher$InnerReceiver@506a4d8
10-23 14:16:23.877  1449  1449 V BroadcastQueue: processNextBroadcast [foreground]: 0 broadcasts, 2 ordered broadcasts
10-23 14:16:23.878  1449  1449 V BroadcastQueue: Delivering ordered [foreground] to registered BroadcastFilter{369773b u0 ReceiverList{929d9ca 1449 system/1000/u0 local:3e10135}}: BroadcastRecord{dd6c533 u-1 android.intent.action.SCREEN_ON}
10-23 14:16:23.878  1449  1449 I BroadcastQueue: Delivering to BroadcastFilter{369773b u0 ReceiverList{929d9ca 1449 system/1000/u0 local:3e10135}} : BroadcastRecord{dd6c533 u-1 android.intent.action.SCREEN_ON}
10-23 14:16:23.885  1449  1643 I chatty  : uid=1000(system) WifiScanningSer expire 19 lines
10-23 14:16:23.885  1449  1449 V ActivityManager: Finish receiver: android.app.LoadedApk$ReceiverDispatcher$InnerReceiver@3e10135
10-23 14:16:23.885  2017  2017 D wpa_supplicant: wlan0: Control interface command 'SCAN TYPE=ONLY'
10-23 14:16:23.886  2017  2017 D wpa_supplicant: wlan0: Setting scan request: 0.000000 sec
10-23 14:16:23.886  1449  1449 V BroadcastQueue: processNextBroadcast [foreground]: 0 broadcasts, 2 ordered broadcasts
