10-23 14:13:10.986  1884  1884 V asset   : Opened uncompressed entry res/drawable-xxhdpi-v4/ic_sim_card_multi_24px_clr.png in zip /system/framework/framework-res.apk mode 2: 0x7f5df2d020
10-23 14:13:10.996  1884  1884 D VideoCall_LowBattery:  allowVideoCallsInLowBattery: true isCarrierOneSupported: false mIsLowbattery: false
10-23 14:13:51.729  1449  2185 I chatty  : uid=1000(system) Binder:1449_7 expire 1 line
10-23 14:13:54.341  1449  2886 I chatty  : uid=1000(system) Binder:1449_F expire 2 lines
10-23 14:14:08.465  1449  2887 I chatty  : uid=1000(system) Binder:1449_10 expire 2 lines
10-23 14:14:08.472  1449  1475 I chatty  : uid=1000(system) Binder:1449_2 expire 2 lines
10-23 14:14:16.285  1449  1449 I chatty  : uid=1000 system_server expire 11 lines
10-23 14:14:16.288  1449  1485 I chatty  : uid=1000(system) ActivityManager expire 107 lines
10-23 14:14:16.299  2241  2385 W QCNEJ   : |CORE| CNE received unexpected action: android.intent.action.BATTERY_CHANGED
10-23 14:14:16.299  1723  1723 I chatty  : uid=1000(system) com.android.systemui expire 63 lines
10-23 14:14:16.300  1884  1884 D VideoCall_LowBattery: BatteryIntent received: android.intent.action.BATTERY_CHANGED
10-23 14:14:16.301  3517  3517 D Diagnostics@@@ChangeDataBroadcast: Battery is charging
10-23 14:14:16.302  3517  3517 D Diagnostics@@@ChangeDataBroadcast: App flag is true
10-23 14:14:16.314  1884  1884 V asset   : Looking for non-asset 'res/drawable-xxhdpi-v4/ic_sim_card_multi_24px_clr.png' in '/system/framework/framework-res.apk'
10-23 14:14:16.314  1884  1884 V asset   : getZipFileLocked() in 0x7f773e7f00
10-23 14:14:16.314  1884  1884 V asset   : Opened uncompressed entry res/drawable-xxhdpi-v4/ic_sim_card_multi_24px_clr.png in zip /system/framework/framework-res.apk mode 2: 0x7f5df2d020
10-23 14:14:16.322  1884  1884 V asset   : Looking for non-asset 'res/drawable-xxhdpi-v4/ic_sim_card_multi_24px_clr.png' in '/system/framework/framework-res.apk'
10-23 14:14:16.322  1884  1884 V asset   : getZipFileLocked() in 0x7f773e7f00
10-23 14:14:16.322  1884  1884 V asset   : Opened uncompressed entry res/drawable-xxhdpi-v4/ic_sim_card_multi_24px_clr.png in zip /system/framework/framework-res.apk mode 2: 0x7f5df2d020
10-23 14:14:16.328  1884  1884 D VideoCall_LowBattery:  allowVideoCallsInLowBattery: true isCarrierOneSupported: false mIsLowbattery: false
10-23 14:14:20.118  1449  2193 I chatty  : uid=1000(system) Binder:1449_8 expire 4 lines
10-23 14:14:22.152  1449  1640 I chatty  : uid=1000(system) WifiStateMachin expire 40 lines
10-23 14:14:22.162  1449  1643 I chatty  : uid=1000(system) WifiScanningSer expire 20 lines
10-23 14:14:22.163  2017  2017 D wpa_supplicant: wlan0: Control interface command 'SCAN TYPE=ONLY'
10-23 14:14:22.163  2017  2017 D wpa_supplicant: wlan0: Setting scan request: 0.000000 sec
10-23 14:14:22.163  2017  2017 D wpa_supplicant: wlan0: State: DISCONNECTED -> SCANNING
10-23 14:14:22.164  2017  2017 D wpa_supplicant: wlan0: Determining shared radio frequencies (max len 2)
10-23 14:14:22.164  2017  2017 D wpa_supplicant: wlan0: Shared frequencies (len=0): completed iteration
10-23 14:14:22.164  2017  2017 D wpa_supplicant: P2P: Add operating class 81
10-23 14:14:22.164  2017  2017 D wpa_supplicant: P2P: Channels - hexdump(len=13): 01 02 03 04 05 06 07 08 09 0a 0b 0c 0d
10-23 14:14:22.165  2017  2017 D wpa_supplicant: P2P: Add operating class 115
10-23 14:14:22.165  2017  2017 D wpa_supplicant: P2P: Channels - hexdump(len=4): 24 28 2c 30
10-23 14:14:22.165  2017  2017 D wpa_supplicant: P2P: Add operating class 116
10-23 14:14:22.165  2017  2017 D wpa_supplicant: P2P: Channels - hexdump(len=2): 24 2c
10-23 14:14:22.165  2017  2017 D wpa_supplicant: P2P: Add operating class 117
10-23 14:14:22.166  2017  2017 D wpa_supplicant: P2P: Channels - hexdump(len=2): 28 30
10-23 14:14:22.166  2017  2017 D wpa_supplicant: P2P: Add operating class 124
10-23 14:14:22.166  2017  2017 D wpa_supplicant: P2P: Channels - hexdump(len=4): 95 99 9d a1
10-23 14:14:22.166  2017  2017 D wpa_supplicant: P2P: Add operating class 125
10-23 14:14:22.166  2017  2017 D wpa_supplicant: P2P: Channels - hexdump(len=5): 95 99 9d a1 a5
10-23 14:14:22.167  2017  2017 D wpa_supplicant: P2P: Add operating class 126
10-23 14:14:22.167  1449  2117 I chatty  : uid=1000(system) WifiMonitor expire 14 lines
10-23 14:14:22.167  2017  2017 D wpa_supplicant: P2P: Channels - hexdump(len=2): 95 9d
10-23 14:14:22.169  2017  2017 D wpa_supplicant: P2P: Add operating class 127
10-23 14:14:22.169  2017  2017 D wpa_supplicant: P2P: Channels - hexdump(len=2): 99 a1
10-23 14:14:22.169  2017  2017 D wpa_supplicant: P2P: Add operating class 128
10-23 14:14:22.170  2017  2017 D wpa_supplicant: P2P: Channels - hexdump(len=4): 24 28 2c 30
10-23 14:14:22.170  2017  2017 D wpa_supplicant: P2P: Add operating class 130
10-23 14:14:22.170  2017  2017 D wpa_supplicant: P2P: Channels - hexdump(len=4): 24 28 2c 30
10-23 14:14:22.170  2017  2017 D wpa_supplicant: P2P: Update channel list
10-23 14:14:22.171  2017  2017 D wpa_supplicant: P2P: channels: 81:1,2,3,4,5,6,7,8,9,10,11,12,13 115:36,40,44,48 116:36,44 117:40,48 124:149,153,157,161 125:149,153,157,161,165 126:149,157 127:153,161 128:36,40,44,48 130:36,40,44,48
10-23 14:14:22.171  2017  2017 D wpa_supplicant: P2P: cli_channels:
10-23 14:14:22.171  1449  1640 I chatty  : uid=1000(system) WifiStateMachin expire 33 lines
10-23 14:14:22.171  2017  2017 D wpa_supplicant: wlan0: Starting AP scan for wildcard SSID
10-23 14:14:22.171  2017  2017 D wpa_supplicant: wlan0: Add radio work 'scan'@0x7f9382e300
10-23 14:14:22.171  2017  2017 D wpa_supplicant: wlan0: First radio work item in the queue - schedule start immediately
10-23 14:14:22.172  2017  2017 D wpa_supplicant: wlan0: Starting radio work 'scan'@0x7f9382e300 after 0.000270 second wait
10-23 14:14:22.172  2017  2017 D wpa_supplicant: wlan0: nl80211: scan request
10-23 14:14:22.177  2017  2017 D wpa_supplicant: Scan requested (ret=0) - scan timeout 30 seconds
10-23 14:14:22.177  2017  2017 D wpa_supplicant: nl80211: Drv Event 33 (NL80211_CMD_TRIGGER_SCAN) received for wlan0
10-23 14:14:22.178  2017  2017 D wpa_supplicant: wlan0: nl80211: Scan trigger
10-23 14:14:22.179  2017  2017 D wpa_supplicant: wlan0: Event SCAN_STARTED (47) received
10-23 14:14:22.179  2017  2017 D wpa_supplicant: wlan0: Own scan request started a scan in 0.002056 seconds
10-23 14:14:22.187  1884  1884 D PhoneInterfaceManager: [PhoneIntfMgr] getDataEnabled: subId=1 phoneId=0
10-23 14:14:22.187  1884  1884 D PhoneInterfaceManager: [PhoneIntfMgr] getDataEnabled: subId=1 retVal=false
10-23 14:14:22.192  2198  2198 D OtaApp@@@DownloadReceiver: DownloadReceiver action:android.net.wifi.STATE_CHANGE
10-23 14:14:22.193  2198  2198 D OtaApp@@@DownloadReceiver:  info.getState() =  DISCONNECTED
10-23 14:14:22.194  1884  1884 D PhoneInterfaceManager: [PhoneIntfMgr] getDataEnabled: subId=1 phoneId=0
10-23 14:14:22.195  1884  1884 D PhoneInterfaceManager: [PhoneIntfMgr] getDataEnabled: subId=1 retVal=false
10-23 14:14:22.196  1449  2302 I chatty  : uid=1000(system) Binder:1449_A expire 8 lines
10-23 14:14:23.660  2017  2017 D wpa_supplicant: nl80211: Drv Event 34 (NL80211_CMD_NEW_SCAN_RESULTS) received for wlan0
10-23 14:14:23.661  2017  2017 D wpa_supplicant: wlan0: nl80211: New scan results available
10-23 14:14:23.662  2017  2017 D wpa_supplicant: nl80211: Scan included frequencies: 2412 2417 2422 2427 2432 2437 2442 2447 2452 2457 2462 2467 2472 5180 5200 5220 5240 5260 5280 5300 5320 5745 5765 5785 5805 5825
10-23 14:14:23.663  2017  2017 D wpa_supplicant: wlan0: Event SCAN_RESULTS (3) received
10-23 14:14:23.663  2017  2017 D wpa_supplicant: wlan0: Scan completed in 1.484472 seconds
10-23 14:14:23.669  2017  2017 D wpa_supplicant: nl80211: Received scan results (88 BSSes)
10-23 14:14:23.671  2017  2017 D wpa_supplicant: wlan0: BSS: Start scan result update 14
10-23 14:14:23.672  2017  2017 D wpa_supplicant: wlan0: BSS: Add new id 184 BSSID 20:76:93:39:f4:0a SSID 'newifi_5G_F408' freq 5745
10-23 14:14:23.673  2017  2017 D wpa_supplicant: wlan0: BSS: Add new id 185 BSSID 04:62:73:24:1b:cf SSID 'XILI-guest-test' freq 5785
10-23 14:14:23.674  2017  2017 D wpa_supplicant: wlan0: BSS: Add new id 186 BSSID ec:bd:1d:f1:cd:ab SSID 'TCT-OA' freq 5765
10-23 14:14:23.675  2017  2017 D wpa_supplicant: wlan0: BSS: Add new id 187 BSSID ec:bd:1d:f1:cd:a9 SSID 'SCD-VIP-INET' freq 5765
10-23 14:14:23.676  2017  2017 D wpa_supplicant: wlan0: BSS: Add new id 188 BSSID 88:25:93:86:a7:ee SSID 'TP-LINK_5G_A7EE' freq 5745
10-23 14:14:23.682  2017  2017 D wpa_supplicant: wlan0: BSS: Add new id 189 BSSID ec:bd:1d:f1:cd:af SSID 'XILI-guest-test' freq 5765
10-23 14:14:23.683  2017  2017 D wpa_supplicant: wlan0: BSS: Add new id 190 BSSID 04:62:73:24:1b:cb SSID 'TCT-OA' freq 5785
10-23 14:14:23.683  2017  2017 D wpa_supplicant: wlan0: BSS: Add new id 191 BSSID ec:bd:1d:f1:cd:aa SSID 'SCD-VIP' freq 5765
10-23 14:14:23.684  2017  2017 D wpa_supplicant: wlan0: BSS: Add new id 192 BSSID 04:62:73:24:1b:ca SSID 'SCD-VIP' freq 5785
10-23 14:14:23.684  2017  2017 D wpa_supplicant: wlan0: BSS: Add new id 193 BSSID 04:62:73:24:1b:c9 SSID 'SCD-VIP-INET' freq 5785
10-23 14:14:23.684  2017  2017 D wpa_supplicant: wlan0: BSS: Add new id 194 BSSID 8c:a6:df:3d:ee:25 SSID 'TP-LINK_rom' freq 2472
10-23 14:14:23.685  2017  2017 D wpa_supplicant: wlan0: BSS: Add new id 195 BSSID 6c:59:40:50:31:ac SSID 'Launcher' freq 2462
10-23 14:14:23.685  2017  2017 D wpa_supplicant: wlan0: BSS: Add new id 196 BSSID bc:d1:77:72:2f:e2 SSID 'MERCURY-TK' freq 2462
10-23 14:14:23.685  2017  2017 D wpa_supplicant: wlan0: BSS: Add new id 197 BSSID 20:76:93:39:f4:08 SSID 'newifi_F408' freq 2472
10-23 14:14:23.686  2017  2017 D wpa_supplicant: wlan0: BSS: Add new id 198 BSSID 6c:e8:73:3b:ef:3a SSID 'yeah' freq 2437
10-23 14:14:23.686  2017  2017 D wpa_supplicant: wlan0: BSS: Add new id 199 BSSID 8c:a6:df:d9:ce:e8 SSID 'TP-LINK_CEE8' freq 2437
10-23 14:14:23.686  2017  2017 D wpa_supplicant: wlan0: BSS: Add new id 200 BSSID 20:dc:e6:57:54:b6 SSID '=L=' freq 2412
10-23 14:14:23.686  2017  2017 D wpa_supplicant: wlan0: BSS: Add new id 201 BSSID ec:bd:1d:f1:cd:a4 SSID 'TCT-OA' freq 2462
10-23 14:14:23.687  2017  2017 D wpa_supplicant: wlan0: BSS: Add new id 202 BSSID ec:bd:1d:f1:cd:a5 SSID 'SCD-VIP' freq 2462
10-23 14:14:23.687  2017  2017 D wpa_supplicant: wlan0: BSS: Add new id 203 BSSID ec:bd:1d:f1:cd:a6 SSID 'SCD-VIP-INET' freq 2462
10-23 14:14:23.688  2017  2017 D wpa_supplicant: wlan0: BSS: Add new id 204 BSSID ec:bd:1d:f7:86:50 SSID 'XILI-guest-test' freq 2437
10-23 14:14:23.688  2017  2017 D wpa_supplicant: wlan0: BSS: Add new id 205 BSSID ec:bd:1d:f7:86:55 SSID 'SCD-VIP' freq 2437
10-23 14:14:23.688  2017  2017 D wpa_supplicant: wlan0: BSS: Add new id 206 BSSID ec:bd:1d:f7:86:56 SSID 'SCD-VIP-INET' freq 2437
10-23 14:14:23.689  2017  2017 D wpa_supplicant: wlan0: BSS: Add new id 207 BSSID ec:bd:1d:f7:86:54 SSID 'TCT-OA' freq 2437
10-23 14:14:23.689  2017  2017 D wpa_supplicant: wlan0: BSS: Add new id 208 BSSID 28:f0:76:58:b9:da SSID 'T-T' freq 2462
10-23 14:14:23.689  2017  2017 D wpa_supplicant: wlan0: BSS: Add new id 209 BSSID 04:62:73:24:1b:c5 SSID 'SCD-VIP' freq 2437
10-23 14:14:23.689  2017  2017 D wpa_supplicant: wlan0: BSS: Add new id 210 BSSID ec:bd:1d:f7:86:59 SSID 'SCD-VIP-INET' freq 5785
10-23 14:14:23.690  2017  2017 D wpa_supplicant: wlan0: BSS: Add new id 211 BSSID ec:bd:1d:f7:86:5b SSID 'TCT-OA' freq 5785
10-23 14:14:23.690  2017  2017 D wpa_supplicant: wlan0: BSS: Add new id 212 BSSID ec:bd:1d:f7:86:5a SSID 'SCD-VIP' freq 5785
10-23 14:14:23.690  2017  2017 D wpa_supplicant: wlan0: BSS: Add new id 213 BSSID ec:bd:1d:f7:86:5f SSID 'XILI-guest-test' freq 5785
10-23 14:14:23.691  2017  2017 D wpa_supplicant: wlan0: BSS: Add new id 214 BSSID d4:ee:07:42:fc:3e SSID 'FW_300R' freq 2427
10-23 14:14:23.691  2017  2017 D wpa_supplicant: wlan0: BSS: Add new id 215 BSSID a8:57:4e:eb:51:f4 SSID '' freq 2437
10-23 14:14:23.691  2017  2017 D wpa_supplicant: wlan0: BSS: Add new id 216 BSSID 64:09:80:7a:7d:74 SSID 'MIT' freq 5785
10-23 14:14:23.692  2017  2017 D wpa_supplicant: wlan0: BSS: Add new id 217 BSSID 88:25:93:86:a7:ef SSID 'TP-LINK_A7EF' freq 2412
10-23 14:14:23.692  2017  2017 D wpa_supplicant: wlan0: BSS: Add new id 218 BSSID 28:f0:76:58:83:e4 SSID 'tt\xe2\x80\x99s iMac' freq 2462
10-23 14:14:23.692  2017  2017 D wpa_supplicant: wlan0: BSS: Add new id 219 BSSID 20:aa:4b:ac:8c:24 SSID 'ciscoLink' freq 2462
10-23 14:14:23.693  2017  2017 D wpa_supplicant: wlan0: BSS: Add new id 220 BSSID ec:17:2f:73:13:26 SSID 'wow!!!' freq 2437
10-23 14:14:23.693  2017  2017 D wpa_supplicant: wlan0: BSS: Add new id 221 BSSID 04:62:73:24:1c:f4 SSID 'SCD-VIP' freq 2437
10-23 14:14:23.693  2017  2017 D wpa_supplicant: wlan0: BSS: Add new id 222 BSSID 04:62:73:24:1c:f3 SSID 'XILI-guest-test' freq 2437
10-23 14:14:23.694  2017  2017 D wpa_supplicant: wlan0: BSS: Add new id 223 BSSID ce:46:99:16:1c:4a SSID 'cdtest' freq 2412
10-23 14:14:23.694  2017  2017 D wpa_supplicant: wlan0: BSS: Add new id 224 BSSID 8c:be:be:42:19:2d SSID 'X-test-5G' freq 5785
10-23 14:14:23.694  2017  2017 D wpa_supplicant: wlan0: BSS: Add new id 225 BSSID fc:d7:33:9a:dd:6c SSID 'Media110' freq 2462
10-23 14:14:23.694  2017  2017 D wpa_supplicant: wlan0: BSS: Add new id 226 BSSID 04:62:73:1c:83:2a SSID 'SCD-VIP' freq 5785
10-23 14:14:23.695  1111  1119 E LOWI-7.7.1.0: [MemoryStream] expand error 2
10-23 14:14:23.695  2017  2017 D wpa_supplicant: wlan0: BSS: Add new id 227 BSSID ec:bd:1d:e4:16:a9 SSID 'SCD-VIP-INET' freq 5785
10-23 14:14:23.695  2017  2017 D wpa_supplicant: wlan0: BSS: Add new id 228 BSSID 04:62:73:13:24:bf SSID 'XILI-guest-test' freq 5765
10-23 14:14:23.695  2017  2017 D wpa_supplicant: wlan0: BSS: Add new id 229 BSSID 08:10:79:aa:60:fe SSID 'Netcore_NW737' freq 2462
10-23 14:14:23.696  2017  2017 D wpa_supplicant: wlan0: BSS: Add new id 230 BSSID 8c:be:be:2a:b7:27 SSID 'hello_mm' freq 2412
10-23 14:14:23.696  2017  2017 D wpa_supplicant: wlan0: BSS: Add new id 231 BSSID d4:ee:07:36:ab:c8 SSID 'heyguys' freq 2457
10-23 14:14:23.696  2017  2017 D wpa_supplicant: wlan0: BSS: Add new id 232 BSSID 04:62:73:24:1c:f5 SSID 'SCD-VIP-INET' freq 2437
10-23 14:14:23.697  2017  2017 D wpa_supplicant: wlan0: BSS: Add new id 233 BSSID c4:12:f5:c4:ab:a9 SSID 'KonKa_MIE' freq 2472
10-23 14:14:23.697  2017  2017 D wpa_supplicant: wlan0: BSS: Add new id 234 BSSID 28:f0:76:58:84:e4 SSID '\xe5\xba\x8a\xe5\x89\x8d\xe6\x98\x8e\xe6\x9c\x88\xe5\x85\x89' freq 2427
10-23 14:14:23.698  1111  1119 E LOWI-7.7.1.0: [MemoryStream] append error 2
10-23 14:14:23.698  2017  2017 D wpa_supplicant: wlan0: BSS: Add new id 235 BSSID 00:f6:63:74:52:08 SSID 'SCD-VIP-INET' freq 2462
10-23 14:14:23.698  2017  2017 D wpa_supplicant: wlan0: BSS: Add new id 236 BSSID 88:25:93:4e:76:44 SSID 'TP-LINK_7645' freq 2422
10-23 14:14:23.698  1111  1119 E LOWI-7.7.1.0: [OutPostcard] addBlobWithType failed 12
10-23 14:14:23.698  2017  2017 D wpa_supplicant: wlan0: BSS: Add new id 237 BSSID 04:62:73:23:0d:25 SSID 'SCD-VIP-INET' freq 2437
10-23 14:14:23.699  2017  2017 D wpa_supplicant: wlan0: BSS: Add new id 238 BSSID 78:a1:06:88:d6:8a SSID 'tclsz' freq 2462
10-23 14:14:23.699  2017  2017 D wpa_supplicant: wlan0: BSS: Add new id 239 BSSID 04:8d:38:26:5a:f0 SSID '\xe5\x86\x87\xe5\xaf\x86\xe7\xa0\x81\xe5\x98\x8e' freq 2422
10-23 14:14:23.699  2017  2017 D wpa_supplicant: wlan0: BSS: Add new id 240 BSSID 8c:be:be:42:19:2c SSID 'X-test' freq 2417
10-23 14:14:23.699  2017  2017 D wpa_supplicant: wlan0: BSS: Add new id 241 BSSID ec:bd:1d:e4:16:a6 SSID 'SCD-VIP-INET' freq 2437
10-23 14:14:23.699  2017  2017 D wpa_supplicant: wlan0: BSS: Add new id 242 BSSID 04:62:73:13:24:bb SSID 'TCT-OA' freq 5765
10-23 14:14:23.700  2017  2017 D wpa_supplicant: wlan0: BSS: Add new id 243 BSSID 04:62:73:1c:83:26 SSID 'SCD-VIP-INET' freq 2462
10-23 14:14:23.700  2017  2017 D wpa_supplicant: wlan0: BSS: Add new id 244 BSSID ec:bd:1d:e4:16:a5 SSID 'SCD-VIP' freq 2437
10-23 14:14:23.700  2017  2017 D wpa_supplicant: wlan0: BSS: Add new id 245 BSSID 04:62:73:13:24:ba SSID 'SCD-VIP' freq 5765
10-23 14:14:23.700  2017  2017 D wpa_supplicant: wlan0: BSS: Add new id 246 BSSID d0:ee:07:42:fc:3e SSID 'HiWiFi_42FC3E_5G' freq 5765
10-23 14:14:23.700  2017  2017 D wpa_supplicant: wlan0: BSS: Add new id 247 BSSID ec:bd:1d:e4:16:a4 SSID 'TCT-OA' freq 2437
10-23 14:14:23.701  2017  2017 D wpa_supplicant: wlan0: BSS: Add new id 248 BSSID 04:62:73:24:1c:fc SSID 'XILI-guest-test' freq 5785
10-23 14:14:23.701  2017  2017 D wpa_supplicant: wlan0: BSS: Add new id 249 BSSID 30:fc:68:b9:11:39 SSID 'GatewayPc' freq 2462
10-23 14:14:23.701  2017  2017 D wpa_supplicant: wlan0: BSS: Add new id 250 BSSID fc:d7:33:9a:dd:6e SSID 'TP-LINK_5G_DD6C' freq 5805
10-23 14:14:23.701  2017  2017 D wpa_supplicant: wlan0: BSS: Add new id 251 BSSID fc:8b:97:68:63:00 SSID 'dlink-xxxccc' freq 2417
10-23 14:14:23.701  2017  2017 D wpa_supplicant: wlan0: BSS: Add new id 252 BSSID b8:55:10:17:80:40 SSID 'mt7628-8040' freq 2412
10-23 14:14:23.702  2017  2017 D wpa_supplicant: wlan0: BSS: Add new id 253 BSSID 04:62:73:24:1c:fa SSID 'SCD-VIP-INET' freq 5785
10-23 14:14:23.702  2017  2017 D wpa_supplicant: wlan0: BSS: Add new id 254 BSSID ec:bd:1d:78:e7:70 SSID 'XILI-5F-SHBC' freq 2412
10-23 14:14:23.702  2017  2017 D wpa_supplicant: wlan0: BSS: Add new id 255 BSSID 1c:78:39:03:8b:1d SSID '\xe5\x85\xa8\xe6\xb0\x91wifi7533' freq 2447
10-23 14:14:23.702  2017  2017 D wpa_supplicant: wlan0: BSS: Add new id 256 BSSID 00:f6:63:79:bc:53 SSID 'XILI-TCT-TEST' freq 2412
10-23 14:14:23.702  2017  2017 D wpa_supplicant: wlan0: BSS: Add new id 257 BSSID 00:f6:63:79:bc:55 SSID 'TCT-OA' freq 2412
10-23 14:14:23.703  2017  2017 D wpa_supplicant: wlan0: BSS: Add new id 258 BSSID ec:bd:1d:f1:cd:ad SSID 'XILI-communication' freq 5765
10-23 14:14:23.703  2017  2017 D wpa_supplicant: wlan0: BSS: Add new id 259 BSSID ec:bd:1d:f1:cd:ae SSID 'TCL-VP' freq 5765
10-23 14:14:23.703  2017  2017 D wpa_supplicant: wlan0: BSS: Add new id 260 BSSID ec:bd:1d:f1:cd:ac SSID 'XILI-communication-O' freq 5765
10-23 14:14:23.703  2017  2017 D wpa_supplicant: wlan0: BSS: Add new id 261 BSSID 04:62:73:24:1b:ce SSID 'TCL-VP' freq 5785
10-23 14:14:23.703  2017  2017 D wpa_supplicant: wlan0: BSS: Add new id 262 BSSID 04:62:73:24:1b:cc SSID 'XILI-communication-O' freq 5785
10-23 14:14:23.704  2017  2017 D wpa_supplicant: wlan0: BSS: Add new id 263 BSSID 04:62:73:24:1b:cd SSID 'XILI-communication' freq 5785
10-23 14:14:23.704  2017  2017 D wpa_supplicant: wlan0: BSS: Add new id 264 BSSID ec:bd:1d:f1:cd:a2 SSID 'XILI-communication' freq 2462
10-23 14:14:23.704  2017  2017 D wpa_supplicant: wlan0: BSS: Add new id 265 BSSID ec:bd:1d:f7:86:5d SSID 'XILI-communication' freq 5785
10-23 14:14:23.704  2017  2017 D wpa_supplicant: wlan0: BSS: Add new id 266 BSSID ec:bd:1d:f7:86:5e SSID 'TCL-VP' freq 5785
10-23 14:14:23.704  2017  2017 D wpa_supplicant: wlan0: BSS: Add new id 267 BSSID ec:bd:1d:f7:86:5c SSID 'XILI-communication-O' freq 5785
10-23 14:14:23.705  2017  2017 D wpa_supplicant: wlan0: BSS: Add new id 268 BSSID bc:46:99:16:1c:4a SSID 'CMW-AP' freq 2412
10-23 14:14:23.705  2017  2017 D wpa_supplicant: wlan0: BSS: Add new id 269 BSSID 04:62:73:13:24:bd SSID 'XILI-communication' freq 5765
10-23 14:14:23.705  2017  2017 D wpa_supplicant: wlan0: BSS: Add new id 270 BSSID ec:bd:1d:e4:16:ac SSID 'XILI-communication-O' freq 5785
10-23 14:14:23.705  2017  2017 D wpa_supplicant: wlan0: BSS: Add new id 271 BSSID 00:f6:63:79:bc:50 SSID 'TCL-VP' freq 2412
10-23 14:14:23.705  2017  2017 D wpa_supplicant: BSS: last_scan_res_used=88/128
10-23 14:14:23.705  2017  2017 D wpa_supplicant: wlan0: Scan-only results received
10-23 14:14:23.706  2017  2017 D wpa_supplicant: wlan0: Radio work 'scan'@0x7f9382e300 done in 1.533812 seconds
10-23 14:14:23.706  2017  2017 D wpa_supplicant: wlan0: radio_work_free('scan'@0x7f9382e300: num_active_works --> 0
10-23 14:14:23.706  2017  2017 D wpa_supplicant: wlan0: State: SCANNING -> DISCONNECTED
10-23 14:14:23.706  2017  2017 D wpa_supplicant: nl80211: Set wlan0 operstate 0->0 (DORMANT)
10-23 14:14:23.706  2017  2017 D wpa_supplicant: netlink: Operstate: ifindex=23 linkmode=-1 (no change), operstate=5 (IF_OPER_DORMANT)
10-23 14:14:23.706  2017  2017 D wpa_supplicant: wlan0: Determining shared radio frequencies (max len 2)
10-23 14:14:23.706  2017  2017 D wpa_supplicant: wlan0: Shared frequencies (len=0): completed iteration
10-23 14:14:23.706  2017  2017 D wpa_supplicant: P2P: Add operating class 81
10-23 14:14:23.707  2017  2017 D wpa_supplicant: P2P: Channels - hexdump(len=13): 01 02 03 04 05 06 07 08 09 0a 0b 0c 0d
10-23 14:14:23.707  2017  2017 D wpa_supplicant: P2P: Add operating class 115
10-23 14:14:23.707  2017  2017 D wpa_supplicant: P2P: Channels - hexdump(len=4): 24 28 2c 30
10-23 14:14:23.707  2017  2017 D wpa_supplicant: P2P: Add operating class 116
10-23 14:14:23.707  2017  2017 D wpa_supplicant: P2P: Channels - hexdump(len=2): 24 2c
10-23 14:14:23.707  2017  2017 D wpa_supplicant: P2P: Add operating class 117
10-23 14:14:23.707  2017  2017 D wpa_supplicant: P2P: Channels - hexdump(len=2): 28 30
10-23 14:14:23.707  2017  2017 D wpa_supplicant: P2P: Add operating class 124
10-23 14:14:23.708  2017  2017 D wpa_supplicant: P2P: Channels - hexdump(len=4): 95 99 9d a1
10-23 14:14:23.708  2017  2017 D wpa_supplicant: P2P: Add operating class 125
10-23 14:14:23.708  2017  2017 D wpa_supplicant: P2P: Channels - hexdump(len=5): 95 99 9d a1 a5
10-23 14:14:23.708  2017  2017 D wpa_supplicant: P2P: Add operating class 126
10-23 14:14:23.708  2017  2017 D wpa_supplicant: P2P: Channels - hexdump(len=2): 95 9d
10-23 14:14:23.708  2017  2017 D wpa_supplicant: P2P: Add operating class 127
10-23 14:14:23.708  2017  2017 D wpa_supplicant: P2P: Channels - hexdump(len=2): 99 a1
10-23 14:14:23.708  2017  2017 D wpa_supplicant: P2P: Add operating class 128
10-23 14:14:23.708  2017  2017 D wpa_supplicant: P2P: Channels - hexdump(len=4): 24 28 2c 30
10-23 14:14:23.709  2017  2017 D wpa_supplicant: P2P: Add operating class 130
10-23 14:14:23.709  2017  2017 D wpa_supplicant: P2P: Channels - hexdump(len=4): 24 28 2c 30
10-23 14:14:23.709  2017  2017 D wpa_supplicant: P2P: Update channel list
10-23 14:14:23.709  2017  2017 D wpa_supplicant: P2P: channels: 81:1,2,3,4,5,6,7,8,9,10,11,12,13 115:36,40,44,48 116:36,44 117:40,48 124:149,153,157,161 125:149,153,157,161,165 126:149,157 127:153,161 128:36,40,44,48 130:36,40,44,48
10-23 14:14:23.709  2017  2017 D wpa_supplicant: P2P: cli_channels:
10-23 14:14:23.721  1449  2279 I chatty  : uid=1000(system) Binder:1449_9 expire 2 lines
10-23 14:14:23.780  1884  1884 D PhoneInterfaceManager: [PhoneIntfMgr] getDataEnabled: subId=1 phoneId=0
10-23 14:14:23.780  1884  1884 D PhoneInterfaceManager: [PhoneIntfMgr] getDataEnabled: subId=1 retVal=false
10-23 14:14:23.783  1884  1884 D PhoneInterfaceManager: [PhoneIntfMgr] getDataEnabled: subId=1 phoneId=0
10-23 14:14:23.783  1884  1884 D PhoneInterfaceManager: [PhoneIntfMgr] getDataEnabled: subId=1 retVal=false
10-23 14:14:23.786  2198  2198 D OtaApp@@@DownloadReceiver: DownloadReceiver action:android.net.wifi.STATE_CHANGE
10-23 14:14:23.786  2198  2198 D OtaApp@@@DownloadReceiver:  info.getState() =  DISCONNECTED
10-23 14:14:23.788  1449  4490 I chatty  : uid=1000(system) Binder:1449_14 expire 6 lines
10-23 14:14:23.812  1723  1723 I SystemServiceRegistry: AttrName service = null
10-23 14:14:23.812  1723  1723 I AttrNameManager: <<<<<<<<<mService = null
10-23 14:14:26.826  1449  2044 I chatty  : uid=1000(system) Binder:1449_6 expire 2 lines
10-23 14:14:33.682  1449  1613 I chatty  : uid=1000(system) AlarmManager expire 12 lines
10-23 14:14:33.769  2017  2017 D wpa_supplicant: wlan0: Control interface command 'SCAN TYPE=ONLY'
10-23 14:14:33.769  2017  2017 D wpa_supplicant: wlan0: Setting scan request: 0.000000 sec
10-23 14:14:33.770  2017  2017 D wpa_supplicant: wlan0: State: DISCONNECTED -> SCANNING
10-23 14:14:33.770  2017  2017 D wpa_supplicant: wlan0: Determining shared radio frequencies (max len 2)
10-23 14:14:33.771  1449  2117 I chatty  : uid=1000(system) WifiMonitor expire 14 lines
10-23 14:14:33.771  2017  2017 D wpa_supplicant: wlan0: Shared frequencies (len=0): completed iteration
10-23 14:14:33.773  2017  2017 D wpa_supplicant: P2P: Add operating class 81
10-23 14:14:33.773  1449  1640 I chatty  : uid=1000(system) WifiStateMachin expire 59 lines
10-23 14:14:33.773  2017  2017 D wpa_supplicant: P2P: Channels - hexdump(len=13): 01 02 03 04 05 06 07 08 09 0a 0b 0c 0d
10-23 14:14:33.773  2017  2017 D wpa_supplicant: P2P: Add operating class 115
10-23 14:14:33.773  2017  2017 D wpa_supplicant: P2P: Channels - hexdump(len=4): 24 28 2c 30
10-23 14:14:33.774  1723  1723 I chatty  : uid=1000(system) com.android.systemui expire 82 lines
10-23 14:14:33.775  1449  2303 I chatty  : uid=1000(system) Binder:1449_B expire 8 lines
10-23 14:14:33.776  2017  2017 D wpa_supplicant: P2P: Add operating class 116
10-23 14:14:33.777  1449  1640 I chatty  : uid=1000(system) WifiStateMachin expire 28 lines
10-23 14:14:33.778  2017  2017 D wpa_supplicant: P2P: Channels - hexdump(len=2): 24 2c
10-23 14:14:33.778  2017  2017 D wpa_supplicant: P2P: Add operating class 117
10-23 14:14:33.778  2017  2017 D wpa_supplicant: P2P: Channels - hexdump(len=2): 28 30
10-23 14:14:33.778  2017  2017 D wpa_supplicant: P2P: Add operating class 124
10-23 14:14:33.779  2017  2017 D wpa_supplicant: P2P: Channels - hexdump(len=4): 95 99 9d a1
10-23 14:14:33.779  1449  1485 I chatty  : uid=1000(system) ActivityManager expire 71 lines
10-23 14:14:33.779  2017  2017 D wpa_supplicant: P2P: Add operating class 125
10-23 14:14:33.779  2017  2017 D wpa_supplicant: P2P: Channels - hexdump(len=5): 95 99 9d a1 a5
10-23 14:14:33.779  2017  2017 D wpa_supplicant: P2P: Add operating class 126
10-23 14:14:33.779  2017  2017 D wpa_supplicant: P2P: Channels - hexdump(len=2): 95 9d
10-23 14:14:33.779  2017  2017 D wpa_supplicant: P2P: Add operating class 127
10-23 14:14:33.780  2017  2017 D wpa_supplicant: P2P: Channels - hexdump(len=2): 99 a1
10-23 14:14:33.780  2017  2017 D wpa_supplicant: P2P: Add operating class 128
10-23 14:14:33.780  2017  2017 D wpa_supplicant: P2P: Channels - hexdump(len=4): 24 28 2c 30
10-23 14:14:33.780  2017  2017 D wpa_supplicant: P2P: Add operating class 130
10-23 14:14:33.780  2017  2017 D wpa_supplicant: P2P: Channels - hexdump(len=4): 24 28 2c 30
10-23 14:14:33.781  2017  2017 D wpa_supplicant: P2P: Update channel list
10-23 14:14:33.781  2017  2017 D wpa_supplicant: P2P: channels: 81:1,2,3,4,5,6,7,8,9,10,11,12,13 115:36,40,44,48 116:36,44 117:40,48 124:149,153,157,161 125:149,153,157,161,165 126:149,157 127:153,161 128:36,40,44,48 130:36,40,44,48
10-23 14:14:33.781  2017  2017 D wpa_supplicant: P2P: cli_channels:
10-23 14:14:33.781  2017  2017 D wpa_supplicant: wlan0: Starting AP scan for wildcard SSID
10-23 14:14:33.782  2017  2017 D wpa_supplicant: wlan0: Add radio work 'scan'@0x7f9382e300
10-23 14:14:33.782  2017  2017 D wpa_supplicant: wlan0: First radio work item in the queue - schedule start immediately
10-23 14:14:33.783  2017  2017 D wpa_supplicant: wlan0: Starting radio work 'scan'@0x7f9382e300 after 0.000326 second wait
10-23 14:14:33.783  2017  2017 D wpa_supplicant: wlan0: nl80211: scan request
10-23 14:14:33.793  2017  2017 D wpa_supplicant: Scan requested (ret=0) - scan timeout 30 seconds
10-23 14:14:33.794  2017  2017 D wpa_supplicant: nl80211: Drv Event 33 (NL80211_CMD_TRIGGER_SCAN) received for wlan0
10-23 14:14:33.794  2017  2017 D wpa_supplicant: wlan0: nl80211: Scan trigger
10-23 14:14:33.795  2017  2017 D wpa_supplicant: wlan0: Event SCAN_STARTED (47) received
10-23 14:14:33.796  2017  2017 D wpa_supplicant: wlan0: Own scan request started a scan in 0.002166 seconds
10-23 14:14:33.802  1884  1884 D PhoneInterfaceManager: [PhoneIntfMgr] getDataEnabled: subId=1 phoneId=0
10-23 14:14:33.802  1884  1884 D PhoneInterfaceManager: [PhoneIntfMgr] getDataEnabled: subId=1 retVal=false
10-23 14:14:33.805  2198  2198 D OtaApp@@@DownloadReceiver: DownloadReceiver action:android.net.wifi.STATE_CHANGE
10-23 14:14:33.806  2198  2198 D OtaApp@@@DownloadReceiver:  info.getState() =  DISCONNECTED
10-23 14:14:33.809  1884  1884 D PhoneInterfaceManager: [PhoneIntfMgr] getDataEnabled: subId=1 phoneId=0
10-23 14:14:33.809  1884  1884 D PhoneInterfaceManager: [PhoneIntfMgr] getDataEnabled: subId=1 retVal=false
10-23 14:14:33.814  1449  1475 I chatty  : uid=1000(system) Binder:1449_2 expire 6 lines
10-23 14:14:33.821  1449  2044 I chatty  : uid=1000(system) Binder:1449_6 expire 17 lines
10-23 14:14:33.847  1449  2347 I chatty  : uid=1000(system) Binder:1449_D expire 10 lines
10-23 14:14:33.875  1449  4487 I chatty  : uid=1000(system) Binder:1449_11 expire 6 lines
10-23 14:14:33.959  1449  2887 I chatty  : uid=1000(system) Binder:1449_10 expire 6 lines
10-23 14:14:34.001  1449  2193 I chatty  : uid=1000(system) Binder:1449_8 expire 10 lines
10-23 14:14:34.017  3610  3610 I Weather : UpdateService BroadcastReceiver.intent action: android.intent.action.TIME_TICK
10-23 14:14:34.019  1449  4488 I chatty  : uid=1000(system) Binder:1449_12 expire 8 lines
10-23 14:14:34.021  1449  1918 I chatty  : uid=1000(system) Binder:1449_5 expire 9 lines
10-23 14:14:34.032  3610  3610 I Weather : onReceive. intent action : android.intent.action.MINIWIDGET_UPDATE_TIME
10-23 14:14:35.251  2017  2017 D wpa_supplicant: nl80211: Drv Event 34 (NL80211_CMD_NEW_SCAN_RESULTS) received for wlan0
10-23 14:14:35.252  2017  2017 D wpa_supplicant: wlan0: nl80211: New scan results available
10-23 14:14:35.252  2017  2017 D wpa_supplicant: nl80211: Scan included frequencies: 2412 2417 2422 2427 2432 2437 2442 2447 2452 2457 2462 2467 2472 5180 5200 5220 5240 5260 5280 5300 5320 5745 5765 5785 5805 5825
10-23 14:14:35.252  2017  2017 D wpa_supplicant: wlan0: Event SCAN_RESULTS (3) received
10-23 14:14:35.253  2017  2017 D wpa_supplicant: wlan0: Scan completed in 1.457044 seconds
10-23 14:14:35.254  2017  2017 D wpa_supplicant: nl80211: Received scan results (84 BSSes)
10-23 14:14:35.255  2017  2017 D wpa_supplicant: wlan0: BSS: Start scan result update 15
10-23 14:14:35.256  2017  2017 D wpa_supplicant: wlan0: BSS: Add new id 272 BSSID 8c:a6:df:3d:ee:27 SSID 'TP-LINK_5G_rom' freq 5805
10-23 14:14:35.256  2017  2017 D wpa_supplicant: wlan0: BSS: Add new id 273 BSSID 04:62:73:24:1b:c6 SSID 'SCD-VIP-INET' freq 2437
10-23 14:14:35.259  2017  2017 D wpa_supplicant: wlan0: BSS: Add new id 274 BSSID 04:62:73:1c:83:2f SSID 'XILI-guest-test' freq 5785
10-23 14:14:35.261  2017  2017 D wpa_supplicant: wlan0: BSS: Add new id 275 BSSID ec:bd:1d:e4:16:aa SSID 'SCD-VIP' freq 5785
10-23 14:14:35.264  2017  2017 D wpa_supplicant: wlan0: BSS: Add new id 276 BSSID d4:ee:07:33:be:22 SSID 'SW_Guest2' freq 2452
10-23 14:14:35.265  2017  2017 D wpa_supplicant: wlan0: BSS: Add new id 277 BSSID 20:dc:e6:bd:4a:74 SSID 'CMCC_FREE' freq 2437
10-23 14:14:35.266  2017  2017 D wpa_supplicant: wlan0: BSS: Add new id 278 BSSID 04:62:73:24:1c:fb SSID 'SCD-VIP' freq 5785
10-23 14:14:35.267  2017  2017 D wpa_supplicant: wlan0: BSS: Add new id 279 BSSID 04:62:73:24:1c:ff SSID 'XILI-5F-SHBC' freq 5785
10-23 14:14:35.269  2017  2017 D wpa_supplicant: wlan0: BSS: Add new id 280 BSSID d6:ee:07:35:5a:aa SSID 'SW_Guest2' freq 2452
10-23 14:14:35.271  2017  2017 D wpa_supplicant: wlan0: BSS: Add new id 281 BSSID ec:bd:1d:f7:86:52 SSID 'XILI-communication' freq 2437
10-23 14:14:35.272  2017  2017 D wpa_supplicant: wlan0: BSS: Add new id 282 BSSID ec:bd:1d:f7:86:53 SSID 'XILI-communication-O' freq 2437
10-23 14:14:35.273  2017  2017 D wpa_supplicant: wlan0: BSS: Add new id 283 BSSID ec:bd:1d:f7:86:51 SSID 'TCL-VP' freq 2437
10-23 14:14:35.274  2017  2017 D wpa_supplicant: wlan0: BSS: Add new id 284 BSSID 04:62:73:1c:83:23 SSID 'XILI-communication-O' freq 2462
10-23 14:14:35.275  2017  2017 D wpa_supplicant: BSS: last_scan_res_used=84/128
10-23 14:14:35.276  2017  2017 D wpa_supplicant: wlan0: Scan-only results received
10-23 14:14:35.279  2017  2017 D wpa_supplicant: wlan0: Radio work 'scan'@0x7f9382e300 done in 1.496628 seconds
10-23 14:14:35.280  2017  2017 D wpa_supplicant: wlan0: radio_work_free('scan'@0x7f9382e300: num_active_works --> 0
10-23 14:14:35.280  2017  2017 D wpa_supplicant: wlan0: State: SCANNING -> DISCONNECTED
10-23 14:14:35.280  2017  2017 D wpa_supplicant: nl80211: Set wlan0 operstate 0->0 (DORMANT)
10-23 14:14:35.280  2017  2017 D wpa_supplicant: netlink: Operstate: ifindex=23 linkmode=-1 (no change), operstate=5 (IF_OPER_DORMANT)
10-23 14:14:35.280  2017  2017 D wpa_supplicant: wlan0: Determining shared radio frequencies (max len 2)
10-23 14:14:35.280  2017  2017 D wpa_supplicant: wlan0: Shared frequencies (len=0): completed iteration
10-23 14:14:35.280  2017  2017 D wpa_supplicant: P2P: Add operating class 81
10-23 14:14:35.281  2017  2017 D wpa_supplicant: P2P: Channels - hexdump(len=13): 01 02 03 04 05 06 07 08 09 0a 0b 0c 0d
10-23 14:14:35.281  2017  2017 D wpa_supplicant: P2P: Add operating class 115
10-23 14:14:35.281  1449  1643 I chatty  : uid=1000(system) WifiScanningSer expire 18 lines
10-23 14:14:35.281  2017  2017 D wpa_supplicant: P2P: Channels - hexdump(len=4): 24 28 2c 30
10-23 14:14:35.281  2017  2017 D wpa_supplicant: P2P: Add operating class 116
10-23 14:14:35.282  2017  2017 D wpa_supplicant: P2P: Channels - hexdump(len=2): 24 2c
10-23 14:14:35.282  2017  2017 D wpa_supplicant: P2P: Add operating class 117
10-23 14:14:35.282  2017  2017 D wpa_supplicant: P2P: Channels - hexdump(len=2): 28 30
10-23 14:14:35.282  2017  2017 D wpa_supplicant: P2P: Add operating class 124
10-23 14:14:35.282  2017  2017 D wpa_supplicant: P2P: Channels - hexdump(len=4): 95 99 9d a1
10-23 14:14:35.282  2017  2017 D wpa_supplicant: P2P: Add operating class 125
10-23 14:14:35.283  2017  2017 D wpa_supplicant: P2P: Channels - hexdump(len=5): 95 99 9d a1 a5
10-23 14:14:35.283  2017  2017 D wpa_supplicant: P2P: Add operating class 126
10-23 14:14:35.283  2017  2017 D wpa_supplicant: P2P: Channels - hexdump(len=2): 95 9d
10-23 14:14:35.283  2017  2017 D wpa_supplicant: P2P: Add operating class 127
10-23 14:14:35.283  2017  2017 D wpa_supplicant: P2P: Channels - hexdump(len=2): 99 a1
10-23 14:14:35.283  2017  2017 D wpa_supplicant: P2P: Add operating class 128
10-23 14:14:35.284  2017  2017 D wpa_supplicant: P2P: Channels - hexdump(len=4): 24 28 2c 30
10-23 14:14:35.284  2017  2017 D wpa_supplicant: P2P: Add operating class 130
10-23 14:14:35.284  2017  2017 D wpa_supplicant: P2P: Channels - hexdump(len=4): 24 28 2c 30
10-23 14:14:35.284  2017  2017 D wpa_supplicant: P2P: Update channel list
10-23 14:14:35.284  2017  2017 D wpa_supplicant: P2P: channels: 81:1,2,3,4,5,6,7,8,9,10,11,12,13 115:36,40,44,48 116:36,44 117:40,48 124:149,153,157,161 125:149,153,157,161,165 126:149,157 127:153,161 128:36,40,44,48 130:36,40,44,48
10-23 14:14:35.284  2017  2017 D wpa_supplicant: P2P: cli_channels:
10-23 14:14:35.285  1111  1119 E LOWI-7.7.1.0: [MemoryStream] expand error 2
10-23 14:14:35.285  1111  1119 E LOWI-7.7.1.0: [MemoryStream] append error 2
10-23 14:14:35.285  1111  1119 E LOWI-7.7.1.0: [OutPostcard] addBlobWithType failed 12
10-23 14:14:35.359  1884  1884 D PhoneInterfaceManager: [PhoneIntfMgr] getDataEnabled: subId=1 phoneId=0
10-23 14:14:35.360  1884  1884 D PhoneInterfaceManager: [PhoneIntfMgr] getDataEnabled: subId=1 retVal=false
10-23 14:14:35.364  2198  2198 D OtaApp@@@DownloadReceiver: DownloadReceiver action:android.net.wifi.STATE_CHANGE
10-23 14:14:35.364  2198  2198 D OtaApp@@@DownloadReceiver:  info.getState() =  DISCONNECTED
10-23 14:14:35.364  1449  4489 I chatty  : uid=1000(system) Binder:1449_13 expire 6 lines
10-23 14:14:35.369  1884  1884 D PhoneInterfaceManager: [PhoneIntfMgr] getDataEnabled: subId=1 phoneId=0
10-23 14:14:35.370  1884  1884 D PhoneInterfaceManager: [PhoneIntfMgr] getDataEnabled: subId=1 retVal=false
10-23 14:14:35.378  1449  2469 I chatty  : uid=1000(system) IzatServiceBase expire 10 lines
10-23 14:14:36.712  1449  1657 I chatty  : uid=1000(system) Binder:1449_4 expire 4 lines
10-23 14:14:39.056  1449  2340 I chatty  : uid=1000(system) Binder:1449_C expire 2 lines
10-23 14:14:43.756  1449  2886 I chatty  : uid=1000(system) Binder:1449_F expire 2 lines
10-23 14:14:50.835  1449  4490 I chatty  : uid=1000(system) Binder:1449_14 expire 2 lines
10-23 14:15:01.841  1723  1723 I SystemServiceRegistry: AttrName service = null
10-23 14:15:01.841  1723  1723 I AttrNameManager: <<<<<<<<<mService = null
10-23 14:15:02.490  1449  2185 I chatty  : uid=1000(system) Binder:1449_7 expire 2 lines
10-23 14:15:09.710  1449  1474 I chatty  : uid=1000(system) Binder:1449_1 expire 2 lines
10-23 14:15:10.622  1449  2483 I chatty  : uid=1000(system) ulp_msg expire 14 lines
10-23 14:15:11.952  1449  2193 I chatty  : uid=1000(system) Binder:1449_8 expire 2 lines
10-23 14:15:15.270  1449  1475 V ActivityManager: Broadcast sticky: Intent { act=android.intent.action.SIG_STR flg=0x20000010 (has extras) } ordered=false userid=-1
10-23 14:15:15.272  1449  1475 V ActivityManager: Enqueing broadcast: android.intent.action.SIG_STR replacePending=true
10-23 14:15:18.528  1449  1449 V DeviceStorageMonitorService: freeMemory=9838198784, mMemLowThreshold: 524288000
10-23 14:15:18.530  1449  1449 I DeviceStorageMonitorService: Posting Message again
10-23 14:15:23.839  1449  2340 V ActivityManager: Broadcast sticky: Intent { act=android.intent.action.SIG_STR flg=0x20000010 (has extras) } ordered=false userid=-1
10-23 14:15:23.842  1449  2340 V ActivityManager: Enqueing broadcast: android.intent.action.SIG_STR replacePending=true
10-23 14:15:28.538  1449  2044 V ActivityManager: Broadcast sticky: Intent { act=android.intent.action.SIG_STR flg=0x20000010 (has extras) } ordered=false userid=-1
10-23 14:15:28.539  1449  2044 V ActivityManager: Enqueing broadcast: android.intent.action.SIG_STR replacePending=true
10-23 14:15:30.902  1449  4487 V ActivityManager: Broadcast sticky: Intent { act=android.intent.action.SIG_STR flg=0x20000010 (has extras) } ordered=false userid=-1
10-23 14:15:30.903  1449  4487 V ActivityManager: Enqueing broadcast: android.intent.action.SIG_STR replacePending=true
10-23 14:15:33.180  1449  2886 V ActivityManager: Broadcast sticky: Intent { act=android.intent.action.SIG_STR flg=0x20000010 (has extras) } ordered=false userid=-1
10-23 14:15:33.181  1449  2886 V ActivityManager: Enqueing broadcast: android.intent.action.SIG_STR replacePending=true
10-23 14:15:35.608  1449  1918 V ActivityManager: Broadcast sticky: Intent { act=android.intent.action.SIG_STR flg=0x20000010 (has extras) } ordered=false userid=-1
10-23 14:15:35.609  1449  1918 V ActivityManager: Enqueing broadcast: android.intent.action.SIG_STR replacePending=true
10-23 14:15:37.963  1449  2347 V ActivityManager: Broadcast sticky: Intent { act=android.intent.action.SIG_STR flg=0x20000010 (has extras) } ordered=false userid=-1
10-23 14:15:37.965  1449  2347 V ActivityManager: Enqueing broadcast: android.intent.action.SIG_STR replacePending=true
10-23 14:15:40.000  1449  1449 V ActivityManager: Broadcast sticky: Intent { act=android.intent.action.BATTERY_CHANGED flg=0x60000010 (has extras) } ordered=false userid=-1
10-23 14:15:40.000  1449  1449 V ActivityManager: Enqueing broadcast: android.intent.action.BATTERY_CHANGED replacePending=true
10-23 14:15:40.001  1449  1449 I ActivityManager: Broadcast intent Intent { act=android.intent.action.BATTERY_CHANGED flg=0x60000010 (has extras) } on background queue
10-23 14:15:40.001  1449  1449 V ActivityManager: Enqueueing parallel broadcast BroadcastRecord{19e143e u-1 android.intent.action.BATTERY_CHANGED} intent Intent { act=android.intent.action.BATTERY_CHANGED flg=0x60000010 (has extras) }
10-23 14:15:40.001  1449  1449 V BroadcastQueue: Schedule broadcasts [background]: current=false
10-23 14:15:40.012  1449  1485 V BroadcastQueue: Received BROADCAST_INTENT_MSG
10-23 14:15:40.012  1449  1485 V BroadcastQueue: processNextBroadcast [background]: 1 broadcasts, 0 ordered broadcasts
10-23 14:15:40.012  1449  1485 V BroadcastQueue: Processing parallel broadcast [background] BroadcastRecord{19e143e u-1 android.intent.action.BATTERY_CHANGED}
10-23 14:15:40.013  1449  1485 V BroadcastQueue: Delivering non-ordered on [background] to registered BroadcastFilter{716638d u0 ReceiverList{c945c24 1449 system/1000/u0 local:1990cb7}}: BroadcastRecord{19e143e u-1 android.intent.action.BATTERY_CHANGED}
10-23 14:15:40.013  1449  1485 I BroadcastQueue: Delivering to BroadcastFilter{716638d u0 ReceiverList{c945c24 1449 system/1000/u0 local:1990cb7}} : BroadcastRecord{19e143e u-1 android.intent.action.BATTERY_CHANGED}
10-23 14:15:40.013  1449  1485 V BroadcastQueue: Delivering non-ordered on [background] to registered BroadcastFilter{a97970b u0 ReceiverList{2e056da 1449 system/1000/u0 local:e3e0885}}: BroadcastRecord{19e143e u-1 android.intent.action.BATTERY_CHANGED}
10-23 14:15:40.013  1449  1485 I BroadcastQueue: Delivering to BroadcastFilter{a97970b u0 ReceiverList{2e056da 1449 system/1000/u0 local:e3e0885}} : BroadcastRecord{19e143e u-1 android.intent.action.BATTERY_CHANGED}
10-23 14:15:40.013  1449  1485 V BroadcastQueue: Delivering non-ordered on [background] to registered BroadcastFilter{90ab05b u0 ReceiverList{955c36a 1449 system/1000/u0 local:94a0d55}}: BroadcastRecord{19e143e u-1 android.intent.action.BATTERY_CHANGED}
10-23 14:15:40.014  1449  1485 I BroadcastQueue: Delivering to BroadcastFilter{90ab05b u0 ReceiverList{955c36a 1449 system/1000/u0 local:94a0d55}} : BroadcastRecord{19e143e u-1 android.intent.action.BATTERY_CHANGED}
10-23 14:15:40.014  1449  1485 V BroadcastQueue: Delivering non-ordered on [background] to registered BroadcastFilter{b6d322 u0 ReceiverList{7fb28ed 1449 system/1000/u0 local:a655b04}}: BroadcastRecord{19e143e u-1 android.intent.action.BATTERY_CHANGED}
10-23 14:15:40.014  1449  1485 I BroadcastQueue: Delivering to BroadcastFilter{b6d322 u0 ReceiverList{7fb28ed 1449 system/1000/u0 local:a655b04}} : BroadcastRecord{19e143e u-1 android.intent.action.BATTERY_CHANGED}
10-23 14:15:40.014  1449  1485 V BroadcastQueue: Delivering non-ordered on [background] to registered BroadcastFilter{c71dc59 u0 ReceiverList{4fa48a0 1449 system/1000/u0 local:f812da3}}: BroadcastRecord{19e143e u-1 android.intent.action.BATTERY_CHANGED}
10-23 14:15:40.014  1449  1485 I BroadcastQueue: Delivering to BroadcastFilter{c71dc59 u0 ReceiverList{4fa48a0 1449 system/1000/u0 local:f812da3}} : BroadcastRecord{19e143e u-1 android.intent.action.BATTERY_CHANGED}
10-23 14:15:40.014  1449  1485 V BroadcastQueue: Delivering non-ordered on [background] to registered BroadcastFilter{9abe479 u0 ReceiverList{174dd40 1723 com.android.systemui/1000/u0 remote:9ecb0c3}}: BroadcastRecord{19e143e u-1 android.intent.action.BATTERY_CHANGED}
10-23 14:15:40.015  1449  1485 I BroadcastQueue: Delivering to BroadcastFilter{9abe479 u0 ReceiverList{174dd40 1723 com.android.systemui/1000/u0 remote:9ecb0c3}} : BroadcastRecord{19e143e u-1 android.intent.action.BATTERY_CHANGED}
10-23 14:15:40.015  1449  1485 V BroadcastQueue: Delivering non-ordered on [background] to registered BroadcastFilter{66d5274 u0 ReceiverList{e1daa47 1723 com.android.systemui/1000/u0 remote:8ca0186}}: BroadcastRecord{19e143e u-1 android.intent.action.BATTERY_CHANGED}
10-23 14:15:40.015  1449  1485 I BroadcastQueue: Delivering to BroadcastFilter{66d5274 u0 ReceiverList{e1daa47 1723 com.android.systemui/1000/u0 remote:8ca0186}} : BroadcastRecord{19e143e u-1 android.intent.action.BATTERY_CHANGED}
10-23 14:15:40.015  1449  1485 V BroadcastQueue: Delivering non-ordered on [background] to registered BroadcastFilter{5b7e30f u0 ReceiverList{34a006e 1884 com.android.phone/1001/u0 remote:a8ccbe9}}: BroadcastRecord{19e143e u-1 android.intent.action.BATTERY_CHANGED}
10-23 14:15:40.016  1449  1485 I BroadcastQueue: Delivering to BroadcastFilter{5b7e30f u0 ReceiverList{34a006e 1884 com.android.phone/1001/u0 remote:a8ccbe9}} : BroadcastRecord{19e143e u-1 android.intent.action.BATTERY_CHANGED}
10-23 14:15:40.016  1449  1485 V BroadcastQueue: Delivering non-ordered on [background] to registered BroadcastFilter{d579d2 u0 ReceiverList{c467c5d 1884 com.android.phone/1001/u0 remote:da51634}}: BroadcastRecord{19e143e u-1 android.intent.action.BATTERY_CHANGED}
10-23 14:15:40.016  1449  1485 I BroadcastQueue: Delivering to BroadcastFilter{d579d2 u0 ReceiverList{c467c5d 1884 com.android.phone/1001/u0 remote:da51634}} : BroadcastRecord{19e143e u-1 android.intent.action.BATTERY_CHANGED}
10-23 14:15:40.019  1449  1485 V BroadcastQueue: Delivering non-ordered on [background] to registered BroadcastFilter{6abfc87 u0 ReceiverList{eb134c6 1723 com.android.systemui/1000/u0 remote:ae93aa1}}: BroadcastRecord{19e143e u-1 android.intent.action.BATTERY_CHANGED}
10-23 14:15:40.019  1449  1485 I BroadcastQueue: Delivering to BroadcastFilter{6abfc87 u0 ReceiverList{eb134c6 1723 com.android.systemui/1000/u0 remote:ae93aa1}} : BroadcastRecord{19e143e u-1 android.intent.action.BATTERY_CHANGED}
10-23 14:15:40.019  1449  1485 V BroadcastQueue: Delivering non-ordered on [background] to registered BroadcastFilter{c0e0868 u0 ReceiverList{2e06f8b 2241 .dataservices/1000/u0 remote:adb415a}}: BroadcastRecord{19e143e u-1 android.intent.action.BATTERY_CHANGED}
10-23 14:15:40.019  1449  1485 I BroadcastQueue: Delivering to BroadcastFilter{c0e0868 u0 ReceiverList{2e06f8b 2241 .dataservices/1000/u0 remote:adb415a}} : BroadcastRecord{19e143e u-1 android.intent.action.BATTERY_CHANGED}
10-23 14:15:40.020  1449  1485 V BroadcastQueue: Delivering non-ordered on [background] to registered BroadcastFilter{fada6b7 u0 ReceiverList{4369b6 1884 com.android.phone/1001/u0 remote:1a06d51}}: BroadcastRecord{19e143e u-1 android.intent.action.BATTERY_CHANGED}
10-23 14:15:40.020  1449  1485 I BroadcastQueue: Delivering to BroadcastFilter{fada6b7 u0 ReceiverList{4369b6 1884 com.android.phone/1001/u0 remote:1a06d51}} : BroadcastRecord{19e143e u-1 android.intent.action.BATTERY_CHANGED}
10-23 14:15:40.020  2241  2385 W QCNEJ   : |CORE| CNE received unexpected action: android.intent.action.BATTERY_CHANGED
10-23 14:15:40.020  1449  1485 V BroadcastQueue: Delivering non-ordered on [background] to registered BroadcastFilter{5495ffa u0 ReceiverList{52f0225 3517 com.tct.diagnostics/1000/u0 remote:1b8761c}}: BroadcastRecord{19e143e u-1 android.intent.action.BATTERY_CHANGED}
10-23 14:15:40.020  1449  1485 I BroadcastQueue: Delivering to BroadcastFilter{5495ffa u0 ReceiverList{52f0225 3517 com.tct.diagnostics/1000/u0 remote:1b8761c}} : BroadcastRecord{19e143e u-1 android.intent.action.BATTERY_CHANGED}
10-23 14:15:40.020  1884  1884 D VideoCall_LowBattery: BatteryIntent received: android.intent.action.BATTERY_CHANGED
10-23 14:15:40.021  3517  3517 D Diagnostics@@@ChangeDataBroadcast: Battery is charging
10-23 14:15:40.021  1449  1485 V BroadcastQueue: Delivering non-ordered on [background] to registered BroadcastFilter{c189e27 u0 ReceiverList{78ad8e6 2697 android.process.media/10006/u0 remote:d905b41}}: BroadcastRecord{19e143e u-1 android.intent.action.BATTERY_CHANGED}
10-23 14:15:40.022  1449  1485 I BroadcastQueue: Delivering to BroadcastFilter{c189e27 u0 ReceiverList{78ad8e6 2697 android.process.media/10006/u0 remote:d905b41}} : BroadcastRecord{19e143e u-1 android.intent.action.BATTERY_CHANGED}
10-23 14:15:40.022  3517  3517 D Diagnostics@@@ChangeDataBroadcast: App flag is true
10-23 14:15:40.022  1449  1485 V BroadcastQueue: Done with parallel broadcast [background] BroadcastRecord{19e143e u-1 android.intent.action.BATTERY_CHANGED}
10-23 14:15:40.027  1884  1884 V asset   : Looking for non-asset 'res/drawable-xxhdpi-v4/ic_sim_card_multi_24px_clr.png' in '/system/framework/framework-res.apk'
10-23 14:15:40.027  1884  1884 V asset   : getZipFileLocked() in 0x7f773e7f00
10-23 14:15:40.027  1884  1884 V asset   : Opened uncompressed entry res/drawable-xxhdpi-v4/ic_sim_card_multi_24px_clr.png in zip /system/framework/framework-res.apk mode 2: 0x7f5df2d020
10-23 14:15:40.031  1884  1884 V asset   : Looking for non-asset 'res/drawable-xxhdpi-v4/ic_sim_card_multi_24px_clr.png' in '/system/framework/framework-res.apk'
10-23 14:15:40.031  1884  1884 V asset   : getZipFileLocked() in 0x7f773e7f00
10-23 14:15:40.031  1884  1884 V asset   : Opened uncompressed entry res/drawable-xxhdpi-v4/ic_sim_card_multi_24px_clr.png in zip /system/framework/framework-res.apk mode 2: 0x7f5df2d020
10-23 14:15:40.036  1884  1884 D VideoCall_LowBattery:  allowVideoCallsInLowBattery: true isCarrierOneSupported: false mIsLowbattery: false
10-23 14:15:40.046  1723  1723 I chatty  : uid=1000(system) com.android.systemui expire 10 lines
10-23 14:15:40.092  1449  1489 E BatteryStatsService: no controller energy info supplied
10-23 14:15:40.095  1449  2302 I chatty  : uid=1000(system) Binder:1449_A expire 1 line
10-23 14:15:40.144  1449  1485 W ProcessCpuTracker: Skipping unknown process pid 10893
10-23 14:15:42.629  1449  2279 V ActivityManager: Broadcast sticky: Intent { act=android.intent.action.SIG_STR flg=0x20000010 (has extras) } ordered=false userid=-1
10-23 14:15:42.629  1449  2279 V ActivityManager: Enqueing broadcast: android.intent.action.SIG_STR replacePending=true
10-23 14:15:50.311  1449  2388 V ActivityManager: Broadcast sticky: Intent { act=android.intent.action.SIG_STR flg=0x20000010 (has extras) } ordered=false userid=-1
10-23 14:15:50.312  1449  2388 V ActivityManager: Enqueing broadcast: android.intent.action.SIG_STR replacePending=true
10-23 14:15:53.499  1449  2185 V ActivityManager: Broadcast sticky: Intent { act=android.intent.action.SIG_STR flg=0x20000010 (has extras) } ordered=false userid=-1
10-23 14:15:53.500  1449  2185 V ActivityManager: Enqueing broadcast: android.intent.action.SIG_STR replacePending=true
