10-23 14:08:15.868  1449  1952 I chatty  : uid=1000(system) CallAudioModeSt expire 6 lines
10-23 14:08:15.869  1449  4487 I chatty  : uid=1000(system) Binder:1449_11 expire 11 lines
10-23 14:08:15.880  1449  2279 I chatty  : uid=1000(system) Binder:1449_9 expire 2 lines
10-23 14:08:15.884  1449  1485 I chatty  : uid=1000(system) ActivityManager expire 41 lines
10-23 14:08:15.893  1449  1951 I chatty  : uid=1000(system) uteStateMachine expire 12 lines
10-23 14:08:15.900  1449  1918 I chatty  : uid=1000(system) Binder:1449_5 expire 12 lines
10-23 14:08:15.906  1449  1474 I chatty  : uid=1000(system) Binder:1449_1 expire 14 lines
10-23 14:08:15.906  1449  2887 I chatty  : uid=1000(system) Binder:1449_10 expire 2 lines
10-23 14:08:15.908  1449  2185 I chatty  : uid=1000(system) Binder:1449_7 expire 12 lines
10-23 14:08:15.918  1449  4489 I chatty  : uid=1000(system) Binder:1449_13 expire 9 lines
10-23 14:08:15.923  1449  2388 I chatty  : uid=1000(system) Binder:1449_E expire 12 lines
10-23 14:08:15.929  1449  2340 I chatty  : uid=1000(system) Binder:1449_C expire 9 lines
10-23 14:08:15.935  1449  1656 I chatty  : uid=1000(system) Binder:1449_3 expire 12 lines
10-23 14:08:15.947  1449  4488 I chatty  : uid=1000(system) Binder:1449_12 expire 9 lines
10-23 14:08:15.958  1449  2303 I chatty  : uid=1000(system) Binder:1449_B expire 2 lines
10-23 14:08:16.020  1449  4490 I chatty  : uid=1000(system) Binder:1449_14 expire 6 lines
10-23 14:08:16.030  1449  1657 I chatty  : uid=1000(system) Binder:1449_4 expire 6 lines
10-23 14:08:16.036  1449  2193 I chatty  : uid=1000(system) Binder:1449_8 expire 6 lines
10-23 14:08:16.041  1449  2347 I chatty  : uid=1000(system) Binder:1449_D expire 6 lines
10-23 14:08:16.046  1449  2886 I chatty  : uid=1000(system) Binder:1449_F expire 2 lines
10-23 14:08:16.047  1449  2340 I chatty  : uid=1000(system) Binder:1449_C expire 17 lines
10-23 14:08:16.049  1449  2887 I chatty  : uid=1000(system) Binder:1449_10 expire 11 lines
10-23 14:08:16.053  1449  4489 I chatty  : uid=1000(system) Binder:1449_13 expire 21 lines
10-23 14:08:16.059  1449  4488 I chatty  : uid=1000(system) Binder:1449_12 expire 24 lines
10-23 14:08:16.069  1449  1474 I chatty  : uid=1000(system) Binder:1449_1 expire 30 lines
10-23 14:08:16.073  1449  1918 I chatty  : uid=1000(system) Binder:1449_5 expire 24 lines
10-23 14:08:16.078  1449  2303 I chatty  : uid=1000(system) Binder:1449_B expire 18 lines
10-23 14:08:16.082  1449  2193 I chatty  : uid=1000(system) Binder:1449_8 expire 12 lines
10-23 14:08:16.094  1449  4490 I chatty  : uid=1000(system) Binder:1449_14 expire 12 lines
10-23 14:08:16.100  1449  2185 I chatty  : uid=1000(system) Binder:1449_7 expire 9 lines
10-23 14:08:16.119  1449  1657 I chatty  : uid=1000(system) Binder:1449_4 expire 18 lines
10-23 14:08:16.122  1449  2044 I chatty  : uid=1000(system) Binder:1449_6 expire 6 lines
10-23 14:08:16.132  1449  1656 I chatty  : uid=1000(system) Binder:1449_3 expire 18 lines
10-23 14:08:16.201  1449  1475 I chatty  : uid=1000(system) Binder:1449_2 expire 6 lines
10-23 14:08:16.253  1449  2302 I chatty  : uid=1000(system) Binder:1449_A expire 6 lines
10-23 14:08:16.324  1449  2279 I chatty  : uid=1000(system) Binder:1449_9 expire 28 lines
10-23 14:08:16.469  1723  1723 I SystemServiceRegistry: AttrName service = null
10-23 14:08:16.470  1723  1723 I AttrNameManager: <<<<<<<<<mService = null
10-23 14:08:16.480  1449  2887 I chatty  : uid=1000(system) Binder:1449_10 expire 13 lines
10-23 14:08:16.484  1449  1474 I chatty  : uid=1000(system) Binder:1449_1 expire 24 lines
10-23 14:08:16.529  1449  4489 I chatty  : uid=1000(system) Binder:1449_13 expire 23 lines
10-23 14:08:16.532  1449  1657 I chatty  : uid=1000(system) Binder:1449_4 expire 9 lines
10-23 14:08:16.544  1449  4490 I chatty  : uid=1000(system) Binder:1449_14 expire 2 lines
10-23 14:08:16.568  1449  2347 I chatty  : uid=1000(system) Binder:1449_D expire 15 lines
10-23 14:08:16.571  1449  4487 I chatty  : uid=1000(system) Binder:1449_11 expire 27 lines
10-23 14:08:16.594  1449  2044 I chatty  : uid=1000(system) Binder:1449_6 expire 6 lines
10-23 14:08:16.596  1449  2886 I chatty  : uid=1000(system) Binder:1449_F expire 18 lines
10-23 14:08:16.615  1449  1656 I chatty  : uid=1000(system) Binder:1449_3 expire 27 lines
10-23 14:08:16.662  1449  2303 I chatty  : uid=1000(system) Binder:1449_B expire 18 lines
10-23 14:08:16.666  1449  1475 I chatty  : uid=1000(system) Binder:1449_2 expire 14 lines
10-23 14:08:16.792  1449  2388 I chatty  : uid=1000(system) Binder:1449_E expire 12 lines
10-23 14:08:16.839  1449  2193 I chatty  : uid=1000(system) Binder:1449_8 expire 9 lines
10-23 14:08:16.858  1449  2185 I chatty  : uid=1000(system) Binder:1449_7 expire 15 lines
10-23 14:08:16.917  1449  4488 I chatty  : uid=1000(system) Binder:1449_12 expire 3 lines
10-23 14:08:16.932  1449  1918 I chatty  : uid=1000(system) Binder:1449_5 expire 29 lines
10-23 14:08:17.065  1449  2303 I chatty  : uid=1000(system) Binder:1449_B expire 3 lines
10-23 14:08:17.066  1449  4490 I chatty  : uid=1000(system) Binder:1449_14 expire 3 lines
10-23 14:08:17.084  1449  1656 I chatty  : uid=1000(system) Binder:1449_3 expire 29 lines
10-23 14:08:17.137  1449  2388 I chatty  : uid=1000(system) Binder:1449_E expire 6 lines
10-23 14:08:17.150  1449  4488 I chatty  : uid=1000(system) Binder:1449_12 expire 8 lines
10-23 14:08:17.162  1449  1657 I chatty  : uid=1000(system) Binder:1449_4 expire 12 lines
10-23 14:08:17.504  1449  1474 I chatty  : uid=1000(system) Binder:1449_1 expire 34 lines
10-23 14:08:17.536  1449  1475 I chatty  : uid=1000(system) Binder:1449_2 expire 32 lines
10-23 14:08:17.669  1449  4489 I chatty  : uid=1000(system) Binder:1449_13 expire 18 lines
10-23 14:08:17.702  1449  2347 I chatty  : uid=1000(system) Binder:1449_D expire 18 lines
10-23 14:08:17.922  1449  4487 I chatty  : uid=1000(system) Binder:1449_11 expire 6 lines
10-23 14:08:18.024  1449  2279 I chatty  : uid=1000(system) Binder:1449_9 expire 20 lines
10-23 14:08:18.064  1449  2302 I chatty  : uid=1000(system) Binder:1449_A expire 9 lines
10-23 14:08:18.078  1449  2886 I chatty  : uid=1000(system) Binder:1449_F expire 30 lines
10-23 14:08:18.233  1449  2887 I chatty  : uid=1000(system) Binder:1449_10 expire 6 lines
10-23 14:08:18.406  1449  1449 I chatty  : uid=1000 system_server expire 2 lines
10-23 14:08:18.452  1449  2193 I chatty  : uid=1000(system) Binder:1449_8 expire 14 lines
10-23 14:08:18.468  1449  4490 I chatty  : uid=1000(system) Binder:1449_14 expire 90 lines
10-23 14:08:18.482  1449  1951 I chatty  : uid=1000(system) uteStateMachine expire 10 lines
10-23 14:08:18.484  1449  1952 I chatty  : uid=1000(system) CallAudioModeSt expire 32 lines
10-23 14:08:18.488  1449  1485 I chatty  : uid=1000(system) ActivityManager expire 41 lines
10-23 14:08:18.488  1449  1449 I chatty  : uid=1000 system_server expire 3 lines
10-23 14:08:18.489  1449  5362 I chatty  : uid=1000 system_server expire 5 lines
10-23 14:08:18.501  1449  2302 I chatty  : uid=1000(system) Binder:1449_A expire 12 lines
10-23 14:08:18.545  1449  2185 I chatty  : uid=1000(system) Binder:1449_7 expire 14 lines
10-23 14:08:18.567  1449  2044 I chatty  : uid=1000(system) Binder:1449_6 expire 7 lines
10-23 14:08:18.582  1449  4489 I chatty  : uid=1000(system) Binder:1449_13 expire 3 lines
10-23 14:08:18.583  1449  4487 I chatty  : uid=1000(system) Binder:1449_11 expire 9 lines
10-23 14:08:18.603  1449  2279 I chatty  : uid=1000(system) Binder:1449_9 expire 2 lines
10-23 14:08:18.625  1449  4498 I chatty  : uid=1000 system_server expire 3 lines
10-23 14:08:18.627  1449  1475 I chatty  : uid=1000(system) Binder:1449_2 expire 24 lines
10-23 14:08:18.655  1449  4489 I chatty  : uid=1000(system) Binder:1449_13 expire 20 lines
10-23 14:08:18.670  1449  2279 I chatty  : uid=1000(system) Binder:1449_9 expire 11 lines
10-23 14:08:18.717  1449  4498 I chatty  : uid=1000 system_server expire 9 lines
10-23 14:08:18.719  1449  2347 I chatty  : uid=1000(system) Binder:1449_D expire 5 lines
10-23 14:08:18.735  1449  1485 I chatty  : uid=1000(system) ActivityManager expire 47 lines
10-23 14:08:18.737  1449  2886 I chatty  : uid=1000(system) Binder:1449_F expire 5 lines
10-23 14:08:18.745  1449  2185 I chatty  : uid=1000(system) Binder:1449_7 expire 6 lines
10-23 14:08:18.756  1449  4487 I chatty  : uid=1000(system) Binder:1449_11 expire 6 lines
10-23 14:08:18.762  1449  2044 I chatty  : uid=1000(system) Binder:1449_6 expire 3 lines
10-23 14:08:18.822  1449  2303 I chatty  : uid=1000(system) Binder:1449_B expire 9 lines
10-23 14:08:18.822  1449  2302 I chatty  : uid=1000(system) Binder:1449_A expire 24 lines
10-23 14:08:18.843  1449  2388 I chatty  : uid=1000(system) Binder:1449_E expire 12 lines
10-23 14:08:18.858  1449  5362 I chatty  : uid=1000 system_server expire 2 lines
10-23 14:08:18.859  1449  1449 I chatty  : uid=1000 system_server expire 3 lines
10-23 14:08:18.861  1449  1952 I chatty  : uid=1000(system) CallAudioModeSt expire 53 lines
10-23 14:08:18.863  1449  1474 I chatty  : uid=1000(system) Binder:1449_1 expire 3 lines
10-23 14:08:18.868  1449  1657 I chatty  : uid=1000(system) Binder:1449_4 expire 12 lines
10-23 14:08:18.883  1449  2887 I chatty  : uid=1000(system) Binder:1449_10 expire 8 lines
10-23 14:08:18.887  1449  4488 I chatty  : uid=1000(system) Binder:1449_12 expire 3 lines
10-23 14:08:18.934  1449  1656 I chatty  : uid=1000(system) Binder:1449_3 expire 4 lines
10-23 14:08:19.057  1449  1952 I chatty  : uid=1000(system) CallAudioModeSt expire 11 lines
10-23 14:08:19.059  1449  2303 I chatty  : uid=1000(system) Binder:1449_B expire 23 lines
10-23 14:08:19.071  1449  1951 I chatty  : uid=1000(system) uteStateMachine expire 9 lines
10-23 14:08:19.143  1449  2193 I chatty  : uid=1000(system) Binder:1449_8 expire 8 lines
10-23 14:08:19.427  1449  4489 I chatty  : uid=1000(system) Binder:1449_13 expire 18 lines
10-23 14:08:19.443  1449  2388 I chatty  : uid=1000(system) Binder:1449_E expire 24 lines
10-23 14:08:19.454  1449  2886 I chatty  : uid=1000(system) Binder:1449_F expire 6 lines
10-23 14:08:19.461  1449  1474 I chatty  : uid=1000(system) Binder:1449_1 expire 12 lines
10-23 14:08:19.467  1449  2185 I chatty  : uid=1000(system) Binder:1449_7 expire 14 lines
10-23 14:08:19.473  1449  4487 I chatty  : uid=1000(system) Binder:1449_11 expire 12 lines
10-23 14:08:19.480  1449  2347 I chatty  : uid=1000(system) Binder:1449_D expire 12 lines
10-23 14:08:19.489  1449  2302 I chatty  : uid=1000(system) Binder:1449_A expire 17 lines
10-23 14:08:19.497  1449  1657 I chatty  : uid=1000(system) Binder:1449_4 expire 18 lines
10-23 14:08:19.505  1449  2279 I chatty  : uid=1000(system) Binder:1449_9 expire 12 lines
10-23 14:08:19.558  1449  2340 I chatty  : uid=1000(system) Binder:1449_C expire 9 lines
10-23 14:08:19.565  1449  2044 I chatty  : uid=1000(system) Binder:1449_6 expire 26 lines
10-23 14:08:19.636  1449  1475 I chatty  : uid=1000(system) Binder:1449_2 expire 15 lines
10-23 14:08:19.706  1449  1507 I chatty  : uid=1000(system) android.display expire 1 line
10-23 14:08:19.728  1449  4490 I chatty  : uid=1000(system) Binder:1449_14 expire 12 lines
10-23 14:08:19.996  1449  1475 I chatty  : uid=1000(system) Binder:1449_2 expire 26 lines
10-23 14:08:20.001  1449  2388 I chatty  : uid=1000(system) Binder:1449_E expire 9 lines
10-23 14:08:20.028  1449  2347 I chatty  : uid=1000(system) Binder:1449_D expire 15 lines
10-23 14:08:20.136  1449  2185 I chatty  : uid=1000(system) Binder:1449_7 expire 6 lines
10-23 14:08:20.151  1449  2279 I chatty  : uid=1000(system) Binder:1449_9 expire 15 lines
10-23 14:08:20.201  1449  2340 I chatty  : uid=1000(system) Binder:1449_C expire 33 lines
10-23 14:08:20.303  1449  2303 I chatty  : uid=1000(system) Binder:1449_B expire 12 lines
10-23 14:08:20.324  1449  2886 I chatty  : uid=1000(system) Binder:1449_F expire 18 lines
10-23 14:08:20.415  1449  1474 I chatty  : uid=1000(system) Binder:1449_1 expire 27 lines
10-23 14:08:20.492  1449  2887 I chatty  : uid=1000(system) Binder:1449_10 expire 17 lines
10-23 14:08:20.534  1449  1657 I chatty  : uid=1000(system) Binder:1449_4 expire 18 lines
10-23 14:08:20.646  1449  1449 I chatty  : uid=1000 system_server expire 10 lines
10-23 14:08:20.752  1449  1656 I chatty  : uid=1000(system) Binder:1449_3 expire 6 lines
10-23 14:08:20.775  1449  4488 I chatty  : uid=1000(system) Binder:1449_12 expire 15 lines
10-23 14:08:20.970  1449  2044 I chatty  : uid=1000(system) Binder:1449_6 expire 6 lines
10-23 14:08:21.153  1449  1507 I chatty  : uid=1000(system) android.display expire 1 line
10-23 14:08:21.239  1449  4489 I chatty  : uid=1000(system) Binder:1449_13 expire 3 lines
10-23 14:08:21.253  1449  2193 I chatty  : uid=1000(system) Binder:1449_8 expire 21 lines
10-23 14:08:21.344  1449  2347 I chatty  : uid=1000(system) Binder:1449_D expire 51 lines
10-23 14:08:21.382  1449  2302 I chatty  : uid=1000(system) Binder:1449_A expire 15 lines
10-23 14:08:21.504  1449  2886 I chatty  : uid=1000(system) Binder:1449_F expire 12 lines
10-23 14:08:21.553  1449  1657 I chatty  : uid=1000(system) Binder:1449_4 expire 30 lines
10-23 14:08:21.664  1449  1474 I chatty  : uid=1000(system) Binder:1449_1 expire 18 lines
10-23 14:08:21.692  1449  2388 I chatty  : uid=1000(system) Binder:1449_E expire 18 lines
10-23 14:08:21.780  1449  2044 I chatty  : uid=1000(system) Binder:1449_6 expire 36 lines
10-23 14:08:21.827  1449  2303 I chatty  : uid=1000(system) Binder:1449_B expire 30 lines
10-23 14:08:21.970  1449  2279 I chatty  : uid=1000(system) Binder:1449_9 expire 10 lines
10-23 14:08:22.065  1449  4490 I chatty  : uid=1000(system) Binder:1449_14 expire 6 lines
10-23 14:08:22.070  1449  2340 I chatty  : uid=1000(system) Binder:1449_C expire 9 lines
10-23 14:08:22.690  1449  2887 I chatty  : uid=1000(system) Binder:1449_10 expire 3 lines
10-23 14:08:25.864  4549  4549 V Telecom : Logging: START_SESSION: UCA.oC@ABs
10-23 14:08:25.868  4549  4549 D Telecom : UserCallIntentProcessor: processOutgoingCallIntent videoState = 0: UCA.oC@ABs
10-23 14:08:25.868  4549  4549 D Telecom : UserCallIntentProcessor: Sending broadcast as user to CallReceiver: UCA.oC@ABs
10-23 14:08:25.871  1449  1485 I chatty  : uid=1000(system) ActivityManager expire 7 lines
10-23 14:08:25.871  4549  4549 V Telecom : Logging: END_SUBSESSION (dur: 7 mS): UCA.oC@ABs
10-23 14:08:25.871  4549  4549 V Telecom : Logging: END_SESSION (dur: 7 ms): UCA.oC@ABs
10-23 14:08:25.876  1449  1449 I chatty  : uid=1000 system_server expire 114 lines
10-23 14:08:25.878  1449  2044 I chatty  : uid=1000(system) Binder:1449_6 expire 1 line
10-23 14:08:25.889  1449  4487 I chatty  : uid=1000(system) Binder:1449_11 expire 1 line
10-23 14:08:25.904  1449  1951 I chatty  : uid=1000(system) uteStateMachine expire 17 lines
10-23 14:08:25.906  1449  1952 I chatty  : uid=1000(system) CallAudioModeSt expire 64 lines
10-23 14:08:25.928  1449  4490 I chatty  : uid=1000(system) Binder:1449_14 expire 1 line
10-23 14:08:25.933  1449  1485 I chatty  : uid=1000(system) ActivityManager expire 36 lines
10-23 14:08:25.933  1449  1475 I chatty  : uid=1000(system) Binder:1449_2 expire 2 lines
10-23 14:08:25.949  1449  4489 I chatty  : uid=1000(system) Binder:1449_13 expire 1 line
10-23 14:08:25.964  1449  2340 I chatty  : uid=1000(system) Binder:1449_C expire 5 lines
10-23 14:08:25.986  1449  4488 I chatty  : uid=1000(system) Binder:1449_12 expire 9 lines
10-23 14:08:26.036  1449  2193 I chatty  : uid=1000(system) Binder:1449_8 expire 17 lines
10-23 14:08:26.042  4442  4442 I SystemServiceRegistry: AttrName service = null
10-23 14:08:26.042  4442  4442 I AttrNameManager: <<<<<<<<<mService = null
10-23 14:08:26.105  1449  1449 I chatty  : uid=1000 system_server expire 12 lines
10-23 14:08:26.106  1449  2340 I chatty  : uid=1000(system) Binder:1449_C expire 1 line
10-23 14:08:26.107  1449  4489 I chatty  : uid=1000(system) Binder:1449_13 expire 5 lines
10-23 14:08:26.113  1449  2887 I chatty  : uid=1000(system) Binder:1449_10 expire 9 lines
10-23 14:08:26.138  1449  2886 I chatty  : uid=1000(system) Binder:1449_F expire 3 lines
10-23 14:08:26.149  1449  2044 I chatty  : uid=1000(system) Binder:1449_6 expire 6 lines
10-23 14:08:26.151  1449  2279 I chatty  : uid=1000(system) Binder:1449_9 expire 8 lines
10-23 14:08:26.164  1449  4488 I chatty  : uid=1000(system) Binder:1449_12 expire 20 lines
10-23 14:08:26.167  1449  2303 I chatty  : uid=1000(system) Binder:1449_B expire 61 lines
10-23 14:08:26.175  1449  1952 I chatty  : uid=1000(system) CallAudioModeSt expire 6 lines
10-23 14:08:26.178  1449  4487 I chatty  : uid=1000(system) Binder:1449_11 expire 2 lines
10-23 14:08:26.199  1449  1485 I chatty  : uid=1000(system) ActivityManager expire 41 lines
10-23 14:08:26.213  1449  1951 I chatty  : uid=1000(system) uteStateMachine expire 12 lines
10-23 14:08:26.215  1449  2185 I chatty  : uid=1000(system) Binder:1449_7 expire 2 lines
10-23 14:08:26.227  1449  1657 I chatty  : uid=1000(system) Binder:1449_4 expire 12 lines
10-23 14:08:26.233  1449  4490 I chatty  : uid=1000(system) Binder:1449_14 expire 6 lines
10-23 14:08:26.234  1449  1918 I chatty  : uid=1000(system) Binder:1449_5 expire 14 lines
10-23 14:08:26.247  1449  2302 I chatty  : uid=1000(system) Binder:1449_A expire 12 lines
10-23 14:08:26.269  1449  2347 I chatty  : uid=1000(system) Binder:1449_D expire 9 lines
10-23 14:08:26.299  1449  1474 I chatty  : uid=1000(system) Binder:1449_1 expire 26 lines
10-23 14:08:26.319  1449  2886 I chatty  : uid=1000(system) Binder:1449_F expire 14 lines
10-23 14:08:26.325  1449  4487 I chatty  : uid=1000(system) Binder:1449_11 expire 12 lines
10-23 14:08:26.328  1449  1475 I chatty  : uid=1000(system) Binder:1449_2 expire 14 lines
10-23 14:08:26.333  1449  1918 I chatty  : uid=1000(system) Binder:1449_5 expire 29 lines
10-23 14:08:26.334  1449  2193 I chatty  : uid=1000(system) Binder:1449_8 expire 30 lines
10-23 14:08:26.338  1449  2347 I chatty  : uid=1000(system) Binder:1449_D expire 10 lines
10-23 14:08:26.342  1449  2887 I chatty  : uid=1000(system) Binder:1449_10 expire 18 lines
10-23 14:08:26.355  1449  2302 I chatty  : uid=1000(system) Binder:1449_A expire 9 lines
10-23 14:08:26.393  1449  2303 I chatty  : uid=1000(system) Binder:1449_B expire 8 lines
10-23 14:08:26.397  1449  2388 I chatty  : uid=1000(system) Binder:1449_E expire 9 lines
10-23 14:08:26.403  1449  2044 I chatty  : uid=1000(system) Binder:1449_6 expire 39 lines
10-23 14:08:26.409  1449  4490 I chatty  : uid=1000(system) Binder:1449_14 expire 6 lines
10-23 14:08:26.414  1449  2279 I chatty  : uid=1000(system) Binder:1449_9 expire 6 lines
10-23 14:08:26.432  1449  1657 I chatty  : uid=1000(system) Binder:1449_4 expire 6 lines
10-23 14:08:26.461  1449  4488 I chatty  : uid=1000(system) Binder:1449_12 expire 6 lines
10-23 14:08:26.561  1449  1656 I chatty  : uid=1000(system) Binder:1449_3 expire 3 lines
10-23 14:08:26.617  1449  4489 I chatty  : uid=1000(system) Binder:1449_13 expire 24 lines
10-23 14:08:26.677  1449  2347 I chatty  : uid=1000(system) Binder:1449_D expire 4 lines
10-23 14:08:26.689  1449  4490 I chatty  : uid=1000(system) Binder:1449_14 expire 12 lines
10-23 14:08:26.747  1449  2303 I chatty  : uid=1000(system) Binder:1449_B expire 12 lines
10-23 14:08:26.752  1449  2279 I chatty  : uid=1000(system) Binder:1449_9 expire 15 lines
10-23 14:08:26.773  1449  2887 I chatty  : uid=1000(system) Binder:1449_10 expire 24 lines
10-23 14:08:26.827  1449  2185 I chatty  : uid=1000(system) Binder:1449_7 expire 18 lines
10-23 14:08:26.833  1449  1474 I chatty  : uid=1000(system) Binder:1449_1 expire 6 lines
10-23 14:08:26.840  1449  1475 I chatty  : uid=1000(system) Binder:1449_2 expire 15 lines
10-23 14:08:26.858  1449  1657 I chatty  : uid=1000(system) Binder:1449_4 expire 21 lines
10-23 14:08:26.885  1449  1918 I chatty  : uid=1000(system) Binder:1449_5 expire 14 lines
10-23 14:08:26.932  1449  4488 I chatty  : uid=1000(system) Binder:1449_12 expire 15 lines
10-23 14:08:26.935  1723  1723 I SystemServiceRegistry: AttrName service = null
10-23 14:08:26.935  1723  1723 I AttrNameManager: <<<<<<<<<mService = null
10-23 14:08:26.938  1449  2044 I chatty  : uid=1000(system) Binder:1449_6 expire 17 lines
10-23 14:08:26.952  1449  2340 I chatty  : uid=1000(system) Binder:1449_C expire 8 lines
10-23 14:08:26.965  1449  2886 I chatty  : uid=1000(system) Binder:1449_F expire 12 lines
10-23 14:08:27.010  1449  2388 I chatty  : uid=1000(system) Binder:1449_E expire 15 lines
10-23 14:08:27.055  1449  2302 I chatty  : uid=1000(system) Binder:1449_A expire 8 lines
10-23 14:08:27.236  1449  4487 I chatty  : uid=1000(system) Binder:1449_11 expire 15 lines
10-23 14:08:27.306  1449  1656 I chatty  : uid=1000(system) Binder:1449_3 expire 12 lines
10-23 14:08:27.346  1449  2303 I chatty  : uid=1000(system) Binder:1449_B expire 12 lines
10-23 14:08:27.348  1449  2887 I chatty  : uid=1000(system) Binder:1449_10 expire 6 lines
10-23 14:08:27.361  1449  2185 I chatty  : uid=1000(system) Binder:1449_7 expire 33 lines
10-23 14:08:27.380  1449  4488 I chatty  : uid=1000(system) Binder:1449_12 expire 24 lines
10-23 14:08:27.385  1449  1474 I chatty  : uid=1000(system) Binder:1449_1 expire 29 lines
10-23 14:08:27.416  1449  1475 I chatty  : uid=1000(system) Binder:1449_2 expire 15 lines
10-23 14:08:27.419  1449  2340 I chatty  : uid=1000(system) Binder:1449_C expire 24 lines
10-23 14:08:27.422  1449  2193 I chatty  : uid=1000(system) Binder:1449_8 expire 30 lines
10-23 14:08:27.437  1449  4487 I chatty  : uid=1000(system) Binder:1449_11 expire 24 lines
10-23 14:08:27.570  1449  1918 I chatty  : uid=1000(system) Binder:1449_5 expire 18 lines
10-23 14:08:27.618  1449  2302 I chatty  : uid=1000(system) Binder:1449_A expire 6 lines
10-23 14:08:27.870  1449  2388 I chatty  : uid=1000(system) Binder:1449_E expire 6 lines
10-23 14:08:27.875  1449  2347 I chatty  : uid=1000(system) Binder:1449_D expire 3 lines
10-23 14:08:27.994  1449  2279 I chatty  : uid=1000(system) Binder:1449_9 expire 6 lines
10-23 14:08:28.107  1449  1657 I chatty  : uid=1000(system) Binder:1449_4 expire 7 lines
10-23 14:08:28.327  1449  2044 I chatty  : uid=1000(system) Binder:1449_6 expire 18 lines
10-23 14:08:28.351  1449  1657 I chatty  : uid=1000(system) Binder:1449_4 expire 1 line
10-23 14:08:28.359  1449  2388 I chatty  : uid=1000(system) Binder:1449_E expire 9 lines
10-23 14:08:28.366  1449  1656 I chatty  : uid=1000(system) Binder:1449_3 expire 21 lines
10-23 14:08:28.379  1449  2887 I chatty  : uid=1000(system) Binder:1449_10 expire 10 lines
10-23 14:08:28.402  1449  4488 I chatty  : uid=1000(system) Binder:1449_12 expire 8 lines
10-23 14:08:28.402  1449  2303 I chatty  : uid=1000(system) Binder:1449_B expire 22 lines
10-23 14:08:28.440  1449  1475 I chatty  : uid=1000(system) Binder:1449_2 expire 3 lines
10-23 14:08:28.454  1449  2886 I chatty  : uid=1000(system) Binder:1449_F expire 15 lines
10-23 14:08:28.527  1449  4489 I chatty  : uid=1000(system) Binder:1449_13 expire 14 lines
10-23 14:08:28.576  1449  2340 I chatty  : uid=1000(system) Binder:1449_C expire 6 lines
10-23 14:08:28.685  1449  2193 I chatty  : uid=1000(system) Binder:1449_8 expire 4 lines
10-23 14:08:28.721  1449  2279 I chatty  : uid=1000(system) Binder:1449_9 expire 4 lines
10-23 14:08:28.732  1449  4487 I chatty  : uid=1000(system) Binder:1449_11 expire 60 lines
10-23 14:08:28.749  1449  1951 I chatty  : uid=1000(system) uteStateMachine expire 7 lines
10-23 14:08:28.752  1449  1952 I chatty  : uid=1000(system) CallAudioModeSt expire 14 lines
10-23 14:08:28.754  1449  1449 I chatty  : uid=1000 system_server expire 2 lines
10-23 14:08:28.756  1449  1485 I chatty  : uid=1000(system) ActivityManager expire 36 lines
10-23 14:08:28.757  1449  5383 I chatty  : uid=1000 system_server expire 4 lines
10-23 14:08:28.784  1449  1918 I chatty  : uid=1000(system) Binder:1449_5 expire 14 lines
10-23 14:08:28.801  1449  2303 I chatty  : uid=1000(system) Binder:1449_B expire 5 lines
10-23 14:08:28.801  1449  4487 I chatty  : uid=1000(system) Binder:1449_11 expire 30 lines
10-23 14:08:28.801  1449  1485 I chatty  : uid=1000(system) ActivityManager expire 14 lines
10-23 14:08:28.803  1449  1952 I chatty  : uid=1000(system) CallAudioModeSt expire 38 lines
10-23 14:08:28.811  1449  1657 I chatty  : uid=1000(system) Binder:1449_4 expire 17 lines
10-23 14:08:28.814  1449  4403 I chatty  : uid=1000 system_server expire 12 lines
10-23 14:08:28.828  1449  2193 I chatty  : uid=1000(system) Binder:1449_8 expire 12 lines
10-23 14:08:28.831  1449  1449 I chatty  : uid=1000 system_server expire 4 lines
10-23 14:08:28.834  1449  2887 I chatty  : uid=1000(system) Binder:1449_10 expire 2 lines
10-23 14:08:28.846  1449  5383 I chatty  : uid=1000 system_server expire 3 lines
10-23 14:08:28.852  1449  1474 I chatty  : uid=1000(system) Binder:1449_1 expire 2 lines
10-23 14:08:28.855  1449  2044 I chatty  : uid=1000(system) Binder:1449_6 expire 9 lines
10-23 14:08:28.869  1449  1951 I chatty  : uid=1000(system) uteStateMachine expire 3 lines
10-23 14:08:28.870  1449  2388 I chatty  : uid=1000(system) Binder:1449_E expire 3 lines
10-23 14:08:28.872  1449  2340 I chatty  : uid=1000(system) Binder:1449_C expire 18 lines
10-23 14:08:28.883  1449  2185 I chatty  : uid=1000(system) Binder:1449_7 expire 12 lines
10-23 14:08:28.907  1449  2886 I chatty  : uid=1000(system) Binder:1449_F expire 2 lines
10-23 14:08:28.974  1449  1475 I chatty  : uid=1000(system) Binder:1449_2 expire 14 lines
10-23 14:08:28.978  1449  2347 I chatty  : uid=1000(system) Binder:1449_D expire 6 lines
10-23 14:08:28.999  1449  2302 I chatty  : uid=1000(system) Binder:1449_A expire 15 lines
10-23 14:08:29.007  1449  4489 I chatty  : uid=1000(system) Binder:1449_13 expire 15 lines
10-23 14:08:29.023  1449  1656 I chatty  : uid=1000(system) Binder:1449_3 expire 2 lines
10-23 14:08:29.126  1449  2279 I chatty  : uid=1000(system) Binder:1449_9 expire 20 lines
10-23 14:08:29.224  1449  1485 I chatty  : uid=1000(system) ActivityManager expire 40 lines
10-23 14:08:29.225  1449  1952 I chatty  : uid=1000(system) CallAudioModeSt expire 44 lines
10-23 14:08:29.247  1449  1951 I chatty  : uid=1000(system) uteStateMachine expire 9 lines
10-23 14:08:29.286  1449  2193 I chatty  : uid=1000(system) Binder:1449_8 expire 8 lines
10-23 14:08:29.304  1449  4487 I chatty  : uid=1000(system) Binder:1449_11 expire 8 lines
10-23 14:08:29.324  1449  1656 I chatty  : uid=1000(system) Binder:1449_3 expire 14 lines
10-23 14:08:29.430  1449  2302 I chatty  : uid=1000(system) Binder:1449_A expire 8 lines
10-23 14:08:29.742  1449  2303 I chatty  : uid=1000(system) Binder:1449_B expire 14 lines
10-23 14:08:29.819  1449  2347 I chatty  : uid=1000(system) Binder:1449_D expire 6 lines
10-23 14:08:29.827  1449  1475 I chatty  : uid=1000(system) Binder:1449_2 expire 6 lines
10-23 14:08:29.842  1449  1474 I chatty  : uid=1000(system) Binder:1449_1 expire 6 lines
10-23 14:08:29.848  1449  4489 I chatty  : uid=1000(system) Binder:1449_13 expire 6 lines
10-23 14:08:29.854  1449  4490 I chatty  : uid=1000(system) Binder:1449_14 expire 6 lines
10-23 14:08:29.860  1449  2887 I chatty  : uid=1000(system) Binder:1449_10 expire 12 lines
10-23 14:08:29.867  1449  2886 I chatty  : uid=1000(system) Binder:1449_F expire 12 lines
10-23 14:08:29.875  1449  2388 I chatty  : uid=1000(system) Binder:1449_E expire 6 lines
10-23 14:08:29.882  1449  4488 I chatty  : uid=1000(system) Binder:1449_12 expire 6 lines
10-23 14:08:29.890  1449  1918 I chatty  : uid=1000(system) Binder:1449_5 expire 6 lines
10-23 14:08:29.902  1449  2340 I chatty  : uid=1000(system) Binder:1449_C expire 12 lines
10-23 14:08:29.909  1449  1657 I chatty  : uid=1000(system) Binder:1449_4 expire 6 lines
10-23 14:08:29.915  1449  2185 I chatty  : uid=1000(system) Binder:1449_7 expire 14 lines
10-23 14:08:29.994  1449  2302 I chatty  : uid=1000(system) Binder:1449_A expire 8 lines
10-23 14:08:30.014  1449  4490 I chatty  : uid=1000(system) Binder:1449_14 expire 6 lines
10-23 14:08:30.025  1449  2279 I chatty  : uid=1000(system) Binder:1449_9 expire 21 lines
10-23 14:08:30.046  1449  2886 I chatty  : uid=1000(system) Binder:1449_F expire 13 lines
10-23 14:08:30.090  1449  1507 I chatty  : uid=1000(system) android.display expire 1 line
10-23 14:08:30.166  1449  1657 I chatty  : uid=1000(system) Binder:1449_4 expire 5 lines
10-23 14:08:30.178  1449  4487 I chatty  : uid=1000(system) Binder:1449_11 expire 2 lines
10-23 14:08:30.188  1449  2347 I chatty  : uid=1000(system) Binder:1449_D expire 2 lines
10-23 14:08:30.198  1449  1656 I chatty  : uid=1000(system) Binder:1449_3 expire 12 lines
10-23 14:08:30.232  1449  1474 I chatty  : uid=1000(system) Binder:1449_1 expire 6 lines
10-23 14:08:30.236  1449  4489 I chatty  : uid=1000(system) Binder:1449_13 expire 3 lines
10-23 14:08:30.316  1449  1918 I chatty  : uid=1000(system) Binder:1449_5 expire 1 line
10-23 14:08:30.333  4549  4549 V Telecom : Logging: START_SESSION: UCA.oC@ABw
10-23 14:08:30.337  4549  4549 D Telecom : UserCallIntentProcessor: processOutgoingCallIntent videoState = 0: UCA.oC@ABw
10-23 14:08:30.337  4549  4549 D Telecom : UserCallIntentProcessor: Sending broadcast as user to CallReceiver: UCA.oC@ABw
10-23 14:08:30.338  1449  2887 I chatty  : uid=1000(system) Binder:1449_10 expire 6 lines
10-23 14:08:30.339  1449  1485 I chatty  : uid=1000(system) ActivityManager expire 49 lines
10-23 14:08:30.339  4549  4549 V Telecom : Logging: END_SUBSESSION (dur: 6 mS): UCA.oC@ABw
10-23 14:08:30.339  4549  4549 V Telecom : Logging: END_SESSION (dur: 6 ms): UCA.oC@ABw
10-23 14:08:30.343  1449  1449 I chatty  : uid=1000 system_server expire 61 lines
10-23 14:08:30.357  1449  4488 I chatty  : uid=1000(system) Binder:1449_12 expire 1 line
10-23 14:08:30.363  1449  1951 I chatty  : uid=1000(system) uteStateMachine expire 7 lines
10-23 14:08:30.367  1449  1952 I chatty  : uid=1000(system) CallAudioModeSt expire 46 lines
10-23 14:08:30.378  1449  2193 I chatty  : uid=1000(system) Binder:1449_8 expire 3 lines
10-23 14:08:30.469  1449  1952 I chatty  : uid=1000(system) CallAudioModeSt expire 24 lines
10-23 14:08:30.470  1449  1485 I chatty  : uid=1000(system) ActivityManager expire 32 lines
10-23 14:08:30.476  1449  1951 I chatty  : uid=1000(system) uteStateMachine expire 15 lines
10-23 14:08:30.520  1449  1656 I chatty  : uid=1000(system) Binder:1449_3 expire 3 lines
10-23 14:08:30.523  1449  2185 I chatty  : uid=1000(system) Binder:1449_7 expire 10 lines
10-23 14:08:30.535  1449  1449 I chatty  : uid=1000 system_server expire 43 lines
10-23 14:08:30.548  1449  1918 I chatty  : uid=1000(system) Binder:1449_5 expire 5 lines
10-23 14:08:30.568  1449  2887 I chatty  : uid=1000(system) Binder:1449_10 expire 6 lines
10-23 14:08:30.571  1449  4490 I chatty  : uid=1000(system) Binder:1449_14 expire 5 lines
10-23 14:08:30.575  1449  2302 I chatty  : uid=1000(system) Binder:1449_A expire 58 lines
10-23 14:08:30.580  1449  2044 I chatty  : uid=1000(system) Binder:1449_6 expire 19 lines
10-23 14:08:30.584  1449  1474 I chatty  : uid=1000(system) Binder:1449_1 expire 12 lines
10-23 14:08:30.600  1449  1657 I chatty  : uid=1000(system) Binder:1449_4 expire 2 lines
10-23 14:08:30.605  1449  2388 I chatty  : uid=1000(system) Binder:1449_E expire 4 lines
10-23 14:08:30.607  1449  2279 I chatty  : uid=1000(system) Binder:1449_9 expire 11 lines
10-23 14:08:30.616  1449  2340 I chatty  : uid=1000(system) Binder:1449_C expire 2 lines
10-23 14:08:30.629  1449  4488 I chatty  : uid=1000(system) Binder:1449_12 expire 2 lines
10-23 14:08:30.645  1449  2303 I chatty  : uid=1000(system) Binder:1449_B expire 4 lines
10-23 14:08:30.674  1449  2302 I chatty  : uid=1000(system) Binder:1449_A expire 4 lines
10-23 14:08:30.674  1449  1951 I chatty  : uid=1000(system) uteStateMachine expire 7 lines
10-23 14:08:30.675  1449  2044 I chatty  : uid=1000(system) Binder:1449_6 expire 26 lines
10-23 14:08:30.678  1449  2279 I chatty  : uid=1000(system) Binder:1449_9 expire 17 lines
10-23 14:08:30.681  1449  1475 I chatty  : uid=1000(system) Binder:1449_2 expire 21 lines
10-23 14:08:30.683  1449  2185 I chatty  : uid=1000(system) Binder:1449_7 expire 7 lines
10-23 14:08:30.683  1449  1657 I chatty  : uid=1000(system) Binder:1449_4 expire 32 lines
10-23 14:08:30.690  1449  1485 I chatty  : uid=1000(system) ActivityManager expire 7 lines
10-23 14:08:30.691  1449  2340 I chatty  : uid=1000(system) Binder:1449_C expire 6 lines
10-23 14:08:30.696  1449  4489 I chatty  : uid=1000(system) Binder:1449_13 expire 15 lines
10-23 14:08:30.705  1449  1918 I chatty  : uid=1000(system) Binder:1449_5 expire 27 lines
10-23 14:08:30.713  1449  4488 I chatty  : uid=1000(system) Binder:1449_12 expire 24 lines
10-23 14:08:30.759  1449  1656 I chatty  : uid=1000(system) Binder:1449_3 expire 6 lines
10-23 14:08:30.802  1449  2886 I chatty  : uid=1000(system) Binder:1449_F expire 6 lines
10-23 14:08:30.806  1449  4490 I chatty  : uid=1000(system) Binder:1449_14 expire 8 lines
10-23 14:08:30.832  1449  1449 I chatty  : uid=1000 system_server expire 3 lines
10-23 14:08:30.849  1723  1723 I SystemServiceRegistry: AttrName service = null
10-23 14:08:30.850  1723  1723 I AttrNameManager: <<<<<<<<<mService = null
10-23 14:08:30.910  1449  2193 I chatty  : uid=1000(system) Binder:1449_8 expire 5 lines
10-23 14:08:30.919  1449  2887 I chatty  : uid=1000(system) Binder:1449_10 expire 5 lines
10-23 14:08:30.938  1449  1474 I chatty  : uid=1000(system) Binder:1449_1 expire 14 lines
10-23 14:08:30.964  1449  2388 I chatty  : uid=1000(system) Binder:1449_E expire 24 lines
10-23 14:08:31.021  4442  4442 I SystemServiceRegistry: AttrName service = null
10-23 14:08:31.021  4442  4442 I AttrNameManager: <<<<<<<<<mService = null
10-23 14:08:31.044  1449  2887 I chatty  : uid=1000(system) Binder:1449_10 expire 19 lines
10-23 14:08:31.050  1449  1474 I chatty  : uid=1000(system) Binder:1449_1 expire 18 lines
10-23 14:08:31.056  1449  2302 I chatty  : uid=1000(system) Binder:1449_A expire 12 lines
10-23 14:08:31.062  1449  2303 I chatty  : uid=1000(system) Binder:1449_B expire 17 lines
10-23 14:08:31.067  1449  2340 I chatty  : uid=1000(system) Binder:1449_C expire 24 lines
10-23 14:08:31.074  1449  4488 I chatty  : uid=1000(system) Binder:1449_12 expire 12 lines
10-23 14:08:31.082  1449  1475 I chatty  : uid=1000(system) Binder:1449_2 expire 13 lines
10-23 14:08:31.087  1449  1918 I chatty  : uid=1000(system) Binder:1449_5 expire 11 lines
10-23 14:08:31.091  1449  4489 I chatty  : uid=1000(system) Binder:1449_13 expire 12 lines
10-23 14:08:31.109  1449  2886 I chatty  : uid=1000(system) Binder:1449_F expire 33 lines
10-23 14:08:31.145  1449  2185 I chatty  : uid=1000(system) Binder:1449_7 expire 15 lines
10-23 14:08:31.179  1449  1656 I chatty  : uid=1000(system) Binder:1449_3 expire 6 lines
10-23 14:08:31.201  1449  1657 I chatty  : uid=1000(system) Binder:1449_4 expire 18 lines
10-23 14:08:31.257  1449  4487 I chatty  : uid=1000(system) Binder:1449_11 expire 9 lines
10-23 14:08:31.285  1449  4490 I chatty  : uid=1000(system) Binder:1449_14 expire 18 lines
10-23 14:08:31.308  1449  2279 I chatty  : uid=1000(system) Binder:1449_9 expire 3 lines
10-23 14:08:31.348  1449  2347 I chatty  : uid=1000(system) Binder:1449_D expire 3 lines
10-23 14:08:31.385  1449  1507 I chatty  : uid=1000(system) android.display expire 1 line
10-23 14:08:31.398  1449  1475 I chatty  : uid=1000(system) Binder:1449_2 expire 29 lines
10-23 14:08:31.405  1449  2044 I chatty  : uid=1000(system) Binder:1449_6 expire 24 lines
10-23 14:08:31.415  1449  4490 I chatty  : uid=1000(system) Binder:1449_14 expire 26 lines
10-23 14:08:31.419  1449  1474 I chatty  : uid=1000(system) Binder:1449_1 expire 14 lines
10-23 14:08:31.423  1449  2887 I chatty  : uid=1000(system) Binder:1449_10 expire 6 lines
10-23 14:08:31.442  1449  2302 I chatty  : uid=1000(system) Binder:1449_A expire 33 lines
10-23 14:08:31.453  1449  2303 I chatty  : uid=1000(system) Binder:1449_B expire 3 lines
10-23 14:08:31.474  1449  2886 I chatty  : uid=1000(system) Binder:1449_F expire 18 lines
10-23 14:08:31.646  1449  2347 I chatty  : uid=1000(system) Binder:1449_D expire 15 lines
10-23 14:08:31.666  1449  2279 I chatty  : uid=1000(system) Binder:1449_9 expire 12 lines
10-23 14:08:31.723  1449  2340 I chatty  : uid=1000(system) Binder:1449_C expire 10 lines
10-23 14:08:31.726  1449  2185 I chatty  : uid=1000(system) Binder:1449_7 expire 23 lines
10-23 14:08:31.758  1449  2388 I chatty  : uid=1000(system) Binder:1449_E expire 3 lines
10-23 14:08:31.804  1449  1918 I chatty  : uid=1000(system) Binder:1449_5 expire 12 lines
10-23 14:08:31.825  1449  1656 I chatty  : uid=1000(system) Binder:1449_3 expire 12 lines
10-23 14:08:31.834  1449  4487 I chatty  : uid=1000(system) Binder:1449_11 expire 6 lines
10-23 14:08:31.882  1449  1657 I chatty  : uid=1000(system) Binder:1449_4 expire 9 lines
10-23 14:08:31.993  1449  2340 I chatty  : uid=1000(system) Binder:1449_C expire 14 lines
10-23 14:08:31.994  1449  2302 I chatty  : uid=1000(system) Binder:1449_A expire 24 lines
10-23 14:08:31.997  1449  4487 I chatty  : uid=1000(system) Binder:1449_11 expire 3 lines
10-23 14:08:32.018  1449  2044 I chatty  : uid=1000(system) Binder:1449_6 expire 27 lines
10-23 14:08:32.027  1449  4490 I chatty  : uid=1000(system) Binder:1449_14 expire 24 lines
10-23 14:08:32.082  1449  4488 I chatty  : uid=1000(system) Binder:1449_12 expire 15 lines
10-23 14:08:32.086  1449  1475 I chatty  : uid=1000(system) Binder:1449_2 expire 12 lines
10-23 14:08:32.195  1449  4489 I chatty  : uid=1000(system) Binder:1449_13 expire 18 lines
10-23 14:08:32.206  1449  1474 I chatty  : uid=1000(system) Binder:1449_1 expire 9 lines
10-23 14:08:32.207  1449  2388 I chatty  : uid=1000(system) Binder:1449_E expire 15 lines
10-23 14:08:32.213  1449  2303 I chatty  : uid=1000(system) Binder:1449_B expire 3 lines
10-23 14:08:32.222  1449  2193 I chatty  : uid=1000(system) Binder:1449_8 expire 41 lines
10-23 14:08:32.234  1449  2347 I chatty  : uid=1000(system) Binder:1449_D expire 15 lines
10-23 14:08:32.353  1449  2185 I chatty  : uid=1000(system) Binder:1449_7 expire 15 lines
10-23 14:08:32.402  1449  2887 I chatty  : uid=1000(system) Binder:1449_10 expire 5 lines
10-23 14:08:32.427  1449  1918 I chatty  : uid=1000(system) Binder:1449_5 expire 3 lines
10-23 14:08:32.441  1449  1656 I chatty  : uid=1000(system) Binder:1449_3 expire 12 lines
10-23 14:08:32.484  1449  4489 I chatty  : uid=1000(system) Binder:1449_13 expire 30 lines
10-23 14:08:32.489  1449  1474 I chatty  : uid=1000(system) Binder:1449_1 expire 2 lines
10-23 14:08:32.519  1449  2193 I chatty  : uid=1000(system) Binder:1449_8 expire 18 lines
10-23 14:08:32.533  1449  4490 I chatty  : uid=1000(system) Binder:1449_14 expire 18 lines
10-23 14:08:32.553  1449  2887 I chatty  : uid=1000(system) Binder:1449_10 expire 12 lines
10-23 14:08:32.580  1449  2302 I chatty  : uid=1000(system) Binder:1449_A expire 14 lines
10-23 14:08:32.585  1449  2279 I chatty  : uid=1000(system) Binder:1449_9 expire 3 lines
10-23 14:08:32.603  1449  2340 I chatty  : uid=1000(system) Binder:1449_C expire 18 lines
10-23 14:08:32.619  1449  2347 I chatty  : uid=1000(system) Binder:1449_D expire 10 lines
10-23 14:08:32.624  1449  1918 I chatty  : uid=1000(system) Binder:1449_5 expire 3 lines
10-23 14:08:32.637  1449  1657 I chatty  : uid=1000(system) Binder:1449_4 expire 14 lines
10-23 14:08:32.657  1449  4487 I chatty  : uid=1000(system) Binder:1449_11 expire 6 lines
10-23 14:08:32.705  1449  4488 I chatty  : uid=1000(system) Binder:1449_12 expire 12 lines
10-23 14:08:32.761  1449  1475 I chatty  : uid=1000(system) Binder:1449_2 expire 56 lines
10-23 14:08:32.775  1449  1952 I chatty  : uid=1000(system) CallAudioModeSt expire 6 lines
10-23 14:08:32.776  1449  5404 I chatty  : uid=1000 system_server expire 4 lines
10-23 14:08:32.776  1449  1449 I chatty  : uid=1000 system_server expire 2 lines
10-23 14:08:32.777  1449  1951 I chatty  : uid=1000(system) uteStateMachine expire 7 lines
10-23 14:08:32.782  1449  1485 I chatty  : uid=1000(system) ActivityManager expire 48 lines
10-23 14:08:32.790  1449  1475 I chatty  : uid=1000(system) Binder:1449_2 expire 34 lines
10-23 14:08:32.793  1449  1952 I chatty  : uid=1000(system) CallAudioModeSt expire 26 lines
10-23 14:08:32.796  1449  2044 I chatty  : uid=1000(system) Binder:1449_6 expire 12 lines
10-23 14:08:32.808  1449  4488 I chatty  : uid=1000(system) Binder:1449_12 expire 35 lines
10-23 14:08:32.859  1449  2340 I chatty  : uid=1000(system) Binder:1449_C expire 8 lines
10-23 14:08:32.860  1449  4490 I chatty  : uid=1000(system) Binder:1449_14 expire 7 lines
10-23 14:08:32.868  1449  2886 I chatty  : uid=1000(system) Binder:1449_F expire 5 lines
10-23 14:08:32.872  1449  1918 I chatty  : uid=1000(system) Binder:1449_5 expire 14 lines
10-23 14:08:32.877  1449  5404 I chatty  : uid=1000 system_server expire 1 line
10-23 14:08:32.892  1449  2185 I chatty  : uid=1000(system) Binder:1449_7 expire 12 lines
10-23 14:08:32.907  1449  4413 I chatty  : uid=1000 system_server expire 12 lines
10-23 14:08:32.909  1449  1449 I chatty  : uid=1000 system_server expire 1 line
10-23 14:08:32.912  1449  1474 I chatty  : uid=1000(system) Binder:1449_1 expire 9 lines
10-23 14:08:32.915  1449  1657 I chatty  : uid=1000(system) Binder:1449_4 expire 8 lines
10-23 14:08:32.931  1449  1951 I chatty  : uid=1000(system) uteStateMachine expire 3 lines
10-23 14:08:33.057  1449  4487 I chatty  : uid=1000(system) Binder:1449_11 expire 4 lines
10-23 14:08:33.061  1449  2302 I chatty  : uid=1000(system) Binder:1449_A expire 15 lines
10-23 14:08:33.073  1449  1656 I chatty  : uid=1000(system) Binder:1449_3 expire 3 lines
10-23 14:08:33.077  1449  2388 I chatty  : uid=1000(system) Binder:1449_E expire 20 lines
10-23 14:08:33.135  1449  2302 I chatty  : uid=1000(system) Binder:1449_A expire 3 lines
10-23 14:08:33.146  1449  1449 I chatty  : uid=1000 system_server expire 8 lines
10-23 14:08:33.161  1449  5404 I chatty  : uid=1000 system_server expire 2 lines
10-23 14:08:33.163  1449  1952 I chatty  : uid=1000(system) CallAudioModeSt expire 64 lines
10-23 14:08:33.192  1449  1485 I chatty  : uid=1000(system) ActivityManager expire 72 lines
10-23 14:08:33.205  1449  1656 I chatty  : uid=1000(system) Binder:1449_3 expire 3 lines
10-23 14:08:33.221  1449  2044 I chatty  : uid=1000(system) Binder:1449_6 expire 18 lines
10-23 14:08:33.242  1449  4489 I chatty  : uid=1000(system) Binder:1449_13 expire 8 lines
10-23 14:08:33.246  1449  2340 I chatty  : uid=1000(system) Binder:1449_C expire 12 lines
10-23 14:08:33.263  1449  1489 I chatty  : uid=1000(system) batterystats-sy expire 1 line
10-23 14:08:33.300  1449  4488 I chatty  : uid=1000(system) Binder:1449_12 expire 12 lines
10-23 14:08:33.341  1449  1951 I chatty  : uid=1000(system) uteStateMachine expire 9 lines
10-23 14:08:33.352  1449  1657 I chatty  : uid=1000(system) Binder:1449_4 expire 6 lines
10-23 14:08:33.356  1449  2303 I chatty  : uid=1000(system) Binder:1449_B expire 3 lines
10-23 14:08:33.370  1449  2347 I chatty  : uid=1000(system) Binder:1449_D expire 5 lines
10-23 14:08:33.372  1449  1474 I chatty  : uid=1000(system) Binder:1449_1 expire 13 lines
10-23 14:08:33.387  1449  1918 I chatty  : uid=1000(system) Binder:1449_5 expire 2 lines
10-23 14:08:33.397  1449  2887 I chatty  : uid=1000(system) Binder:1449_10 expire 8 lines
10-23 14:08:33.493  1449  2193 I chatty  : uid=1000(system) Binder:1449_8 expire 24 lines
10-23 14:08:33.536  1449  2279 I chatty  : uid=1000(system) Binder:1449_9 expire 12 lines
10-23 14:08:33.539  1449  1656 I chatty  : uid=1000(system) Binder:1449_3 expire 9 lines
10-23 14:08:33.548  1449  1475 I chatty  : uid=1000(system) Binder:1449_2 expire 30 lines
10-23 14:08:33.583  1449  4489 I chatty  : uid=1000(system) Binder:1449_13 expire 15 lines
10-23 14:08:33.591  1449  2388 I chatty  : uid=1000(system) Binder:1449_E expire 30 lines
10-23 14:08:33.626  1449  2886 I chatty  : uid=1000(system) Binder:1449_F expire 3 lines
10-23 14:08:33.635  1449  1474 I chatty  : uid=1000(system) Binder:1449_1 expire 12 lines
10-23 14:08:33.669  1449  2185 I chatty  : uid=1000(system) Binder:1449_7 expire 3 lines
10-23 14:08:33.679  1449  4487 I chatty  : uid=1000(system) Binder:1449_11 expire 26 lines
10-23 14:08:33.712  1449  4488 I chatty  : uid=1000(system) Binder:1449_12 expire 18 lines
10-23 14:08:33.895  1449  1657 I chatty  : uid=1000(system) Binder:1449_4 expire 12 lines
10-23 14:08:33.899  1449  2340 I chatty  : uid=1000(system) Binder:1449_C expire 12 lines
10-23 14:08:33.906  1449  4490 I chatty  : uid=1000(system) Binder:1449_14 expire 12 lines
10-23 14:08:33.921  1449  1918 I chatty  : uid=1000(system) Binder:1449_5 expire 12 lines
10-23 14:08:33.924  1449  2303 I chatty  : uid=1000(system) Binder:1449_B expire 12 lines
10-23 14:08:33.935  1449  2302 I chatty  : uid=1000(system) Binder:1449_A expire 6 lines
10-23 14:08:33.981  1449  2887 I chatty  : uid=1000(system) Binder:1449_10 expire 6 lines
10-23 14:08:33.985  1449  2347 I chatty  : uid=1000(system) Binder:1449_D expire 7 lines
10-23 14:08:33.989  1449  2886 I chatty  : uid=1000(system) Binder:1449_F expire 8 lines
10-23 14:08:33.994  1449  2185 I chatty  : uid=1000(system) Binder:1449_7 expire 6 lines
10-23 14:08:34.001  1449  4487 I chatty  : uid=1000(system) Binder:1449_11 expire 14 lines
10-23 14:08:34.004  1449  2193 I chatty  : uid=1000(system) Binder:1449_8 expire 8 lines
10-23 14:08:34.015  1449  1475 I chatty  : uid=1000(system) Binder:1449_2 expire 3 lines
10-23 14:08:34.034  1449  1918 I chatty  : uid=1000(system) Binder:1449_5 expire 7 lines
10-23 14:08:34.039  1449  2303 I chatty  : uid=1000(system) Binder:1449_B expire 14 lines
10-23 14:08:34.052  4549  4549 V Telecom : Logging: START_SESSION: UCA.oC@AB0
10-23 14:08:34.060  4549  4549 D Telecom : UserCallIntentProcessor: processOutgoingCallIntent videoState = 0: UCA.oC@AB0
10-23 14:08:34.061  4549  4549 D Telecom : UserCallIntentProcessor: Sending broadcast as user to CallReceiver: UCA.oC@AB0
10-23 14:08:34.062  1449  4488 I chatty  : uid=1000(system) Binder:1449_12 expire 6 lines
10-23 14:08:34.063  1449  1485 I chatty  : uid=1000(system) ActivityManager expire 34 lines
10-23 14:08:34.064  4549  4549 V Telecom : Logging: END_SUBSESSION (dur: 12 mS): UCA.oC@AB0
10-23 14:08:34.064  4549  4549 V Telecom : Logging: END_SESSION (dur: 12 ms): UCA.oC@AB0
10-23 14:08:34.068  1449  1449 I chatty  : uid=1000 system_server expire 88 lines
10-23 14:08:34.080  1449  2279 I chatty  : uid=1000(system) Binder:1449_9 expire 4 lines
10-23 14:08:34.089  1449  2340 I chatty  : uid=1000(system) Binder:1449_C expire 1 line
10-23 14:08:34.096  1449  1657 I chatty  : uid=1000(system) Binder:1449_4 expire 8 lines
10-23 14:08:34.106  1449  1951 I chatty  : uid=1000(system) uteStateMachine expire 7 lines
10-23 14:08:34.107  1449  1952 I chatty  : uid=1000(system) CallAudioModeSt expire 36 lines
10-23 14:08:34.207  1449  2388 I chatty  : uid=1000(system) Binder:1449_E expire 5 lines
10-23 14:08:34.215  1449  1474 I chatty  : uid=1000(system) Binder:1449_1 expire 2 lines
10-23 14:08:34.218  1449  4489 I chatty  : uid=1000(system) Binder:1449_13 expire 8 lines
10-23 14:08:34.259  1449  1952 I chatty  : uid=1000(system) CallAudioModeSt expire 34 lines
10-23 14:08:34.259  1449  1485 I chatty  : uid=1000(system) ActivityManager expire 54 lines
10-23 14:08:34.259  1449  1449 I chatty  : uid=1000 system_server expire 16 lines
10-23 14:08:34.264  1449  2193 I chatty  : uid=1000(system) Binder:1449_8 expire 9 lines
10-23 14:08:34.265  1449  4490 I chatty  : uid=1000(system) Binder:1449_14 expire 5 lines
10-23 14:08:34.265  1449  2347 I chatty  : uid=1000(system) Binder:1449_D expire 25 lines
10-23 14:08:34.269  1449  1656 I chatty  : uid=1000(system) Binder:1449_3 expire 5 lines
10-23 14:08:34.282  1449  1951 I chatty  : uid=1000(system) uteStateMachine expire 16 lines
10-23 14:08:34.283  1449  2388 I chatty  : uid=1000(system) Binder:1449_E expire 67 lines
10-23 14:08:34.285  1449  4488 I chatty  : uid=1000(system) Binder:1449_12 expire 10 lines
10-23 14:08:34.304  1449  2340 I chatty  : uid=1000(system) Binder:1449_C expire 4 lines
10-23 14:08:34.320  1449  2887 I chatty  : uid=1000(system) Binder:1449_10 expire 2 lines
10-23 14:08:34.390  1449  2302 I chatty  : uid=1000(system) Binder:1449_A expire 26 lines
10-23 14:08:34.403  1449  2388 I chatty  : uid=1000(system) Binder:1449_E expire 27 lines
10-23 14:08:34.403  1449  1951 I chatty  : uid=1000(system) uteStateMachine expire 6 lines
10-23 14:08:34.404  1449  4488 I chatty  : uid=1000(system) Binder:1449_12 expire 10 lines
10-23 14:08:34.404  1449  2886 I chatty  : uid=1000(system) Binder:1449_F expire 14 lines
10-23 14:08:34.417  1449  2193 I chatty  : uid=1000(system) Binder:1449_8 expire 18 lines
10-23 14:08:34.431  1449  1485 I chatty  : uid=1000(system) ActivityManager expire 5 lines
10-23 14:08:34.446  1449  2279 I chatty  : uid=1000(system) Binder:1449_9 expire 12 lines
10-23 14:08:34.449  1449  4490 I chatty  : uid=1000(system) Binder:1449_14 expire 6 lines
10-23 14:08:34.452  1449  1475 I chatty  : uid=1000(system) Binder:1449_2 expire 9 lines
10-23 14:08:34.474  1449  2044 I chatty  : uid=1000(system) Binder:1449_6 expire 20 lines
10-23 14:08:34.487  1449  2303 I chatty  : uid=1000(system) Binder:1449_B expire 7 lines
10-23 14:08:34.510  1449  2185 I chatty  : uid=1000(system) Binder:1449_7 expire 7 lines
10-23 14:08:34.532  1449  1474 I chatty  : uid=1000(system) Binder:1449_1 expire 18 lines
10-23 14:08:34.538  1449  4487 I chatty  : uid=1000(system) Binder:1449_11 expire 11 lines
10-23 14:08:34.551  1449  4489 I chatty  : uid=1000(system) Binder:1449_13 expire 6 lines
10-23 14:08:34.561  1449  1918 I chatty  : uid=1000(system) Binder:1449_5 expire 12 lines
10-23 14:08:34.569  1449  2347 I chatty  : uid=1000(system) Binder:1449_D expire 6 lines
